Component: ARM Compiler 5.06 update 7 (build 960) Tool: armlink [4d3601]

==============================================================================

Section Cross References

    adicup3029port.o(i.AD5940_ClrMCUIntFlag) refers to adicup3029port.o(.data) for .data
    adicup3029port.o(i.AD5940_CsClr) refers to adicup3029port.o(i.nrf_gpio_pin_clear) for nrf_gpio_pin_clear
    adicup3029port.o(i.AD5940_CsSet) refers to adicup3029port.o(i.nrf_gpio_pin_set) for nrf_gpio_pin_set
    adicup3029port.o(i.AD5940_GetMCUIntFlag) refers to adicup3029port.o(.data) for .data
    adicup3029port.o(i.AD5940_MCUResourceInit) refers to nrf_drv_spi.o(i.nrf_drv_spi_init) for nrf_drv_spi_init
    adicup3029port.o(i.AD5940_MCUResourceInit) refers to app_error.o(i.app_error_handler_bare) for app_error_handler_bare
    adicup3029port.o(i.AD5940_MCUResourceInit) refers to adicup3029port.o(.constdata) for .constdata
    adicup3029port.o(i.AD5940_MCUResourceInit) refers to adicup3029port.o(i.spi_event_handler) for spi_event_handler
    adicup3029port.o(i.AD5940_ReadWriteNBytes) refers to nrfx_spim.o(i.nrfx_spim_xfer) for nrfx_spim_xfer
    adicup3029port.o(i.AD5940_ReadWriteNBytes) refers to adicup3029port.o(.constdata) for .constdata
    adicup3029port.o(i.AD5940_ReadWriteNBytes) refers to adicup3029port.o(.data) for .data
    adicup3029port.o(i.AD5940_RstClr) refers to adicup3029port.o(i.nrf_gpio_pin_clear) for nrf_gpio_pin_clear
    adicup3029port.o(i.AD5940_RstSet) refers to adicup3029port.o(i.nrf_gpio_pin_set) for nrf_gpio_pin_set
    adicup3029port.o(i.Ext_Int0_Handler) refers to nrfx_spim.o(i.SPIM0_SPIS0_TWIM0_TWIS0_SPI0_TWI0_IRQHandler) for SPIM0_SPIS0_TWIM0_TWIS0_SPI0_TWI0_IRQHandler
    adicup3029port.o(i.nrf_gpio_pin_clear) refers to adicup3029port.o(i.nrf_gpio_pin_port_decode) for nrf_gpio_pin_port_decode
    adicup3029port.o(i.nrf_gpio_pin_set) refers to adicup3029port.o(i.nrf_gpio_pin_port_decode) for nrf_gpio_pin_port_decode
    adicup3029port.o(i.spi_event_handler) refers to nrf_log_frontend.o(i.nrf_log_frontend_std_0) for nrf_log_frontend_std_0
    adicup3029port.o(i.spi_event_handler) refers to strlen.o(.text) for strlen
    adicup3029port.o(i.spi_event_handler) refers to nrf_log_frontend.o(i.nrf_log_frontend_hexdump) for nrf_log_frontend_hexdump
    adicup3029port.o(i.spi_event_handler) refers to adicup3029port.o(.data) for .data
    adicup3029port.o(i.spi_event_handler) refers to nrf_log_frontend.o(log_const_data) for m_nrf_log_app_logs_data_const
    ad5940.o(i.AD5940_ADCBaseCfgS) refers to ad5940.o(i.AD5940_WriteReg) for AD5940_WriteReg
    ad5940.o(i.AD5940_ADCConvtCtrlS) refers to ad5940.o(i.AD5940_ReadReg) for AD5940_ReadReg
    ad5940.o(i.AD5940_ADCConvtCtrlS) refers to ad5940.o(i.AD5940_WriteReg) for AD5940_WriteReg
    ad5940.o(i.AD5940_ADCDigCompCfgS) refers to ad5940.o(i.AD5940_WriteReg) for AD5940_WriteReg
    ad5940.o(i.AD5940_ADCFilterCfgS) refers to ad5940.o(i.AD5940_ReadReg) for AD5940_ReadReg
    ad5940.o(i.AD5940_ADCFilterCfgS) refers to ad5940.o(i.AD5940_WriteReg) for AD5940_WriteReg
    ad5940.o(i.AD5940_ADCFilterCfgS) refers to ad5940.o(i.AD5940_AFECtrlS) for AD5940_AFECtrlS
    ad5940.o(i.AD5940_ADCMuxCfgS) refers to ad5940.o(i.AD5940_ReadReg) for AD5940_ReadReg
    ad5940.o(i.AD5940_ADCMuxCfgS) refers to ad5940.o(i.AD5940_WriteReg) for AD5940_WriteReg
    ad5940.o(i.AD5940_ADCPGACal) refers to ad5940.o(i.__AD5940_ReferenceON) for __AD5940_ReferenceON
    ad5940.o(i.AD5940_ADCPGACal) refers to ad5940.o(i.AD5940_ADCFilterCfgS) for AD5940_ADCFilterCfgS
    ad5940.o(i.AD5940_ADCPGACal) refers to ad5940.o(i.AD5940_AFECtrlS) for AD5940_AFECtrlS
    ad5940.o(i.AD5940_ADCPGACal) refers to adicup3029port.o(i.AD5940_Delay10us) for AD5940_Delay10us
    ad5940.o(i.AD5940_ADCPGACal) refers to ad5940.o(i.AD5940_INTCGetCfg) for AD5940_INTCGetCfg
    ad5940.o(i.AD5940_ADCPGACal) refers to ad5940.o(i.AD5940_INTCCfg) for AD5940_INTCCfg
    ad5940.o(i.AD5940_ADCPGACal) refers to ad5940.o(i.AD5940_WriteReg) for AD5940_WriteReg
    ad5940.o(i.AD5940_ADCPGACal) refers to ad5940.o(i.AD5940_ADCBaseCfgS) for AD5940_ADCBaseCfgS
    ad5940.o(i.AD5940_ADCPGACal) refers to ad5940.o(i.__AD5940_TakeMeasurement) for __AD5940_TakeMeasurement
    ad5940.o(i.AD5940_ADCPGACal) refers to ad5940.o(i.AD5940_ReadReg) for AD5940_ReadReg
    ad5940.o(i.AD5940_ADCPGACal) refers to ad5940.o(i.AD5940_HSLoopCfgS) for AD5940_HSLoopCfgS
    ad5940.o(i.AD5940_ADCPGACal) refers to ad5940.o(i.AD5940_ADCConvtCtrlS) for AD5940_ADCConvtCtrlS
    ad5940.o(i.AD5940_ADCPGACal) refers to ad5940.o(.constdata) for .constdata
    ad5940.o(i.AD5940_ADCPowerCtrlS) refers to ad5940.o(i.AD5940_ReadReg) for AD5940_ReadReg
    ad5940.o(i.AD5940_ADCPowerCtrlS) refers to ad5940.o(i.AD5940_WriteReg) for AD5940_WriteReg
    ad5940.o(i.AD5940_ADCRepeatCfgS) refers to ad5940.o(i.AD5940_WriteReg) for AD5940_WriteReg
    ad5940.o(i.AD5940_AFECtrlS) refers to ad5940.o(i.AD5940_ReadReg) for AD5940_ReadReg
[...]
    __tagsym$$used                           0x00006a10   Number         0  nrf_log_default_backends.o(log_backends)
    uart_log_backend                         0x00006a10   Data          16  nrf_log_default_backends.o(log_backends)
    log_const_data                           0x00006a20   Section        8  nrfx_gpiote.o(log_const_data)
    __tagsym$$used                           0x00006a20   Number         0  nrfx_gpiote.o(log_const_data)
    log_const_data                           0x00006a28   Section        8  nrfx_prs.o(log_const_data)
    __tagsym$$used                           0x00006a28   Number         0  nrfx_prs.o(log_const_data)
    log_const_data                           0x00006a30   Section        8  nrfx_spim.o(log_const_data)
    __tagsym$$used                           0x00006a30   Number         0  nrfx_spim.o(log_const_data)
    log_const_data                           0x00006a38   Section        8  nrfx_uart.o(log_const_data)
    __tagsym$$used                           0x00006a38   Number         0  nrfx_uart.o(log_const_data)
    log_const_data                           0x00006a40   Section        8  nrfx_uarte.o(log_const_data)
    __tagsym$$used                           0x00006a40   Number         0  nrfx_uarte.o(log_const_data)
    log_const_data                           0x00006a48   Section        8  app_button.o(log_const_data)
    __tagsym$$used                           0x00006a48   Number         0  app_button.o(log_const_data)
    log_const_data                           0x00006a50   Section        8  app_timer2.o(log_const_data)
    __tagsym$$used                           0x00006a50   Number         0  app_timer2.o(log_const_data)
    log_const_data                           0x00006a58   Section        8  nrf_sortlist.o(log_const_data)
    __tagsym$$used                           0x00006a58   Number         0  nrf_sortlist.o(log_const_data)
    log_const_data                           0x00006a60   Section        8  nrf_log_frontend.o(log_const_data)
    __tagsym$$used                           0x00006a60   Number         0  nrf_log_frontend.o(log_const_data)
    nrf_balloc                               0x00006a68   Section       20  nrf_log_frontend.o(nrf_balloc)
    __tagsym$$used                           0x00006a68   Number         0  nrf_log_frontend.o(nrf_balloc)
    .data                                    0x20000000   Section       23  adicup3029port.o(.data)
    spi_xfer_done                            0x20000000   Data           1  adicup3029port.o(.data)
    ucInterrupted                            0x20000004   Data           4  adicup3029port.o(.data)
    m_tx_buf                                 0x20000008   Data           7  adicup3029port.o(.data)
    m_rx_buf                                 0x2000000f   Data           8  adicup3029port.o(.data)
    .data                                    0x20000017   Section        1  ad5940.o(.data)
    bIsS2silicon                             0x20000017   Data           1  ad5940.o(.data)
    .data                                    0x20000018   Section       16  main.o(.data)
    spi_xfer_done                            0x20000018   Data           1  main.o(.data)
    m_tx_buf                                 0x20000019   Data           7  main.o(.data)
    m_rx_buf                                 0x20000020   Data           8  main.o(.data)
    .data                                    0x20000028   Section        4  ad5940main.o(.data)
    .data                                    0x2000002c   Section      160  amperometric.o(.data)
    .data                                    0x200000cc   Section       20  nrf_drv_uart.o(.data)
    m_handlers                               0x200000d0   Data           8  nrf_drv_uart.o(.data)
    m_contexts                               0x200000d8   Data           8  nrf_drv_uart.o(.data)
    .data                                    0x200000e0   Section        8  nrfx_prs.o(.data)
    m_prs_box_4                              0x200000e0   Data           8  nrfx_prs.o(.data)
    .data                                    0x200000e8   Section        4  app_util_platform.o(.data)
    m_in_critical_region                     0x200000e8   Data           4  app_util_platform.o(.data)
    .data                                    0x200000ec   Section       12  drv_rtc.o(.data)
    m_handlers                               0x200000ec   Data           4  drv_rtc.o(.data)
    m_cb                                     0x200000f0   Data           8  drv_rtc.o(.data)
    .data                                    0x200000f8   Section       24  nrf_log_backend_uart.o(.data)
    m_xfer_done                              0x200000f8   Data           1  nrf_log_backend_uart.o(.data)
    m_async_mode                             0x200000f9   Data           1  nrf_log_backend_uart.o(.data)
    .data                                    0x20000110   Section        8  nrf_log_default_backends.o(.data)
    log_backend_cb_uart_log_backend          0x20000110   Data           8  nrf_log_default_backends.o(.data)
    .data                                    0x20000118   Section        4  nrf_log_frontend.o(.data)
    m_buffer_mask                            0x20000118   Data           4  nrf_log_frontend.o(.data)
    .data                                    0x2000011c   Section        8  nrf_log_frontend.o(.data)
    log_mempool_nrf_balloc_pool_stack        0x2000011c   Data           8  nrf_log_frontend.o(.data)
    .data                                    0x20000124   Section        8  nrf_log_frontend.o(.data)
    log_mempool_nrf_balloc_cb                0x20000124   Data           8  nrf_log_frontend.o(.data)
    .data                                    0x2000012c   Section       64  nrf_log_str_formatter.o(.data)
    m_freq                                   0x2000012c   Data           4  nrf_log_str_formatter.o(.data)
    m_timestamp_div                          0x20000130   Data           4  nrf_log_str_formatter.o(.data)
    severity_names                           0x20000134   Data          20  nrf_log_str_formatter.o(.data)
    m_colors                                 0x20000148   Data          36  nrf_log_str_formatter.o(.data)
    .data                                    0x2000016c   Section        4  system_nrf52840.o(.data)
    __tagsym$$used                           0x2000016c   Number         0  system_nrf52840.o(.data)
    .data                                    0x20000170   Section        4  stdout.o(.data)
    .data                                    0x20000174   Section        4  errno.o(.data)
    _errno                                   0x20000174   Data           4  errno.o(.data)
    .bss                                     0x20000178   Section       28  ad5940.o(.bss)
    .bss                                     0x20000194   Section     4000  ad5940main.o(.bss)
    .bss                                     0x20001134   Section       32  nrf_drv_spi.o(.bss)
    m_handlers                               0x20001134   Data          16  nrf_drv_spi.o(.bss)
    m_contexts                               0x20001144   Data          16  nrf_drv_spi.o(.bss)
    .bss                                     0x20001154   Section      108  nrfx_gpiote.o(.bss)
    m_cb                                     0x20001154   Data         108  nrfx_gpiote.o(.bss)
    .bss                                     0x200011c0   Section       36  nrfx_spim.o(.bss)
    m_cb                                     0x200011c0   Data          36  nrfx_spim.o(.bss)
    .bss                                     0x200011e4   Section       44  nrfx_uart.o(.bss)
    m_cb                                     0x200011e4   Data          44  nrfx_uart.o(.bss)
    .bss                                     0x20001210   Section       36  nrfx_uarte.o(.bss)
    m_cb                                     0x20001210   Data          36  nrfx_uarte.o(.bss)
    .bss                                     0x20001234   Section       64  nrf_log_backend_uart.o(.bss)
    m_string_buff                            0x20001234   Data          64  nrf_log_backend_uart.o(.bss)
    .bss                                     0x20001274   Section      192  nrf_log_frontend.o(.bss)
    log_mempool_nrf_balloc_pool_mem          0x20001274   Data         192  nrf_log_frontend.o(.bss)
    .bss                                     0x20001334   Section     1056  nrf_log_frontend.o(.bss)
    m_log_data                               0x20001334   Data        1056  nrf_log_frontend.o(.bss)
    STACK                                    0x20001758   Section     8192  arm_startup_nrf52840.o(STACK)

    Global Symbols

    Symbol Name                              Value     Ov Type        Size  Object(Section)

    BuildAttributes$$THM_ISAv4$E$P$D$K$B$S$7EM$VFPi3$EXTD16$VFPS$VFMA$PE$A:L22UL41UL21$X:L11$S22US41US21$IEEE1$IW$USESV6$~STKCKD$USESV7$~SHL$OTIME$ROPI$IEEEX$EBA8$MICROLIB$REQ8$EABIv2 0x00000000   Number         0  anon$$obj.o ABSOLUTE
    __ARM_use_no_argv                        0x00000000   Number         0  main.o ABSOLUTE
    __Vectors                                0x00000000   Data           4  arm_startup_nrf52840.o(RESET)
    _printf_a                                0x00000000   Number         0  stubs.o ABSOLUTE
    _printf_c                                0x00000000   Number         0  stubs.o ABSOLUTE
    _printf_charcount                        0x00000000   Number         0  stubs.o ABSOLUTE
    _printf_d                                0x00000000   Number         0  stubs.o ABSOLUTE
    _printf_e                                0x00000000   Number         0  stubs.o ABSOLUTE
    _printf_f                                0x00000000   Number         0  stubs.o ABSOLUTE
    _printf_flags                            0x00000000   Number         0  stubs.o ABSOLUTE
    _printf_fp_dec                           0x00000000   Number         0  stubs.o ABSOLUTE
    _printf_fp_hex                           0x00000000   Number         0  stubs.o ABSOLUTE
    _printf_g                                0x00000000   Number         0  stubs.o ABSOLUTE
    _printf_i                                0x00000000   Number         0  stubs.o ABSOLUTE
    _printf_int_dec                          0x00000000   Number         0  stubs.o ABSOLUTE
    _printf_l                                0x00000000   Number         0  stubs.o ABSOLUTE
    _printf_lc                               0x00000000   Number         0  stubs.o ABSOLUTE
    _printf_ll                               0x00000000   Number         0  stubs.o ABSOLUTE
    _printf_lld                              0x00000000   Number         0  stubs.o ABSOLUTE
    _printf_lli                              0x00000000   Number         0  stubs.o ABSOLUTE
    _printf_llo                              0x00000000   Number         0  stubs.o ABSOLUTE
    _printf_llu                              0x00000000   Number         0  stubs.o ABSOLUTE
    _printf_llx                              0x00000000   Number         0  stubs.o ABSOLUTE
    _printf_longlong_dec                     0x00000000   Number         0  stubs.o ABSOLUTE
    _printf_longlong_hex                     0x00000000   Number         0  stubs.o ABSOLUTE
    _printf_longlong_oct                     0x00000000   Number         0  stubs.o ABSOLUTE
    _printf_ls                               0x00000000   Number         0  stubs.o ABSOLUTE
    _printf_mbtowc                           0x00000000   Number         0  stubs.o ABSOLUTE
    _printf_n                                0x00000000   Number         0  stubs.o ABSOLUTE
    _printf_o                                0x00000000   Number         0  stubs.o ABSOLUTE
    _printf_p                                0x00000000   Number         0  stubs.o ABSOLUTE
    _printf_percent                          0x00000000   Number         0  stubs.o ABSOLUTE
    _printf_pre_padding                      0x00000000   Number         0  stubs.o ABSOLUTE
    _printf_return_value                     0x00000000   Number         0  stubs.o ABSOLUTE
    _printf_s                                0x00000000   Number         0  stubs.o ABSOLUTE
    _printf_sizespec                         0x00000000   Number         0  stubs.o ABSOLUTE
    _printf_str                              0x00000000   Number         0  stubs.o ABSOLUTE
    _printf_truncate_signed                  0x00000000   Number         0  stubs.o ABSOLUTE
    _printf_truncate_unsigned                0x00000000   Number         0  stubs.o ABSOLUTE
    _printf_u                                0x00000000   Number         0  stubs.o ABSOLUTE
    _printf_wc                               0x00000000   Number         0  stubs.o ABSOLUTE
    _printf_wctomb                           0x00000000   Number         0  stubs.o ABSOLUTE
    _printf_widthprec                        0x00000000   Number         0  stubs.o ABSOLUTE
    _printf_x                                0x00000000   Number         0  stubs.o ABSOLUTE
    __arm_fini_                               - Undefined Weak Reference
    __cpp_initialize__aeabi_                  - Undefined Weak Reference
    __cxa_finalize                            - Undefined Weak Reference
    _clock_init                               - Undefined Weak Reference
    _microlib_exit                            - Undefined Weak Reference
    log_dynamic_data$$Base                    - Undefined Reference
    __Vectors_End                            0x00000200   Data           0  arm_startup_nrf52840.o(RESET)
    __Vectors_Size                           0x00000200   Number         0  arm_startup_nrf52840.o ABSOLUTE
    __main                                   0x00000201   Thumb Code     0  entry.o(.ARM.Collect$$$$00000000)
    _main_stk                                0x00000201   Thumb Code     0  entry2.o(.ARM.Collect$$$$00000001)
    _main_scatterload                        0x00000205   Thumb Code     0  entry5.o(.ARM.Collect$$$$00000004)
    __main_after_scatterload                 0x00000209   Thumb Code     0  entry5.o(.ARM.Collect$$$$00000004)
    _main_clock                              0x00000209   Thumb Code     0  entry7b.o(.ARM.Collect$$$$00000008)
    _main_cpp_init                           0x00000209   Thumb Code     0  entry8b.o(.ARM.Collect$$$$0000000A)
    _main_init                               0x00000209   Thumb Code     0  entry9a.o(.ARM.Collect$$$$0000000B)
    __rt_lib_shutdown_fini                   0x00000211   Thumb Code     0  entry12b.o(.ARM.Collect$$$$0000000E)
    __rt_final_cpp                           0x00000215   Thumb Code     0  entry10a.o(.ARM.Collect$$$$0000000F)
    __rt_final_exit                          0x00000215   Thumb Code     0  entry11a.o(.ARM.Collect$$$$00000011)
    __asm___12_nrf_atomic_c_85ca2469__nrf_atomic_internal_mov 0x00000219   Thumb Code    24  nrf_atomic.o(.emb_text)
    __asm___12_nrf_atomic_c_85ca2469__nrf_atomic_internal_orr 0x00000231   Thumb Code    26  nrf_atomic.o(.emb_text)
    __asm___12_nrf_atomic_c_85ca2469__nrf_atomic_internal_and 0x0000024b   Thumb Code    26  nrf_atomic.o(.emb_text)
    __asm___12_nrf_atomic_c_85ca2469__nrf_atomic_internal_eor 0x00000265   Thumb Code    26  nrf_atomic.o(.emb_text)
    __asm___12_nrf_atomic_c_85ca2469__nrf_atomic_internal_add 0x0000027f   Thumb Code    26  nrf_atomic.o(.emb_text)
    __asm___12_nrf_atomic_c_85ca2469__nrf_atomic_internal_sub 0x00000299   Thumb Code    26  nrf_atomic.o(.emb_text)
    __asm___12_nrf_atomic_c_85ca2469__nrf_atomic_internal_cmp_exch 0x000002b3   Thumb Code    42  nrf_atomic.o(.emb_text)
    __asm___12_nrf_atomic_c_85ca2469__nrf_atomic_internal_sub_hs 0x000002dd   Thumb Code    30  nrf_atomic.o(.emb_text)
    Reset_Handler                            0x000002fd   Thumb Code     8  arm_startup_nrf52840.o(.text)
    NMI_Handler                              0x00000305   Thumb Code     2  arm_startup_nrf52840.o(.text)
    HardFault_Handler                        0x00000307   Thumb Code     2  arm_startup_nrf52840.o(.text)
    MemoryManagement_Handler                 0x00000309   Thumb Code     2  arm_startup_nrf52840.o(.text)
    BusFault_Handler                         0x0000030b   Thumb Code     2  arm_startup_nrf52840.o(.text)
    UsageFault_Handler                       0x0000030d   Thumb Code     2  arm_startup_nrf52840.o(.text)
    SVC_Handler                              0x0000030f   Thumb Code     2  arm_startup_nrf52840.o(.text)
    DebugMon_Handler                         0x00000311   Thumb Code     2  arm_startup_nrf52840.o(.text)
    PendSV_Handler                           0x00000313   Thumb Code     2  arm_startup_nrf52840.o(.text)
    SysTick_Handler                          0x00000315   Thumb Code     2  arm_startup_nrf52840.o(.text)
    CCM_AAR_IRQHandler                       0x00000317   Thumb Code     0  arm_startup_nrf52840.o(.text)
    COMP_LPCOMP_IRQHandler                   0x00000317   Thumb Code     0  arm_startup_nrf52840.o(.text)
    CRYPTOCELL_IRQHandler                    0x00000317   Thumb Code     0  arm_startup_nrf52840.o(.text)
    ECB_IRQHandler                           0x00000317   Thumb Code     0  arm_startup_nrf52840.o(.text)
    FPU_IRQHandler                           0x00000317   Thumb Code     0  arm_startup_nrf52840.o(.text)
    I2S_IRQHandler                           0x00000317   Thumb Code     0  arm_startup_nrf52840.o(.text)
    MWU_IRQHandler                           0x00000317   Thumb Code     0  arm_startup_nrf52840.o(.text)
    NFCT_IRQHandler                          0x00000317   Thumb Code     0  arm_startup_nrf52840.o(.text)
    PDM_IRQHandler                           0x00000317   Thumb Code     0  arm_startup_nrf52840.o(.text)
    POWER_CLOCK_IRQHandler                   0x00000317   Thumb Code     0  arm_startup_nrf52840.o(.text)
    PWM0_IRQHandler                          0x00000317   Thumb Code     0  arm_startup_nrf52840.o(.text)
    PWM1_IRQHandler                          0x00000317   Thumb Code     0  arm_startup_nrf52840.o(.text)
    PWM2_IRQHandler                          0x00000317   Thumb Code     0  arm_startup_nrf52840.o(.text)
    PWM3_IRQHandler                          0x00000317   Thumb Code     0  arm_startup_nrf52840.o(.text)
    QDEC_IRQHandler                          0x00000317   Thumb Code     0  arm_startup_nrf52840.o(.text)
    QSPI_IRQHandler                          0x00000317   Thumb Code     0  arm_startup_nrf52840.o(.text)
    RADIO_IRQHandler                         0x00000317   Thumb Code     0  arm_startup_nrf52840.o(.text)
    RNG_IRQHandler                           0x00000317   Thumb Code     0  arm_startup_nrf52840.o(.text)
    RTC0_IRQHandler                          0x00000317   Thumb Code     0  arm_startup_nrf52840.o(.text)
    RTC2_IRQHandler                          0x00000317   Thumb Code     0  arm_startup_nrf52840.o(.text)
    SAADC_IRQHandler                         0x00000317   Thumb Code     0  arm_startup_nrf52840.o(.text)
    SPIM1_SPIS1_TWIM1_TWIS1_SPI1_TWI1_IRQHandler 0x00000317   Thumb Code     0  arm_startup_nrf52840.o(.text)
    SPIM2_SPIS2_SPI2_IRQHandler              0x00000317   Thumb Code     0  arm_startup_nrf52840.o(.text)
    SPIM3_IRQHandler                         0x00000317   Thumb Code     0  arm_startup_nrf52840.o(.text)
    SWI0_EGU0_IRQHandler                     0x00000317   Thumb Code     0  arm_startup_nrf52840.o(.text)
    SWI1_EGU1_IRQHandler                     0x00000317   Thumb Code     0  arm_startup_nrf52840.o(.text)
    SWI2_EGU2_IRQHandler                     0x00000317   Thumb Code     0  arm_startup_nrf52840.o(.text)
    SWI3_EGU3_IRQHandler                     0x00000317   Thumb Code     0  arm_startup_nrf52840.o(.text)
    SWI4_EGU4_IRQHandler                     0x00000317   Thumb Code     0  arm_startup_nrf52840.o(.text)
    SWI5_EGU5_IRQHandler                     0x00000317   Thumb Code     0  arm_startup_nrf52840.o(.text)
    TEMP_IRQHandler                          0x00000317   Thumb Code     0  arm_startup_nrf52840.o(.text)
    TIMER0_IRQHandler                        0x00000317   Thumb Code     0  arm_startup_nrf52840.o(.text)
    TIMER1_IRQHandler                        0x00000317   Thumb Code     0  arm_startup_nrf52840.o(.text)
    TIMER2_IRQHandler                        0x00000317   Thumb Code     0  arm_startup_nrf52840.o(.text)
    TIMER3_IRQHandler                        0x00000317   Thumb Code     0  arm_startup_nrf52840.o(.text)
    TIMER4_IRQHandler                        0x00000317   Thumb Code     0  arm_startup_nrf52840.o(.text)
    UARTE1_IRQHandler                        0x00000317   Thumb Code     0  arm_startup_nrf52840.o(.text)
    USBD_IRQHandler                          0x00000317   Thumb Code     0  arm_startup_nrf52840.o(.text)
    WDT_IRQHandler                           0x00000317   Thumb Code     0  arm_startup_nrf52840.o(.text)
    __aeabi_uldivmod                         0x00000321   Thumb Code    98  uldiv.o(.text)
    __aeabi_llsl                             0x00000383   Thumb Code    30  llshl.o(.text)
    _ll_shift_l                              0x00000383   Thumb Code     0  llshl.o(.text)
    __rt_ctype_table                         0x000003a1   Thumb Code     4  ctype_o.o(.text)
    __aeabi_memcpy                           0x000003a9   Thumb Code    36  memcpya.o(.text)
    __aeabi_memcpy4                          0x000003a9   Thumb Code     0  memcpya.o(.text)
    __aeabi_memcpy8                          0x000003a9   Thumb Code     0  memcpya.o(.text)
    __aeabi_memset                           0x000003cd   Thumb Code    14  memseta.o(.text)
    __aeabi_memset4                          0x000003cd   Thumb Code     0  memseta.o(.text)
    __aeabi_memset8                          0x000003cd   Thumb Code     0  memseta.o(.text)
    __aeabi_memclr                           0x000003db   Thumb Code     4  memseta.o(.text)
    __aeabi_memclr4                          0x000003db   Thumb Code     0  memseta.o(.text)
    __aeabi_memclr8                          0x000003db   Thumb Code     0  memseta.o(.text)
    _memset$wrapper                          0x000003df   Thumb Code    18  memseta.o(.text)
    strlen                                   0x000003f1   Thumb Code    14  strlen.o(.text)
    __aeabi_dadd                             0x000003ff   Thumb Code   322  dadd.o(.text)
    __aeabi_dsub                             0x00000541   Thumb Code     6  dadd.o(.text)
    __aeabi_drsub                            0x00000547   Thumb Code     6  dadd.o(.text)
    __aeabi_dmul                             0x0000054d   Thumb Code   228  dmul.o(.text)
    __aeabi_ddiv                             0x00000631   Thumb Code   222  ddiv.o(.text)
    __aeabi_l2f                              0x0000070f   Thumb Code    44  ffltl.o(.text)
    __aeabi_ui2d                             0x0000073b   Thumb Code    26  dfltui.o(.text)
    __aeabi_f2d                              0x00000755   Thumb Code    38  f2d.o(.text)
    __aeabi_d2f                              0x0000077b   Thumb Code    56  d2f.o(.text)
    __aeabi_uidiv                            0x000007b3   Thumb Code     0  uidiv.o(.text)
    __aeabi_uidivmod                         0x000007b3   Thumb Code    44  uidiv.o(.text)
    __aeabi_llsr                             0x000007df   Thumb Code    32  llushr.o(.text)
    _ll_ushift_r                             0x000007df   Thumb Code     0  llushr.o(.text)
    __aeabi_lasr                             0x000007ff   Thumb Code    36  llsshr.o(.text)
    _ll_sshift_r                             0x000007ff   Thumb Code     0  llsshr.o(.text)
    __I$use$fp                               0x00000823   Thumb Code     0  iusefp.o(.text)
    _float_round                             0x00000823   Thumb Code    18  fepilogue.o(.text)
    _float_epilogue                          0x00000835   Thumb Code    92  fepilogue.o(.text)
    _double_round                            0x00000891   Thumb Code    30  depilogue.o(.text)
    _double_epilogue                         0x000008af   Thumb Code   156  depilogue.o(.text)
    _dsqrt                                   0x0000094b   Thumb Code   162  dsqrt.o(.text)
    __aeabi_d2ulz                            0x000009ed   Thumb Code    48  dfixul.o(.text)
    __aeabi_cdcmpeq                          0x00000a1d   Thumb Code     0  cdcmple.o(.text)
    __aeabi_cdcmple                          0x00000a1d   Thumb Code    48  cdcmple.o(.text)
    __aeabi_cdrcmple                         0x00000a4d   Thumb Code    48  cdrcmple.o(.text)
    __scatterload                            0x00000a7d   Thumb Code    28  init.o(.text)
    __scatterload_rt2                        0x00000a7d   Thumb Code     0  init.o(.text)
    __I$use$semihosting$fputc                0x00000aa1   Thumb Code     0  iusesemip.o(.text)
    __decompress                             0x00000aa1   Thumb Code     0  __dczerorl2.o(.text)
    __decompress1                            0x00000aa1   Thumb Code    86  __dczerorl2.o(.text)
    __semihosting_library_function           0x00000aa1   Thumb Code     0  semi.o(.text)
    AD5940AMPStructInit                      0x00000af9   Thumb Code    88  ad5940main.o(i.AD5940AMPStructInit)
    AD5940_ADCBaseCfgS                       0x00000c59   Thumb Code    22  ad5940.o(i.AD5940_ADCBaseCfgS)
    AD5940_ADCDigCompCfgS                    0x00000c6f   Thumb Code    48  ad5940.o(i.AD5940_ADCDigCompCfgS)
    AD5940_ADCFilterCfgS                     0x00000c9f   Thumb Code    86  ad5940.o(i.AD5940_ADCFilterCfgS)
    AD5940_AFECtrlS                          0x00000cf5   Thumb Code    90  ad5940.o(i.AD5940_AFECtrlS)
    AD5940_AFEPwrBW                          0x00000d4f   Thumb Code    12  ad5940.o(i.AD5940_AFEPwrBW)
    AD5940_AGPIOCfg                          0x00000d5b   Thumb Code    40  ad5940.o(i.AD5940_AGPIOCfg)
    AD5940_AGPIOFuncCfg                      0x00000d83   Thumb Code     8  ad5940.o(i.AD5940_AGPIOFuncCfg)
    AD5940_AGPIOIen                          0x00000d8b   Thumb Code     8  ad5940.o(i.AD5940_AGPIOIen)
    AD5940_AGPIOOen                          0x00000d93   Thumb Code     8  ad5940.o(i.AD5940_AGPIOOen)
    AD5940_AGPIOPen                          0x00000d9b   Thumb Code     8  ad5940.o(i.AD5940_AGPIOPen)
    AD5940_CLKCfg                            0x00000da3   Thumb Code   236  ad5940.o(i.AD5940_CLKCfg)
    AD5940_ClksCalculate                     0x00000e91   Thumb Code   366  ad5940.o(i.AD5940_ClksCalculate)
    AD5940_ClrMCUIntFlag                     0x00001005   Thumb Code    10  adicup3029port.o(i.AD5940_ClrMCUIntFlag)
    AD5940_ComplexDivInt                     0x00001015   Thumb Code    94  ad5940.o(i.AD5940_ComplexDivInt)
    AD5940_ComplexMag                        0x00001073   Thumb Code    48  ad5940.o(i.AD5940_ComplexMag)
    AD5940_ComplexPhase                      0x000010a3   Thumb Code    58  ad5940.o(i.AD5940_ComplexPhase)
    AD5940_CsClr                             0x000010dd   Thumb Code     6  adicup3029port.o(i.AD5940_CsClr)
    AD5940_CsSet                             0x000010e3   Thumb Code     6  adicup3029port.o(i.AD5940_CsSet)
    AD5940_DFTCfgS                           0x000010e9   Thumb Code    80  ad5940.o(i.AD5940_DFTCfgS)
    AD5940_DSPCfgS                           0x00001139   Thumb Code    44  ad5940.o(i.AD5940_DSPCfgS)
    AD5940_Delay10us                         0x00001165   Thumb Code    62  adicup3029port.o(i.AD5940_Delay10us)
    AD5940_EnterSleepS                       0x000011a9   Thumb Code    26  ad5940.o(i.AD5940_EnterSleepS)
    AD5940_FIFOCfg                           0x000011c3   Thumb Code    86  ad5940.o(i.AD5940_FIFOCfg)
    AD5940_FIFOCtrlS                         0x00001219   Thumb Code    20  ad5940.o(i.AD5940_FIFOCtrlS)
    AD5940_FIFOGetCnt                        0x0000122d   Thumb Code    14  ad5940.o(i.AD5940_FIFOGetCnt)
    AD5940_FIFORd                            0x0000123b   Thumb Code   154  ad5940.o(i.AD5940_FIFORd)
    AD5940_GetMCUIntFlag                     0x000012d5   Thumb Code     6  adicup3029port.o(i.AD5940_GetMCUIntFlag)
    AD5940_HFOSC32MHzCtrl                    0x000012e1   Thumb Code   120  ad5940.o(i.AD5940_HFOSC32MHzCtrl)
    AD5940_HSDacCfgS                         0x00001359   Thumb Code    34  ad5940.o(i.AD5940_HSDacCfgS)
    AD5940_HSLoopCfgS                        0x0000137b   Thumb Code    36  ad5940.o(i.AD5940_HSLoopCfgS)
    AD5940_HSTIACfgS                         0x000013a1   Thumb Code   134  ad5940.o(i.AD5940_HSTIACfgS)
    AD5940_HWReset                           0x0000142d   Thumb Code    28  ad5940.o(i.AD5940_HWReset)
    AD5940_INTCCfg                           0x00001449   Thumb Code    44  ad5940.o(i.AD5940_INTCCfg)
    AD5940_INTCClrFlag                       0x00001475   Thumb Code    10  ad5940.o(i.AD5940_INTCClrFlag)
    AD5940_INTCGetCfg                        0x00001481   Thumb Code    18  ad5940.o(i.AD5940_INTCGetCfg)
    AD5940_INTCTestFlag                      0x00001495   Thumb Code    30  ad5940.o(i.AD5940_INTCTestFlag)
    AD5940_Initialize                        0x000014b5   Thumb Code   100  ad5940.o(i.AD5940_Initialize)
    AD5940_LFOSCMeasure                      0x00001525   Thumb Code   386  ad5940.o(i.AD5940_LFOSCMeasure)
    AD5940_LPAMPCfgS                         0x000016b1   Thumb Code    96  ad5940.o(i.AD5940_LPAMPCfgS)
    AD5940_LPDAC0WriteS                      0x00001711   Thumb Code    20  ad5940.o(i.AD5940_LPDAC0WriteS)
    AD5940_LPDAC1WriteS                      0x00001725   Thumb Code    20  ad5940.o(i.AD5940_LPDAC1WriteS)
    AD5940_LPDACCfgS                         0x00001739   Thumb Code   108  ad5940.o(i.AD5940_LPDACCfgS)
    AD5940_LPLoopCfgS                        0x000017a5   Thumb Code    20  ad5940.o(i.AD5940_LPLoopCfgS)
    AD5940_LPRtiaCal                         0x000017b9   Thumb Code  1580  ad5940.o(i.AD5940_LPRtiaCal)
    AD5940_MCUResourceInit                   0x00001de9   Thumb Code    60  adicup3029port.o(i.AD5940_MCUResourceInit)
    AD5940_Main                              0x00001e2d   Thumb Code    60  ad5940main.o(i.AD5940_Main)
    AD5940_Notch50HzAvailable                0x00001e6d   Thumb Code   158  ad5940.o(i.AD5940_Notch50HzAvailable)
    AD5940_Notch60HzAvailable                0x00001f35   Thumb Code   142  ad5940.o(i.AD5940_Notch60HzAvailable)
    AD5940_REFCfgS                           0x00001fe5   Thumb Code   168  ad5940.o(i.AD5940_REFCfgS)
    AD5940_ReadAfeResult                     0x0000208d   Thumb Code    66  ad5940.o(i.AD5940_ReadAfeResult)
    AD5940_ReadReg                           0x000020d1   Thumb Code    60  ad5940.o(i.AD5940_ReadReg)
    AD5940_ReadWriteNBytes                   0x00002181   Thumb Code    26  adicup3029port.o(i.AD5940_ReadWriteNBytes)
    AD5940_RstClr                            0x000021a5   Thumb Code     6  adicup3029port.o(i.AD5940_RstClr)
    AD5940_RstSet                            0x000021ab   Thumb Code     6  adicup3029port.o(i.AD5940_RstSet)
    AD5940_SEQCfg                            0x000021b1   Thumb Code   112  ad5940.o(i.AD5940_SEQCfg)
    AD5940_SEQCmdWrite                       0x00002221   Thumb Code    46  ad5940.o(i.AD5940_SEQCmdWrite)
    AD5940_SEQCtrlS                          0x0000224f   Thumb Code    38  ad5940.o(i.AD5940_SEQCtrlS)
    AD5940_SEQGenCtrl                        0x00002275   Thumb Code    20  ad5940.o(i.AD5940_SEQGenCtrl)
    AD5940_SEQGenFetchSeq                    0x0000228d   Thumb Code    18  ad5940.o(i.AD5940_SEQGenFetchSeq)
    AD5940_SEQGenInit                        0x000022a5   Thumb Code    30  ad5940.o(i.AD5940_SEQGenInit)
    AD5940_SEQGenInsert                      0x000022c9   Thumb Code    38  ad5940.o(i.AD5940_SEQGenInsert)
    AD5940_SEQGetCfg                         0x00002325   Thumb Code    54  ad5940.o(i.AD5940_SEQGetCfg)
    AD5940_SEQGpioCtrlS                      0x0000235b   Thumb Code    10  ad5940.o(i.AD5940_SEQGpioCtrlS)
    AD5940_SEQInfoCfg                        0x00002365   Thumb Code   102  ad5940.o(i.AD5940_SEQInfoCfg)
    AD5940_SEQMmrTrig                        0x000023cb   Thumb Code    18  ad5940.o(i.AD5940_SEQMmrTrig)
    AD5940_SEQTimeOutRd                      0x00002415   Thumb Code     8  ad5940.o(i.AD5940_SEQTimeOutRd)
    AD5940_SWMatrixCfgS                      0x000024b9   Thumb Code    60  ad5940.o(i.AD5940_SWMatrixCfgS)
    AD5940_SleepKeyCtrlS                     0x000024f5   Thumb Code    10  ad5940.o(i.AD5940_SleepKeyCtrlS)
    AD5940_StatisticCfgS                     0x000024ff   Thumb Code    30  ad5940.o(i.AD5940_StatisticCfgS)
    AD5940_StructInit                        0x0000251d   Thumb Code     4  ad5940.o(i.AD5940_StructInit)
    AD5940_WGCfgS                            0x00002521   Thumb Code   160  ad5940.o(i.AD5940_WGCfgS)
    AD5940_WGDACCodeS                        0x000025c1   Thumb Code    18  ad5940.o(i.AD5940_WGDACCodeS)
    AD5940_WGFreqWordCal                     0x000025d5   Thumb Code   118  ad5940.o(i.AD5940_WGFreqWordCal)
    AD5940_WUPTCfg                           0x00002655   Thumb Code   340  ad5940.o(i.AD5940_WUPTCfg)
    AD5940_WUPTCtrl                          0x000027a9   Thumb Code    38  ad5940.o(i.AD5940_WUPTCtrl)
    AD5940_WUPTTime                          0x000027cf   Thumb Code   190  ad5940.o(i.AD5940_WUPTTime)
    AD5940_WakeUp                            0x0000288d   Thumb Code    42  ad5940.o(i.AD5940_WakeUp)
    AD5940_WriteReg                          0x000028b9   Thumb Code    86  ad5940.o(i.AD5940_WriteReg)
    AMPShowResult                            0x00002915   Thumb Code    46  ad5940main.o(i.AMPShowResult)
    AppAMPCalcCurrent                        0x0000295d   Thumb Code    26  amperometric.o(i.AppAMPCalcCurrent)
    AppAMPCalcVoltage                        0x00002981   Thumb Code   136  amperometric.o(i.AppAMPCalcVoltage)
    AppAMPCtrl                               0x00002a19   Thumb Code   170  amperometric.o(i.AppAMPCtrl)
    AppAMPGetCfg                             0x00002ac9   Thumb Code    16  amperometric.o(i.AppAMPGetCfg)
    AppAMPISR                                0x00002add   Thumb Code   156  amperometric.o(i.AppAMPISR)
    AppAMPInit                               0x00002b81   Thumb Code   272  amperometric.o(i.AppAMPInit)
    GPIOTE_IRQHandler                        0x00002f69   Thumb Code   156  nrfx_gpiote.o(i.GPIOTE_IRQHandler)
    RTC1_IRQHandler                          0x0000300d   Thumb Code    12  drv_rtc.o(i.RTC1_IRQHandler)
    SPIM0_SPIS0_TWIM0_TWIS0_SPI0_TWI0_IRQHandler 0x0000301d   Thumb Code    76  nrfx_spim.o(i.SPIM0_SPIS0_TWIM0_TWIS0_SPI0_TWI0_IRQHandler)
    SystemInit                               0x00003071   Thumb Code   406  system_nrf52840.o(i.SystemInit)
    UARTE0_UART0_IRQHandler                  0x00003245   Thumb Code     6  nrfx_prs.o(i.UARTE0_UART0_IRQHandler)
    __0printf                                0x00003251   Thumb Code    22  printfa.o(i.__0printf)
    __1printf                                0x00003251   Thumb Code     0  printfa.o(i.__0printf)
    __2printf                                0x00003251   Thumb Code     0  printfa.o(i.__0printf)
    __c89printf                              0x00003251   Thumb Code     0  printfa.o(i.__0printf)
    printf                                   0x00003251   Thumb Code     0  printfa.o(i.__0printf)
    __ARM_fpclassify                         0x00003301   Thumb Code    48  fpclassify.o(i.__ARM_fpclassify)
    __hardfp_atan                            0x00003331   Thumb Code   622  atan.o(i.__hardfp_atan)
    __hardfp_atan2                           0x00003609   Thumb Code   448  atan2.o(i.__hardfp_atan2)
    __hardfp_sqrt                            0x00003809   Thumb Code   122  sqrt.o(i.__hardfp_sqrt)
    __kernel_poly                            0x00003883   Thumb Code   248  poly.o(i.__kernel_poly)
    __mathlib_dbl_infnan                     0x0000397b   Thumb Code    20  dunder.o(i.__mathlib_dbl_infnan)
    __mathlib_dbl_infnan2                    0x0000398f   Thumb Code    20  dunder.o(i.__mathlib_dbl_infnan2)
    __mathlib_dbl_underflow                  0x000039a9   Thumb Code    24  dunder.o(i.__mathlib_dbl_underflow)
    __scatterload_copy                       0x000039c9   Thumb Code    14  handlers.o(i.__scatterload_copy)
    __scatterload_null                       0x000039d7   Thumb Code     2  handlers.o(i.__scatterload_null)
    __scatterload_zeroinit                   0x000039d9   Thumb Code    14  handlers.o(i.__scatterload_zeroinit)
    __set_errno                              0x000039e9   Thumb Code     6  errno.o(i.__set_errno)
    app_error_fault_handler                  0x0000429d   Thumb Code    86  app_error_weak.o(i.app_error_fault_handler)
    app_error_handler_bare                   0x00004321   Thumb Code    22  app_error.o(i.app_error_handler_bare)
    app_util_critical_region_enter           0x00004337   Thumb Code     4  app_util_platform.o(i.app_util_critical_region_enter)
    app_util_critical_region_exit            0x0000433b   Thumb Code     4  app_util_platform.o(i.app_util_critical_region_exit)
    app_util_disable_irq                     0x00004341   Thumb Code    12  app_util_platform.o(i.app_util_disable_irq)
    app_util_enable_irq                      0x00004351   Thumb Code    14  app_util_platform.o(i.app_util_enable_irq)
    atan                                     0x00004451   Thumb Code    16  atan.o(i.atan)
    bsp_board_led_invert                     0x00004461   Thumb Code    40  boards.o(i.bsp_board_led_invert)
    buffer_is_empty                          0x00004549   Thumb Code    18  nrf_log_frontend.o(i.buffer_is_empty)
    fabs                                     0x00004585   Thumb Code    24  fabs.o(i.fabs)
    fputc                                    0x0000459d   Thumb Code    18  fputc.o(i.fputc)
    main                                     0x000047b9   Thumb Code   130  main.o(i.main)
    nrf_atomic_flag_clear_fetch              0x00004915   Thumb Code     6  nrf_atomic.o(i.nrf_atomic_flag_clear_fetch)
    nrf_atomic_flag_set                      0x0000491b   Thumb Code     6  nrf_atomic.o(i.nrf_atomic_flag_set)
    nrf_atomic_u32_add                       0x00004921   Thumb Code    12  nrf_atomic.o(i.nrf_atomic_u32_add)
    nrf_atomic_u32_fetch_and                 0x0000492d   Thumb Code    10  nrf_atomic.o(i.nrf_atomic_u32_fetch_and)
    nrf_atomic_u32_fetch_store               0x00004937   Thumb Code    10  nrf_atomic.o(i.nrf_atomic_u32_fetch_store)
    nrf_atomic_u32_or                        0x00004941   Thumb Code    12  nrf_atomic.o(i.nrf_atomic_u32_or)
    nrf_atomic_u32_sub                       0x0000494d   Thumb Code    12  nrf_atomic.o(i.nrf_atomic_u32_sub)
    nrf_balloc_alloc                         0x00004959   Thumb Code    62  nrf_balloc.o(i.nrf_balloc_alloc)
    nrf_balloc_free                          0x00004997   Thumb Code    42  nrf_balloc.o(i.nrf_balloc_free)
    nrf_drv_spi_init                         0x000049d1   Thumb Code    98  nrf_drv_spi.o(i.nrf_drv_spi_init)
    nrf_drv_uart_init                        0x00004a41   Thumb Code    90  nrf_drv_uart.o(i.nrf_drv_uart_init)
    nrf_fprintf                              0x00004aa9   Thumb Code    26  nrf_fprintf.o(i.nrf_fprintf)
    nrf_fprintf_buffer_flush                 0x00004ac3   Thumb Code    24  nrf_fprintf.o(i.nrf_fprintf_buffer_flush)
    nrf_fprintf_fmt                          0x00004adb   Thumb Code   474  nrf_fprintf_format.o(i.nrf_fprintf_fmt)
    nrf_log_backend_serial_put               0x00004f75   Thumb Code   194  nrf_log_backend_serial.o(i.nrf_log_backend_serial_put)
    nrf_log_color_id_get                     0x0000507d   Thumb Code    42  nrf_log_frontend.o(i.nrf_log_color_id_get)
    nrf_log_frontend_dequeue                 0x000050ad   Thumb Code   518  nrf_log_frontend.o(i.nrf_log_frontend_dequeue)
    nrf_log_frontend_hexdump                 0x000052dd   Thumb Code   160  nrf_log_frontend.o(i.nrf_log_frontend_hexdump)
    nrf_log_frontend_std_0                   0x00005385   Thumb Code     8  nrf_log_frontend.o(i.nrf_log_frontend_std_0)
    nrf_log_hexdump_entry_process            0x0000538d   Thumb Code   150  nrf_log_str_formatter.o(i.nrf_log_hexdump_entry_process)
    nrf_log_module_cnt_get                   0x0000543d   Thumb Code    10  nrf_log_frontend.o(i.nrf_log_module_cnt_get)
    nrf_log_module_name_get                  0x00005451   Thumb Code    24  nrf_log_frontend.o(i.nrf_log_module_name_get)
    nrf_log_panic                            0x0000546d   Thumb Code    36  nrf_log_frontend.o(i.nrf_log_panic)
    nrf_log_std_entry_process                0x00005495   Thumb Code   182  nrf_log_str_formatter.o(i.nrf_log_std_entry_process)
    nrf_memobj_alloc                         0x0000554b   Thumb Code    96  nrf_memobj.o(i.nrf_memobj_alloc)
    nrf_memobj_free                          0x000055ab   Thumb Code    50  nrf_memobj.o(i.nrf_memobj_free)
    nrf_memobj_get                           0x000055dd   Thumb Code     8  nrf_memobj.o(i.nrf_memobj_get)
    nrf_memobj_put                           0x000055e5   Thumb Code    30  nrf_memobj.o(i.nrf_memobj_put)
    nrf_memobj_read                          0x00005603   Thumb Code    16  nrf_memobj.o(i.nrf_memobj_read)
    nrf_memobj_write                         0x00005613   Thumb Code    16  nrf_memobj.o(i.nrf_memobj_write)
    nrfx_prs_acquire                         0x00005685   Thumb Code    48  nrfx_prs.o(i.nrfx_prs_acquire)
    nrfx_prs_release                         0x000056b5   Thumb Code    18  nrfx_prs.o(i.nrfx_prs_release)
    nrfx_spim_init                           0x000056c9   Thumb Code   356  nrfx_spim.o(i.nrfx_spim_init)
    nrfx_spim_xfer                           0x00005835   Thumb Code    94  nrfx_spim.o(i.nrfx_spim_xfer)
    nrfx_uart_0_irq_handler                  0x00005899   Thumb Code     8  nrfx_uart.o(i.nrfx_uart_0_irq_handler)
    nrfx_uart_init                           0x000058a9   Thumb Code   200  nrfx_uart.o(i.nrfx_uart_init)
    nrfx_uart_tx                             0x0000597d   Thumb Code   162  nrfx_uart.o(i.nrfx_uart_tx)
    nrfx_uart_tx_in_progress                 0x00005a25   Thumb Code    26  nrfx_uart.o(i.nrfx_uart_tx_in_progress)
    nrfx_uart_uninit                         0x00005a45   Thumb Code   182  nrfx_uart.o(i.nrfx_uart_uninit)
    nrfx_uarte_0_irq_handler                 0x00005b05   Thumb Code     8  nrfx_uarte.o(i.nrfx_uarte_0_irq_handler)
    nrfx_uarte_init                          0x00005b15   Thumb Code   100  nrfx_uarte.o(i.nrfx_uarte_init)
    nrfx_uarte_tx                            0x00005b81   Thumb Code   166  nrfx_uarte.o(i.nrfx_uarte_tx)
    nrfx_uarte_tx_in_progress                0x00005c2d   Thumb Code    22  nrfx_uarte.o(i.nrfx_uarte_tx_in_progress)
    nrfx_uarte_uninit                        0x00005c49   Thumb Code   254  nrfx_uarte.o(i.nrfx_uarte_uninit)
    spi_event_handler                        0x00005fbd   Thumb Code    74  adicup3029port.o(i.spi_event_handler)
    nrf_log_backend_uart_api                 0x000067d4   Data          12  nrf_log_backend_uart.o(.constdata)
    __ctype_table                            0x00006800   Data         129  ctype_o.o(.constdata)
    __mathlib_zero                           0x00006920   Data           8  qnan.o(.constdata)
    Region$$Table$$Base                      0x000069f0   Number         0  anon$$obj.o(Region$$Table)
    Region$$Table$$Limit                     0x00006a10   Number         0  anon$$obj.o(Region$$Table)
    log_const_data$$Base                     0x00006a20   Number         0  nrfx_gpiote.o(log_const_data)
    m_nrf_log_GPIOTE_logs_data_const         0x00006a20   Data           8  nrfx_gpiote.o(log_const_data)
    m_nrf_log_PRS_logs_data_const            0x00006a28   Data           8  nrfx_prs.o(log_const_data)
    m_nrf_log_SPIM_logs_data_const           0x00006a30   Data           8  nrfx_spim.o(log_const_data)
    m_nrf_log_UART_logs_data_const           0x00006a38   Data           8  nrfx_uart.o(log_const_data)
    m_nrf_log_UARTE_logs_data_const          0x00006a40   Data           8  nrfx_uarte.o(log_const_data)
    m_nrf_log_app_button_logs_data_const     0x00006a48   Data           8  app_button.o(log_const_data)
    m_nrf_log_app_timer_logs_data_const      0x00006a50   Data           8  app_timer2.o(log_const_data)
    m_nrf_log_sortlist_logs_data_const       0x00006a58   Data           8  nrf_sortlist.o(log_const_data)
    m_nrf_log_app_logs_data_const            0x00006a60   Data           8  nrf_log_frontend.o(log_const_data)
    log_const_data$$Limit                    0x00006a68   Number         0  nrf_log_frontend.o(log_const_data)
    log_mempool                              0x00006a68   Data          20  nrf_log_frontend.o(nrf_balloc)
    LFOSCFreq                                0x20000028   Data           4  ad5940main.o(.data)
    AppAMPCfg                                0x2000002c   Data         160  amperometric.o(.data)
    nrf_drv_uart_use_easy_dma                0x200000cc   Data           2  nrf_drv_uart.o(.data)
    m_uart                                   0x200000fc   Data          20  nrf_log_backend_uart.o(.data)
    SystemCoreClock                          0x2000016c   Data           4  system_nrf52840.o(.data)
    __stdout                                 0x20000170   Data           4  stdout.o(.data)
    SeqGenDB                                 0x20000178   Data          28  ad5940.o(.bss)
    AppBuff                                  0x20000194   Data        4000  ad5940main.o(.bss)
    __initial_sp                             0x20003758   Data           0  arm_startup_nrf52840.o(STACK)



==============================================================================

Memory Map of the image

  Image Entry point : 0x00000201

  Load Region LR_IROM1 (Base: 0x00000000, Size: 0x00006bf4, Max: 0x00100000, ABSOLUTE, COMPRESSED[0x00006af0])

    Execution Region ER_IROM1 (Exec base: 0x00000000, Load base: 0x00000000, Size: 0x00006a7c, Max: 0x00100000, ABSOLUTE)

    Exec Addr    Load Addr    Size         Type   Attr      Idx    E Section Name        Object

    0x00000000   0x00000000   0x00000200   Data   RO         4395    RESET               arm_startup_nrf52840.o
    0x00000200   0x00000200   0x00000000   Code   RO         4501  * .ARM.Collect$$$$00000000  mc_w.l(entry.o)
    0x00000200   0x00000200   0x00000004   Code   RO         4874    .ARM.Collect$$$$00000001  mc_w.l(entry2.o)
    0x00000204   0x00000204   0x00000004   Code   RO         4877    .ARM.Collect$$$$00000004  mc_w.l(entry5.o)
    0x00000208   0x00000208   0x00000000   Code   RO         4879    .ARM.Collect$$$$00000008  mc_w.l(entry7b.o)
    0x00000208   0x00000208   0x00000000   Code   RO         4881    .ARM.Collect$$$$0000000A  mc_w.l(entry8b.o)
    0x00000208   0x00000208   0x00000008   Code   RO         4882    .ARM.Collect$$$$0000000B  mc_w.l(entry9a.o)
    0x00000210   0x00000210   0x00000004   Code   RO         4889    .ARM.Collect$$$$0000000E  mc_w.l(entry12b.o)
    0x00000214   0x00000214   0x00000000   Code   RO         4884    .ARM.Collect$$$$0000000F  mc_w.l(entry10a.o)
    0x00000214   0x00000214   0x00000000   Code   RO         4886    .ARM.Collect$$$$00000011  mc_w.l(entry11a.o)
    0x00000214   0x00000214   0x00000004   Code   RO         4875    .ARM.Collect$$$$00002712  mc_w.l(entry2.o)
    0x00000218   0x00000218   0x000000e2   Code   RO         3241    .emb_text           nrf_atomic.o
    0x000002fa   0x000002fa   0x00000002   PAD
    0x000002fc   0x000002fc   0x00000024   Code   RO         4396    .text               arm_startup_nrf52840.o
    0x00000320   0x00000320   0x00000062   Code   RO         4504    .text               mc_w.l(uldiv.o)
    0x00000382   0x00000382   0x0000001e   Code   RO         4506    .text               mc_w.l(llshl.o)
    0x000003a0   0x000003a0   0x00000008   Code   RO         4508    .text               mc_w.l(ctype_o.o)
    0x000003a8   0x000003a8   0x00000024   Code   RO         4536    .text               mc_w.l(memcpya.o)
    0x000003cc   0x000003cc   0x00000024   Code   RO         4538    .text               mc_w.l(memseta.o)
    0x000003f0   0x000003f0   0x0000000e   Code   RO         4540    .text               mc_w.l(strlen.o)
    0x000003fe   0x000003fe   0x0000014e   Code   RO         4807    .text               mf_w.l(dadd.o)
    0x0000054c   0x0000054c   0x000000e4   Code   RO         4809    .text               mf_w.l(dmul.o)
    0x00000630   0x00000630   0x000000de   Code   RO         4811    .text               mf_w.l(ddiv.o)
    0x0000070e   0x0000070e   0x0000002c   Code   RO         4813    .text               mf_w.l(ffltl.o)
    0x0000073a   0x0000073a   0x0000001a   Code   RO         4815    .text               mf_w.l(dfltui.o)
    0x00000754   0x00000754   0x00000026   Code   RO         4817    .text               mf_w.l(f2d.o)
    0x0000077a   0x0000077a   0x00000038   Code   RO         4819    .text               mf_w.l(d2f.o)
    0x000007b2   0x000007b2   0x0000002c   Code   RO         4893    .text               mc_w.l(uidiv.o)
    0x000007de   0x000007de   0x00000020   Code   RO         4895    .text               mc_w.l(llushr.o)
    0x000007fe   0x000007fe   0x00000024   Code   RO         4897    .text               mc_w.l(llsshr.o)
    0x00000822   0x00000822   0x00000000   Code   RO         4906    .text               mc_w.l(iusefp.o)
    0x00000822   0x00000822   0x0000006e   Code   RO         4907    .text               mf_w.l(fepilogue.o)
    0x00000890   0x00000890   0x000000ba   Code   RO         4909    .text               mf_w.l(depilogue.o)
    0x0000094a   0x0000094a   0x000000a2   Code   RO         4915    .text               mf_w.l(dsqrt.o)
    0x000009ec   0x000009ec   0x00000030   Code   RO         4919    .text               mf_w.l(dfixul.o)
    0x00000a1c   0x00000a1c   0x00000030   Code   RO         4921    .text               mf_w.l(cdcmple.o)
    0x00000a4c   0x00000a4c   0x00000030   Code   RO         4923    .text               mf_w.l(cdrcmple.o)
    0x00000a7c   0x00000a7c   0x00000024   Code   RO         4925    .text               mc_w.l(init.o)
    0x00000aa0   0x00000aa0   0x00000000   Code   RO         4927    .text               mc_w.l(semi.o)
    0x00000aa0   0x00000aa0   0x00000000   Code   RO         4928    .text               mc_w.l(iusesemip.o)
    0x00000aa0   0x00000aa0   0x00000056   Code   RO         4937    .text               mc_w.l(__dczerorl2.o)
    0x00000af6   0x00000af6   0x00000002   PAD
    0x00000af8   0x00000af8   0x0000006c   Code   RO         1028    i.AD5940AMPStructInit  ad5940main.o
    0x00000b64   0x00000b64   0x000000f4   Code   RO         1029    i.AD5940PlatformCfg  ad5940main.o
    0x00000c58   0x00000c58   0x00000016   Code   RO          312    i.AD5940_ADCBaseCfgS  ad5940.o
    0x00000c6e   0x00000c6e   0x00000030   Code   RO          315    i.AD5940_ADCDigCompCfgS  ad5940.o
    0x00000c9e   0x00000c9e   0x00000056   Code   RO          316    i.AD5940_ADCFilterCfgS  ad5940.o
    0x00000cf4   0x00000cf4   0x0000005a   Code   RO          321    i.AD5940_AFECtrlS   ad5940.o
    0x00000d4e   0x00000d4e   0x0000000c   Code   RO          322    i.AD5940_AFEPwrBW   ad5940.o
    0x00000d5a   0x00000d5a   0x00000028   Code   RO          323    i.AD5940_AGPIOCfg   ad5940.o
    0x00000d82   0x00000d82   0x00000008   Code   RO          325    i.AD5940_AGPIOFuncCfg  ad5940.o
    0x00000d8a   0x00000d8a   0x00000008   Code   RO          326    i.AD5940_AGPIOIen   ad5940.o
    0x00000d92   0x00000d92   0x00000008   Code   RO          328    i.AD5940_AGPIOOen   ad5940.o
    0x00000d9a   0x00000d9a   0x00000008   Code   RO          329    i.AD5940_AGPIOPen   ad5940.o
    0x00000da2   0x00000da2   0x000000ec   Code   RO          332    i.AD5940_CLKCfg     ad5940.o
    0x00000e8e   0x00000e8e   0x00000002   PAD
    0x00000e90   0x00000e90   0x00000174   Code   RO          333    i.AD5940_ClksCalculate  ad5940.o
    0x00001004   0x00001004   0x00000010   Code   RO            4    i.AD5940_ClrMCUIntFlag  adicup3029port.o
    0x00001014   0x00001014   0x0000005e   Code   RO          336    i.AD5940_ComplexDivInt  ad5940.o
    0x00001072   0x00001072   0x00000030   Code   RO          337    i.AD5940_ComplexMag  ad5940.o
    0x000010a2   0x000010a2   0x0000003a   Code   RO          340    i.AD5940_ComplexPhase  ad5940.o
    0x000010dc   0x000010dc   0x00000006   Code   RO            5    i.AD5940_CsClr      adicup3029port.o
    0x000010e2   0x000010e2   0x00000006   Code   RO            6    i.AD5940_CsSet      adicup3029port.o
    0x000010e8   0x000010e8   0x00000050   Code   RO          342    i.AD5940_DFTCfgS    ad5940.o
    0x00001138   0x00001138   0x0000002c   Code   RO          343    i.AD5940_DSPCfgS    ad5940.o
    0x00001164   0x00001164   0x00000044   Code   RO            7    i.AD5940_Delay10us  adicup3029port.o
    0x000011a8   0x000011a8   0x0000001a   Code   RO          344    i.AD5940_EnterSleepS  ad5940.o
    0x000011c2   0x000011c2   0x00000056   Code   RO          345    i.AD5940_FIFOCfg    ad5940.o
    0x00001218   0x00001218   0x00000014   Code   RO          346    i.AD5940_FIFOCtrlS  ad5940.o
    0x0000122c   0x0000122c   0x0000000e   Code   RO          348    i.AD5940_FIFOGetCnt  ad5940.o
    0x0000123a   0x0000123a   0x0000009a   Code   RO          349    i.AD5940_FIFORd     ad5940.o
    0x000012d4   0x000012d4   0x0000000c   Code   RO            8    i.AD5940_GetMCUIntFlag  adicup3029port.o
    0x000012e0   0x000012e0   0x00000078   Code   RO          353    i.AD5940_HFOSC32MHzCtrl  ad5940.o
    0x00001358   0x00001358   0x00000022   Code   RO          355    i.AD5940_HSDacCfgS  ad5940.o
    0x0000137a   0x0000137a   0x00000024   Code   RO          356    i.AD5940_HSLoopCfgS  ad5940.o
    0x0000139e   0x0000139e   0x00000002   PAD
    0x000013a0   0x000013a0   0x0000008c   Code   RO          359    i.AD5940_HSTIACfgS  ad5940.o
    0x0000142c   0x0000142c   0x0000001c   Code   RO          361    i.AD5940_HWReset    ad5940.o
    0x00001448   0x00001448   0x0000002c   Code   RO          362    i.AD5940_INTCCfg    ad5940.o
    0x00001474   0x00001474   0x0000000a   Code   RO          363    i.AD5940_INTCClrFlag  ad5940.o
    0x0000147e   0x0000147e   0x00000002   PAD
    0x00001480   0x00001480   0x00000012   Code   RO          364    i.AD5940_INTCGetCfg  ad5940.o
    0x00001492   0x00001492   0x00000002   PAD
    0x00001494   0x00001494   0x0000001e   Code   RO          366    i.AD5940_INTCTestFlag  ad5940.o
    0x000014b2   0x000014b2   0x00000002   PAD
    0x000014b4   0x000014b4   0x00000070   Code   RO          367    i.AD5940_Initialize  ad5940.o
    0x00001524   0x00001524   0x0000018c   Code   RO          368    i.AD5940_LFOSCMeasure  ad5940.o
    0x000016b0   0x000016b0   0x00000060   Code   RO          369    i.AD5940_LPAMPCfgS  ad5940.o
    0x00001710   0x00001710   0x00000014   Code   RO          370    i.AD5940_LPDAC0WriteS  ad5940.o
    0x00001724   0x00001724   0x00000014   Code   RO          371    i.AD5940_LPDAC1WriteS  ad5940.o
    0x00001738   0x00001738   0x0000006c   Code   RO          373    i.AD5940_LPDACCfgS  ad5940.o
    0x000017a4   0x000017a4   0x00000014   Code   RO          375    i.AD5940_LPLoopCfgS  ad5940.o
    0x000017b8   0x000017b8   0x00000630   Code   RO          379    i.AD5940_LPRtiaCal  ad5940.o
    0x00001de8   0x00001de8   0x00000044   Code   RO            9    i.AD5940_MCUResourceInit  adicup3029port.o
    0x00001e2c   0x00001e2c   0x00000040   Code   RO         1030    i.AD5940_Main       ad5940main.o
    0x00001e6c   0x00001e6c   0x000000c8   Code   RO          381    i.AD5940_Notch50HzAvailable  ad5940.o
    0x00001f34   0x00001f34   0x000000b0   Code   RO          382    i.AD5940_Notch60HzAvailable  ad5940.o
    0x00001fe4   0x00001fe4   0x000000a8   Code   RO          383    i.AD5940_REFCfgS    ad5940.o
    0x0000208c   0x0000208c   0x00000042   Code   RO          384    i.AD5940_ReadAfeResult  ad5940.o
    0x000020ce   0x000020ce   0x00000002   PAD
    0x000020d0   0x000020d0   0x00000040   Code   RO          385    i.AD5940_ReadReg    ad5940.o
    0x00002110   0x00002110   0x0000001e   Code   RO          386    i.AD5940_ReadWrite16B  ad5940.o
    0x0000212e   0x0000212e   0x0000003a   Code   RO          387    i.AD5940_ReadWrite32B  ad5940.o
    0x00002168   0x00002168   0x00000016   Code   RO          388    i.AD5940_ReadWrite8B  ad5940.o
    0x0000217e   0x0000217e   0x00000002   PAD
    0x00002180   0x00002180   0x00000024   Code   RO           10    i.AD5940_ReadWriteNBytes  adicup3029port.o
    0x000021a4   0x000021a4   0x00000006   Code   RO           11    i.AD5940_RstClr     adicup3029port.o
    0x000021aa   0x000021aa   0x00000006   Code   RO           12    i.AD5940_RstSet     adicup3029port.o
    0x000021b0   0x000021b0   0x00000070   Code   RO          389    i.AD5940_SEQCfg     ad5940.o
    0x00002220   0x00002220   0x0000002e   Code   RO          390    i.AD5940_SEQCmdWrite  ad5940.o
    0x0000224e   0x0000224e   0x00000026   Code   RO          391    i.AD5940_SEQCtrlS   ad5940.o
    0x00002274   0x00002274   0x00000018   Code   RO          393    i.AD5940_SEQGenCtrl  ad5940.o
    0x0000228c   0x0000228c   0x00000018   Code   RO          394    i.AD5940_SEQGenFetchSeq  ad5940.o
    0x000022a4   0x000022a4   0x00000024   Code   RO          395    i.AD5940_SEQGenInit  ad5940.o
    0x000022c8   0x000022c8   0x0000002c   Code   RO          396    i.AD5940_SEQGenInsert  ad5940.o
    0x000022f4   0x000022f4   0x00000030   Code   RO          397    i.AD5940_SEQGenSearchReg  ad5940.o
    0x00002324   0x00002324   0x00000036   Code   RO          398    i.AD5940_SEQGetCfg  ad5940.o
    0x0000235a   0x0000235a   0x0000000a   Code   RO          399    i.AD5940_SEQGpioCtrlS  ad5940.o
    0x00002364   0x00002364   0x00000066   Code   RO          402    i.AD5940_SEQInfoCfg  ad5940.o
    0x000023ca   0x000023ca   0x00000012   Code   RO          404    i.AD5940_SEQMmrTrig  ad5940.o
    0x000023dc   0x000023dc   0x00000038   Code   RO          405    i.AD5940_SEQRegInfoInsert  ad5940.o
    0x00002414   0x00002414   0x00000008   Code   RO          406    i.AD5940_SEQTimeOutRd  ad5940.o
    0x0000241c   0x0000241c   0x00000050   Code   RO          407    i.AD5940_SEQWriteReg  ad5940.o
    0x0000246c   0x0000246c   0x0000004c   Code   RO          408    i.AD5940_SPIReadReg  ad5940.o
    0x000024b8   0x000024b8   0x0000003c   Code   RO          409    i.AD5940_SWMatrixCfgS  ad5940.o
    0x000024f4   0x000024f4   0x0000000a   Code   RO          411    i.AD5940_SleepKeyCtrlS  ad5940.o
    0x000024fe   0x000024fe   0x0000001e   Code   RO          413    i.AD5940_StatisticCfgS  ad5940.o
    0x0000251c   0x0000251c   0x00000004   Code   RO          414    i.AD5940_StructInit  ad5940.o
    0x00002520   0x00002520   0x000000a0   Code   RO          416    i.AD5940_WGCfgS     ad5940.o
    0x000025c0   0x000025c0   0x00000012   Code   RO          417    i.AD5940_WGDACCodeS  ad5940.o
    0x000025d2   0x000025d2   0x00000002   PAD
    0x000025d4   0x000025d4   0x00000080   Code   RO          419    i.AD5940_WGFreqWordCal  ad5940.o
    0x00002654   0x00002654   0x00000154   Code   RO          420    i.AD5940_WUPTCfg    ad5940.o
    0x000027a8   0x000027a8   0x00000026   Code   RO          421    i.AD5940_WUPTCtrl   ad5940.o
    0x000027ce   0x000027ce   0x000000be   Code   RO          422    i.AD5940_WUPTTime   ad5940.o
    0x0000288c   0x0000288c   0x0000002a   Code   RO          423    i.AD5940_WakeUp     ad5940.o
    0x000028b6   0x000028b6   0x00000002   PAD
    0x000028b8   0x000028b8   0x0000005c   Code   RO          424    i.AD5940_WriteReg   ad5940.o
    0x00002914   0x00002914   0x00000048   Code   RO         1031    i.AMPShowResult     ad5940main.o
    0x0000295c   0x0000295c   0x00000024   Code   RO         1064    i.AppAMPCalcCurrent  amperometric.o
    0x00002980   0x00002980   0x00000098   Code   RO         1065    i.AppAMPCalcVoltage  amperometric.o
    0x00002a18   0x00002a18   0x000000b0   Code   RO         1066    i.AppAMPCtrl        amperometric.o
    0x00002ac8   0x00002ac8   0x00000014   Code   RO         1067    i.AppAMPGetCfg      amperometric.o
    0x00002adc   0x00002adc   0x000000a4   Code   RO         1068    i.AppAMPISR         amperometric.o
    0x00002b80   0x00002b80   0x00000114   Code   RO         1069    i.AppAMPInit        amperometric.o
    0x00002c94   0x00002c94   0x00000088   Code   RO         1070    i.AppAMPRtiaCal     amperometric.o
    0x00002d1c   0x00002d1c   0x00000190   Code   RO         1071    i.AppAMPSeqCfgGen   amperometric.o
    0x00002eac   0x00002eac   0x000000bc   Code   RO         1072    i.AppAMPSeqMeasureGen  amperometric.o
    0x00002f68   0x00002f68   0x000000a4   Code   RO         1609    i.GPIOTE_IRQHandler  nrfx_gpiote.o
    0x0000300c   0x0000300c   0x00000010   Code   RO         2975    i.RTC1_IRQHandler   drv_rtc.o
    0x0000301c   0x0000301c   0x00000054   Code   RO         2018    i.SPIM0_SPIS0_TWIM0_TWIS0_SPI0_TWI0_IRQHandler  nrfx_spim.o
    0x00003070   0x00003070   0x000001d4   Code   RO         4404    i.SystemInit        system_nrf52840.o
    0x00003244   0x00003244   0x0000000c   Code   RO         1946    i.UARTE0_UART0_IRQHandler  nrfx_prs.o
    0x00003250   0x00003250   0x00000020   Code   RO         4779    i.__0printf         mc_w.l(printfa.o)
    0x00003270   0x00003270   0x00000042   Code   RO          425    i.__AD5940_ReferenceON  ad5940.o
    0x000032b2   0x000032b2   0x00000002   PAD
    0x000032b4   0x000032b4   0x0000004c   Code   RO          426    i.__AD5940_TakeMeasurement  ad5940.o
    0x00003300   0x00003300   0x00000030   Code   RO         4855    i.__ARM_fpclassify  m_wm.l(fpclassify.o)
    0x00003330   0x00003330   0x000002d8   Code   RO         4821    i.__hardfp_atan     m_wm.l(atan.o)
    0x00003608   0x00003608   0x00000200   Code   RO         4451    i.__hardfp_atan2    m_wm.l(atan2.o)
    0x00003808   0x00003808   0x0000007a   Code   RO         4489    i.__hardfp_sqrt     m_wm.l(sqrt.o)
    0x00003882   0x00003882   0x000000f8   Code   RO         4871    i.__kernel_poly     m_wm.l(poly.o)
    0x0000397a   0x0000397a   0x00000014   Code   RO         4836    i.__mathlib_dbl_infnan  m_wm.l(dunder.o)
    0x0000398e   0x0000398e   0x00000014   Code   RO         4837    i.__mathlib_dbl_infnan2  m_wm.l(dunder.o)
    0x000039a2   0x000039a2   0x00000006   PAD
    0x000039a8   0x000039a8   0x00000020   Code   RO         4841    i.__mathlib_dbl_underflow  m_wm.l(dunder.o)
    0x000039c8   0x000039c8   0x0000000e   Code   RO         4931    i.__scatterload_copy  mc_w.l(handlers.o)
    0x000039d6   0x000039d6   0x00000002   Code   RO         4932    i.__scatterload_null  mc_w.l(handlers.o)
    0x000039d8   0x000039d8   0x0000000e   Code   RO         4933    i.__scatterload_zeroinit  mc_w.l(handlers.o)
    0x000039e6   0x000039e6   0x00000002   PAD
    0x000039e8   0x000039e8   0x0000000c   Code   RO         4901    i.__set_errno       mc_w.l(errno.o)
    0x000039f4   0x000039f4   0x00000184   Code   RO         4786    i._fp_digits        mc_w.l(printfa.o)
    0x00003b78   0x00003b78   0x0000001c   Code   RO          427    i._is_value_in_table  ad5940.o
    0x00003b94   0x00003b94   0x000006b4   Code   RO         4787    i._printf_core      mc_w.l(printfa.o)
    0x00004248   0x00004248   0x00000024   Code   RO         4788    i._printf_post_padding  mc_w.l(printfa.o)
    0x0000426c   0x0000426c   0x0000002e   Code   RO         4789    i._printf_pre_padding  mc_w.l(printfa.o)
    0x0000429a   0x0000429a   0x00000002   PAD
    0x0000429c   0x0000429c   0x00000084   Code   RO         2683    i.app_error_fault_handler  app_error_weak.o
    0x00004320   0x00004320   0x00000016   Code   RO         2623    i.app_error_handler_bare  app_error.o
    0x00004336   0x00004336   0x00000004   Code   RO         2913    i.app_util_critical_region_enter  app_util_platform.o
    0x0000433a   0x0000433a   0x00000004   Code   RO         2914    i.app_util_critical_region_exit  app_util_platform.o
    0x0000433e   0x0000433e   0x00000002   PAD
    0x00004340   0x00004340   0x00000010   Code   RO         2915    i.app_util_disable_irq  app_util_platform.o
    0x00004350   0x00004350   0x00000014   Code   RO         2916    i.app_util_enable_irq  app_util_platform.o
    0x00004364   0x00004364   0x00000076   Code   RO         2153    i.apply_config      nrfx_uart.o
    0x000043da   0x000043da   0x00000076   Code   RO         2345    i.apply_config      nrfx_uarte.o
    0x00004450   0x00004450   0x00000010   Code   RO         4823    i.atan              m_wm.l(atan.o)
    0x00004460   0x00004460   0x0000002c   Code   RO         1137    i.bsp_board_led_invert  boards.o
    0x0000448c   0x0000448c   0x0000008c   Code   RO         3893    i.buf_prealloc      nrf_log_frontend.o
    0x00004518   0x00004518   0x0000002e   Code   RO         3456    i.buffer_add        nrf_fprintf_format.o
    0x00004546   0x00004546   0x00000002   PAD
    0x00004548   0x00004548   0x00000018   Code   RO         3894    i.buffer_is_empty   nrf_log_frontend.o
    0x00004560   0x00004560   0x00000010   Code   RO         1612    i.channel_port_get  nrfx_gpiote.o
    0x00004570   0x00004570   0x00000014   Code   RO         3895    i.dropped_sat16_get  nrf_log_frontend.o
    0x00004584   0x00004584   0x00000018   Code   RO         4851    i.fabs              m_wm.l(fabs.o)
    0x0000459c   0x0000459c   0x00000012   Code   RO         4890    i.fputc             mc_w.l(fputc.o)
    0x000045ae   0x000045ae   0x00000002   PAD
    0x000045b0   0x000045b0   0x000000a6   Code   RO         3457    i.int_print         nrf_fprintf_format.o
    0x00004656   0x00004656   0x00000002   PAD
    0x00004658   0x00004658   0x00000088   Code   RO         2346    i.interrupts_enable  nrfx_uarte.o
    0x000046e0   0x000046e0   0x00000034   Code   RO         3896    i.invalid_packets_omit  nrf_log_frontend.o
    0x00004714   0x00004714   0x000000a4   Code   RO         3897    i.log_skip          nrf_log_frontend.o
    0x000047b8   0x000047b8   0x000000ac   Code   RO          987    i.main              main.o
    0x00004864   0x00004864   0x0000007e   Code   RO         3496    i.memobj_op         nrf_memobj.o
    0x000048e2   0x000048e2   0x00000002   PAD
    0x000048e4   0x000048e4   0x00000030   Code   RO         3898    i.module_idx_get    nrf_log_frontend.o
    0x00004914   0x00004914   0x00000006   Code   RO         3243    i.nrf_atomic_flag_clear_fetch  nrf_atomic.o
    0x0000491a   0x0000491a   0x00000006   Code   RO         3244    i.nrf_atomic_flag_set  nrf_atomic.o
    0x00004920   0x00004920   0x0000000c   Code   RO         3246    i.nrf_atomic_u32_add  nrf_atomic.o
    0x0000492c   0x0000492c   0x0000000a   Code   RO         3250    i.nrf_atomic_u32_fetch_and  nrf_atomic.o
    0x00004936   0x00004936   0x0000000a   Code   RO         3252    i.nrf_atomic_u32_fetch_store  nrf_atomic.o
    0x00004940   0x00004940   0x0000000c   Code   RO         3256    i.nrf_atomic_u32_or  nrf_atomic.o
    0x0000494c   0x0000494c   0x0000000c   Code   RO         3258    i.nrf_atomic_u32_sub  nrf_atomic.o
    0x00004958   0x00004958   0x0000003e   Code   RO         3380    i.nrf_balloc_alloc  nrf_balloc.o
    0x00004996   0x00004996   0x0000002a   Code   RO         3381    i.nrf_balloc_free   nrf_balloc.o
    0x000049c0   0x000049c0   0x00000010   Code   RO         1613    i.nrf_bitmask_bit_is_set  nrfx_gpiote.o
    0x000049d0   0x000049d0   0x00000070   Code   RO         1374    i.nrf_drv_spi_init  nrf_drv_spi.o
    0x00004a40   0x00004a40   0x00000068   Code   RO         1418    i.nrf_drv_uart_init  nrf_drv_uart.o
    0x00004aa8   0x00004aa8   0x0000001a   Code   RO         3417    i.nrf_fprintf       nrf_fprintf.o
    0x00004ac2   0x00004ac2   0x00000018   Code   RO         3418    i.nrf_fprintf_buffer_flush  nrf_fprintf.o
    0x00004ada   0x00004ada   0x000001da   Code   RO         3458    i.nrf_fprintf_fmt   nrf_fprintf_format.o
    0x00004cb4   0x00004cb4   0x00000032   Code   RO         2019    i.nrf_gpio_cfg      nrfx_spim.o
    0x00004ce6   0x00004ce6   0x00000032   Code   RO         2154    i.nrf_gpio_cfg      nrfx_uart.o
    0x00004d18   0x00004d18   0x00000032   Code   RO         2347    i.nrf_gpio_cfg      nrfx_uarte.o
    0x00004d4a   0x00004d4a   0x00000012   Code   RO         2155    i.nrf_gpio_cfg_default  nrfx_uart.o
    0x00004d5c   0x00004d5c   0x00000012   Code   RO         2348    i.nrf_gpio_cfg_default  nrfx_uarte.o
    0x00004d6e   0x00004d6e   0x00000012   Code   RO         2156    i.nrf_gpio_cfg_input  nrfx_uart.o
    0x00004d80   0x00004d80   0x00000012   Code   RO         2349    i.nrf_gpio_cfg_input  nrfx_uarte.o
    0x00004d92   0x00004d92   0x00000014   Code   RO         2020    i.nrf_gpio_cfg_output  nrfx_spim.o
    0x00004da6   0x00004da6   0x00000014   Code   RO         2157    i.nrf_gpio_cfg_output  nrfx_uart.o
    0x00004dba   0x00004dba   0x00000014   Code   RO         2350    i.nrf_gpio_cfg_output  nrfx_uarte.o
    0x00004dce   0x00004dce   0x00000030   Code   RO         1616    i.nrf_gpio_cfg_sense_set  nrfx_gpiote.o
    0x00004dfe   0x00004dfe   0x00000002   PAD
    0x00004e00   0x00004e00   0x00000030   Code   RO         1617    i.nrf_gpio_latches_read_and_clear  nrfx_gpiote.o
    0x00004e30   0x00004e30   0x00000014   Code   RO           14    i.nrf_gpio_pin_clear  adicup3029port.o
    0x00004e44   0x00004e44   0x00000014   Code   RO         2021    i.nrf_gpio_pin_clear  nrfx_spim.o
    0x00004e58   0x00004e58   0x0000001c   Code   RO           15    i.nrf_gpio_pin_port_decode  adicup3029port.o
    0x00004e74   0x00004e74   0x0000001c   Code   RO         1146    i.nrf_gpio_pin_port_decode  boards.o
    0x00004e90   0x00004e90   0x0000001c   Code   RO         1619    i.nrf_gpio_pin_port_decode  nrfx_gpiote.o
    0x00004eac   0x00004eac   0x0000001c   Code   RO         2022    i.nrf_gpio_pin_port_decode  nrfx_spim.o
    0x00004ec8   0x00004ec8   0x0000001c   Code   RO         2158    i.nrf_gpio_pin_port_decode  nrfx_uart.o
    0x00004ee4   0x00004ee4   0x0000001c   Code   RO         2351    i.nrf_gpio_pin_port_decode  nrfx_uarte.o
    0x00004f00   0x00004f00   0x00000014   Code   RO           16    i.nrf_gpio_pin_set  adicup3029port.o
    0x00004f14   0x00004f14   0x00000014   Code   RO         2023    i.nrf_gpio_pin_set  nrfx_spim.o
    0x00004f28   0x00004f28   0x00000014   Code   RO         2159    i.nrf_gpio_pin_set  nrfx_uart.o
    0x00004f3c   0x00004f3c   0x00000014   Code   RO         2352    i.nrf_gpio_pin_set  nrfx_uarte.o
    0x00004f50   0x00004f50   0x00000014   Code   RO         1623    i.nrf_gpiote_event_clear  nrfx_gpiote.o
    0x00004f64   0x00004f64   0x00000010   Code   RO         1624    i.nrf_gpiote_event_is_set  nrfx_gpiote.o
    0x00004f74   0x00004f74   0x000000c2   Code   RO         3744    i.nrf_log_backend_serial_put  nrf_log_backend_serial.o
    0x00005036   0x00005036   0x00000002   Code   RO         3784    i.nrf_log_backend_uart_flush  nrf_log_backend_uart.o
    0x00005038   0x00005038   0x0000002c   Code   RO         3786    i.nrf_log_backend_uart_panic_set  nrf_log_backend_uart.o
    0x00005064   0x00005064   0x00000018   Code   RO         3787    i.nrf_log_backend_uart_put  nrf_log_backend_uart.o
    0x0000507c   0x0000507c   0x00000030   Code   RO         3901    i.nrf_log_color_id_get  nrf_log_frontend.o
    0x000050ac   0x000050ac   0x00000230   Code   RO         3902    i.nrf_log_frontend_dequeue  nrf_log_frontend.o
    0x000052dc   0x000052dc   0x000000a8   Code   RO         3903    i.nrf_log_frontend_hexdump  nrf_log_frontend.o
    0x00005384   0x00005384   0x00000008   Code   RO         3904    i.nrf_log_frontend_std_0  nrf_log_frontend.o
    0x0000538c   0x0000538c   0x000000b0   Code   RO         4080    i.nrf_log_hexdump_entry_process  nrf_log_str_formatter.o
    0x0000543c   0x0000543c   0x00000014   Code   RO         3912    i.nrf_log_module_cnt_get  nrf_log_frontend.o
    0x00005450   0x00005450   0x0000001c   Code   RO         3915    i.nrf_log_module_name_get  nrf_log_frontend.o
    0x0000546c   0x0000546c   0x00000028   Code   RO         3916    i.nrf_log_panic     nrf_log_frontend.o
    0x00005494   0x00005494   0x000000b6   Code   RO         4081    i.nrf_log_std_entry_process  nrf_log_str_formatter.o
    0x0000554a   0x0000554a   0x00000060   Code   RO         3497    i.nrf_memobj_alloc  nrf_memobj.o
    0x000055aa   0x000055aa   0x00000032   Code   RO         3498    i.nrf_memobj_free   nrf_memobj.o
    0x000055dc   0x000055dc   0x00000008   Code   RO         3499    i.nrf_memobj_get    nrf_memobj.o
    0x000055e4   0x000055e4   0x0000001e   Code   RO         3501    i.nrf_memobj_put    nrf_memobj.o
    0x00005602   0x00005602   0x00000010   Code   RO         3502    i.nrf_memobj_read   nrf_memobj.o
    0x00005612   0x00005612   0x00000010   Code   RO         3503    i.nrf_memobj_write  nrf_memobj.o
    0x00005622   0x00005622   0x0000000a   Code   RO         2024    i.nrf_spim_event_check  nrfx_spim.o
    0x0000562c   0x0000562c   0x0000000a   Code   RO         2160    i.nrf_uart_event_check  nrfx_uart.o
    0x00005636   0x00005636   0x0000000c   Code   RO         2161    i.nrf_uart_event_clear  nrfx_uart.o
    0x00005642   0x00005642   0x0000000c   Code   RO         2162    i.nrf_uart_int_enable_check  nrfx_uart.o
    0x0000564e   0x0000564e   0x0000000a   Code   RO         2353    i.nrf_uarte_event_check  nrfx_uarte.o
    0x00005658   0x00005658   0x0000000c   Code   RO         2354    i.nrf_uarte_event_clear  nrfx_uarte.o
    0x00005664   0x00005664   0x00000010   Code   RO         2025    i.nrfx_is_in_ram    nrfx_spim.o
    0x00005674   0x00005674   0x00000010   Code   RO         2355    i.nrfx_is_in_ram    nrfx_uarte.o
    0x00005684   0x00005684   0x00000030   Code   RO         1947    i.nrfx_prs_acquire  nrfx_prs.o
    0x000056b4   0x000056b4   0x00000012   Code   RO         1948    i.nrfx_prs_release  nrfx_prs.o
    0x000056c6   0x000056c6   0x00000002   PAD
    0x000056c8   0x000056c8   0x0000016c   Code   RO         2028    i.nrfx_spim_init    nrfx_spim.o
    0x00005834   0x00005834   0x00000064   Code   RO         2031    i.nrfx_spim_xfer    nrfx_spim.o
    0x00005898   0x00005898   0x00000010   Code   RO         2163    i.nrfx_uart_0_irq_handler  nrfx_uart.o
    0x000058a8   0x000058a8   0x000000d4   Code   RO         2165    i.nrfx_uart_init    nrfx_uart.o
    0x0000597c   0x0000597c   0x000000a8   Code   RO         2171    i.nrfx_uart_tx      nrfx_uart.o
    0x00005a24   0x00005a24   0x00000020   Code   RO         2173    i.nrfx_uart_tx_in_progress  nrfx_uart.o
    0x00005a44   0x00005a44   0x000000c0   Code   RO         2174    i.nrfx_uart_uninit  nrfx_uart.o
    0x00005b04   0x00005b04   0x00000010   Code   RO         2356    i.nrfx_uarte_0_irq_handler  nrfx_uarte.o
    0x00005b14   0x00005b14   0x0000006c   Code   RO         2358    i.nrfx_uarte_init   nrfx_uarte.o
    0x00005b80   0x00005b80   0x000000ac   Code   RO         2362    i.nrfx_uarte_tx     nrfx_uarte.o
    0x00005c2c   0x00005c2c   0x0000001c   Code   RO         2364    i.nrfx_uarte_tx_in_progress  nrfx_uarte.o
    0x00005c48   0x00005c48   0x00000108   Code   RO         2365    i.nrfx_uarte_uninit  nrfx_uarte.o
    0x00005d50   0x00005d50   0x000000d0   Code   RO         1657    i.port_event_handle  nrfx_gpiote.o
    0x00005e20   0x00005e20   0x00000010   Code   RO         1658    i.port_handler_polarity_get  nrfx_gpiote.o
    0x00005e30   0x00005e30   0x0000003c   Code   RO         4083    i.postfix_process   nrf_log_str_formatter.o
    0x00005e6c   0x00005e6c   0x00000098   Code   RO         4084    i.prefix_process    nrf_log_str_formatter.o
    0x00005f04   0x00005f04   0x00000018   Code   RO         1949    i.prs_box_get       nrfx_prs.o
    0x00005f1c   0x00005f1c   0x00000032   Code   RO         2175    i.rx_byte           nrfx_uart.o
    0x00005f4e   0x00005f4e   0x00000016   Code   RO         2176    i.rx_done_event     nrfx_uart.o
    0x00005f64   0x00005f64   0x00000016   Code   RO         2366    i.rx_done_event     nrfx_uarte.o
    0x00005f7a   0x00005f7a   0x00000002   PAD
    0x00005f7c   0x00005f7c   0x00000040   Code   RO         3788    i.serial_tx         nrf_log_backend_uart.o
    0x00005fbc   0x00005fbc   0x00000078   Code   RO           17    i.spi_event_handler  adicup3029port.o
    0x00006034   0x00006034   0x00000038   Code   RO         1375    i.spim_evt_handler  nrf_drv_spi.o
    0x0000606c   0x0000606c   0x000000bc   Code   RO         2032    i.spim_xfer         nrfx_spim.o
    0x00006128   0x00006128   0x00000094   Code   RO         3918    i.std_n             nrf_log_frontend.o
    0x000061bc   0x000061bc   0x00000020   Code   RO         2178    i.tx_byte           nrfx_uart.o
    0x000061dc   0x000061dc   0x0000001a   Code   RO         2179    i.tx_done_event     nrfx_uart.o
    0x000061f6   0x000061f6   0x0000001a   Code   RO         2367    i.tx_done_event     nrfx_uarte.o
    0x00006210   0x00006210   0x00000030   Code   RO         1419    i.uart_evt_handler  nrf_drv_uart.o
    0x00006240   0x00006240   0x0000000c   Code   RO         3789    i.uart_evt_handler  nrf_log_backend_uart.o
    0x0000624c   0x0000624c   0x00000050   Code   RO         3790    i.uart_init         nrf_log_backend_uart.o
    0x0000629c   0x0000629c   0x0000012a   Code   RO         2180    i.uart_irq_handler  nrfx_uart.o
    0x000063c6   0x000063c6   0x00000002   PAD
    0x000063c8   0x000063c8   0x00000030   Code   RO         1420    i.uarte_evt_handler  nrf_drv_uart.o
    0x000063f8   0x000063f8   0x00000112   Code   RO         2368    i.uarte_irq_handler  nrfx_uarte.o
    0x0000650a   0x0000650a   0x00000002   PAD
    0x0000650c   0x0000650c   0x000000b4   Code   RO         3459    i.unsigned_print    nrf_fprintf_format.o
    0x000065c0   0x000065c0   0x00000020   Data   RO           18    .constdata          adicup3029port.o
    0x000065e0   0x000065e0   0x000001a0   Data   RO          429    .constdata          ad5940.o
    0x00006780   0x00006780   0x00000018   Data   RO          988    .constdata          main.o
    0x00006798   0x00006798   0x00000008   Data   RO         1148    .constdata          boards.o
    0x000067a0   0x000067a0   0x00000010   Data   RO         1377    .constdata          nrf_drv_spi.o
    0x000067b0   0x000067b0   0x00000008   Data   RO         1660    .constdata          nrfx_gpiote.o
    0x000067b8   0x000067b8   0x00000004   Data   RO         2035    .constdata          nrfx_spim.o
    0x000067bc   0x000067bc   0x00000004   Data   RO         2183    .constdata          nrfx_uart.o
    0x000067c0   0x000067c0   0x00000004   Data   RO         2371    .constdata          nrfx_uarte.o
    0x000067c4   0x000067c4   0x00000010   Data   RO         3460    .constdata          nrf_fprintf_format.o
    0x000067d4   0x000067d4   0x0000000c   Data   RO         3792    .constdata          nrf_log_backend_uart.o
    0x000067e0   0x000067e0   0x00000020   Data   RO         3793    .constdata          nrf_log_backend_uart.o
    0x00006800   0x00006800   0x00000081   Data   RO         4509    .constdata          mc_w.l(ctype_o.o)
    0x00006881   0x00006881   0x00000003   PAD
    0x00006884   0x00006884   0x00000004   Data   RO         4510    .constdata          mc_w.l(ctype_o.o)
    0x00006888   0x00006888   0x00000098   Data   RO         4824    .constdata          m_wm.l(atan.o)
    0x00006920   0x00006920   0x00000008   Data   RO         4873    .constdata          m_wm.l(qnan.o)
    0x00006928   0x00006928   0x00000066   Data   RO         4085    .conststring        nrf_log_str_formatter.o
    0x0000698e   0x0000698e   0x00000002   PAD
    0x00006990   0x00006990   0x00000007   Data   RO         1664    .conststrlit        nrfx_gpiote.o
    0x00006997   0x00006997   0x00000001   PAD
    0x00006998   0x00006998   0x00000004   Data   RO         1951    .conststrlit        nrfx_prs.o
    0x0000699c   0x0000699c   0x00000005   Data   RO         2038    .conststrlit        nrfx_spim.o
    0x000069a1   0x000069a1   0x00000003   PAD
    0x000069a4   0x000069a4   0x00000005   Data   RO         2186    .conststrlit        nrfx_uart.o
    0x000069a9   0x000069a9   0x00000003   PAD
    0x000069ac   0x000069ac   0x00000006   Data   RO         2374    .conststrlit        nrfx_uarte.o
    0x000069b2   0x000069b2   0x00000002   PAD
    0x000069b4   0x000069b4   0x0000000b   Data   RO         2526    .conststrlit        app_button.o
    0x000069bf   0x000069bf   0x00000001   PAD
    0x000069c0   0x000069c0   0x0000000a   Data   RO         2795    .conststrlit        app_timer2.o
    0x000069ca   0x000069ca   0x00000002   PAD
    0x000069cc   0x000069cc   0x00000009   Data   RO         3642    .conststrlit        nrf_sortlist.o
    0x000069d5   0x000069d5   0x00000003   PAD
    0x000069d8   0x000069d8   0x00000011   Data   RO         3858    .conststrlit        nrf_log_default_backends.o
    0x000069e9   0x000069e9   0x00000003   PAD
    0x000069ec   0x000069ec   0x00000004   Data   RO         3924    .conststrlit        nrf_log_frontend.o
    0x000069f0   0x000069f0   0x00000020   Data   RO         4929    Region$$Table       anon$$obj.o
    0x00006a10   0x00006a10   0x00000010   Data   RO         3860    log_backends        nrf_log_default_backends.o
    0x00006a20   0x00006a20   0x00000008   Data   RO         1665    log_const_data      nrfx_gpiote.o
    0x00006a28   0x00006a28   0x00000008   Data   RO         1953    log_const_data      nrfx_prs.o
    0x00006a30   0x00006a30   0x00000008   Data   RO         2039    log_const_data      nrfx_spim.o
    0x00006a38   0x00006a38   0x00000008   Data   RO         2187    log_const_data      nrfx_uart.o
    0x00006a40   0x00006a40   0x00000008   Data   RO         2375    log_const_data      nrfx_uarte.o
    0x00006a48   0x00006a48   0x00000008   Data   RO         2528    log_const_data      app_button.o
    0x00006a50   0x00006a50   0x00000008   Data   RO         2798    log_const_data      app_timer2.o
    0x00006a58   0x00006a58   0x00000008   Data   RO         3643    log_const_data      nrf_sortlist.o
    0x00006a60   0x00006a60   0x00000008   Data   RO         3928    log_const_data      nrf_log_frontend.o
    0x00006a68   0x00006a68   0x00000014   Data   RO         3929    nrf_balloc          nrf_log_frontend.o


    Execution Region RW_IRAM1 (Exec base: 0x20000000, Load base: 0x00006a7c, Size: 0x00003758, Max: 0x00040000, ABSOLUTE, COMPRESSED[0x00000074])

    Exec Addr    Load Addr    Size         Type   Attr      Idx    E Section Name        Object

    0x20000000   COMPRESSED   0x00000017   Data   RW           19    .data               adicup3029port.o
    0x20000017   COMPRESSED   0x00000001   Data   RW          430    .data               ad5940.o
    0x20000018   COMPRESSED   0x00000010   Data   RW          989    .data               main.o
    0x20000028   COMPRESSED   0x00000004   Data   RW         1033    .data               ad5940main.o
    0x2000002c   COMPRESSED   0x000000a0   Data   RW         1073    .data               amperometric.o
    0x200000cc   COMPRESSED   0x00000014   Data   RW         1421    .data               nrf_drv_uart.o
    0x200000e0   COMPRESSED   0x00000008   Data   RW         1952    .data               nrfx_prs.o
    0x200000e8   COMPRESSED   0x00000004   Data   RW         2919    .data               app_util_platform.o
    0x200000ec   COMPRESSED   0x0000000c   Data   RW         2999    .data               drv_rtc.o
    0x200000f8   COMPRESSED   0x00000018   Data   RW         3794    .data               nrf_log_backend_uart.o
    0x20000110   COMPRESSED   0x00000008   Data   RW         3859    .data               nrf_log_default_backends.o
    0x20000118   COMPRESSED   0x00000004   Data   RW         3925    .data               nrf_log_frontend.o
    0x2000011c   COMPRESSED   0x00000008   Data   RW         3926    .data               nrf_log_frontend.o
    0x20000124   COMPRESSED   0x00000008   Data   RW         3927    .data               nrf_log_frontend.o
    0x2000012c   COMPRESSED   0x00000040   Data   RW         4086    .data               nrf_log_str_formatter.o
    0x2000016c   COMPRESSED   0x00000004   Data   RW         4405    .data               system_nrf52840.o
    0x20000170   COMPRESSED   0x00000004   Data   RW         4892    .data               mc_w.l(stdout.o)
    0x20000174   COMPRESSED   0x00000004   Data   RW         4902    .data               mc_w.l(errno.o)
    0x20000178        -       0x0000001c   Zero   RW          428    .bss                ad5940.o
    0x20000194        -       0x00000fa0   Zero   RW         1032    .bss                ad5940main.o
    0x20001134        -       0x00000020   Zero   RW         1376    .bss                nrf_drv_spi.o
    0x20001154        -       0x0000006c   Zero   RW         1659    .bss                nrfx_gpiote.o
    0x200011c0        -       0x00000024   Zero   RW         2033    .bss                nrfx_spim.o
    0x200011e4        -       0x0000002c   Zero   RW         2181    .bss                nrfx_uart.o
    0x20001210        -       0x00000024   Zero   RW         2369    .bss                nrfx_uarte.o
    0x20001234        -       0x00000040   Zero   RW         3791    .bss                nrf_log_backend_uart.o
    0x20001274        -       0x000000c0   Zero   RW         3919    .bss                nrf_log_frontend.o
    0x20001334        -       0x00000420   Zero   RW         3922    .bss                nrf_log_frontend.o
    0x20001754   COMPRESSED   0x00000004   PAD
    0x20001758        -       0x00002000   Zero   RW         4393    STACK               arm_startup_nrf52840.o


==============================================================================

Image component sizes


      Code (inc. data)   RO Data    RW Data    ZI Data      Debug   Object Name

      7220        232        416          1         28      61736   ad5940.o
       488         80          0          4       4000       4888   ad5940main.o
       412         88         32         23          0     179562   adicup3029port.o
      1548         98          0        160          0     105669   amperometric.o
         0          0         19          0          0       6595   app_button.o
        22          0          0          0          0       2513   app_error.o
       132         46          0          0          0      30893   app_error_weak.o
         0          0         18          0          0       5890   app_timer2.o
        44         10          0          4          0       3324   app_util_platform.o
        36          8        512          0       8192        932   arm_startup_nrf52840.o
        72         10          8          0          0       6823   boards.o
         0          0          0          0          0       3272   bsp.o
        16          4          0         12          0       4925   drv_rtc.o
       172         42         24         16          0       3681   main.o
       294          0          0          0          0       7847   nrf_atomic.o
       104          0          0          0          0       2770   nrf_balloc.o
       168         18         16          0         32      14487   nrf_drv_spi.o
       200         26          0         20          0      17796   nrf_drv_uart.o
        50          0          0          0          0       3521   nrf_fprintf.o
       866          4         16          0          0       6538   nrf_fprintf_format.o
       194          0          0          0          0      11597   nrf_log_backend_serial.o
       226         44         44         24         64      15206   nrf_log_backend_uart.o
         0          0         33          8          0       2517   nrf_log_default_backends.o
      1468        120         32         20       1248      27058   nrf_log_frontend.o
       570        108        102         64          0       5640   nrf_log_str_formatter.o
       342          0          0          0          0       8880   nrf_memobj.o
         0          0          0          0          0       1088   nrf_ringbuf.o
         0          0         17          0          0       1053   nrf_sortlist.o
       580         44         23          0        108      25529   nrfx_gpiote.o
       102         16         12          8          0       4440   nrfx_prs.o
       900         28         17          0         36      58161   nrfx_spim.o
      1354         48         17          0         44      28061   nrfx_uart.o
      1356         48         18          0         36      24823   nrfx_uarte.o
       468         62          0          4          0      12811   system_nrf52840.o

    ----------------------------------------------------------------------
     19444       1184       1428        368      13792     700526   Object Totals
         0          0         32          0          0          0   (incl. Generated)
        40          0         20          0          4          0   (incl. Padding)

    ----------------------------------------------------------------------

      Code (inc. data)   RO Data    RW Data    ZI Data      Debug   Library Member Name

       744        106        152          0          0        352   atan.o
       512         64          0          0          0        208   atan2.o
        72          8          0          0          0        372   dunder.o
        24          0          0          0          0        124   fabs.o
        48          0          0          0          0        124   fpclassify.o
       248          0          0          0          0        152   poly.o
         0          0          8          0          0          0   qnan.o
       122          0          0          0          0        148   sqrt.o
        86          0          0          0          0          0   __dczerorl2.o
         8          4        133          0          0         68   ctype_o.o
         0          0          0          0          0          0   entry.o
         0          0          0          0          0          0   entry10a.o
         0          0          0          0          0          0   entry11a.o
         4          0          0          0          0          0   entry12b.o
         8          4          0          0          0          0   entry2.o
         4          0          0          0          0          0   entry5.o
         0          0          0          0          0          0   entry7b.o
         0          0          0          0          0          0   entry8b.o
         8          4          0          0          0          0   entry9a.o
        12          6          0          4          0         68   errno.o
        18          0          0          0          0         80   fputc.o
        30          0          0          0          0          0   handlers.o
        36          8          0          0          0         68   init.o
         0          0          0          0          0          0   iusefp.o
         0          0          0          0          0          0   iusesemip.o
        30          0          0          0          0         68   llshl.o
        36          0          0          0          0         68   llsshr.o
        32          0          0          0          0         68   llushr.o
        36          0          0          0          0         68   memcpya.o
        36          0          0          0          0        108   memseta.o
      2218         90          0          0          0        464   printfa.o
         0          0          0          0          0          0   semi.o
         0          0          0          4          0          0   stdout.o
        14          0          0          0          0         68   strlen.o
        44          0          0          0          0         80   uidiv.o
        98          0          0          0          0         92   uldiv.o
        48          0          0          0          0         68   cdcmple.o
        48          0          0          0          0         68   cdrcmple.o
        56          0          0          0          0         88   d2f.o
       334          0          0          0          0        148   dadd.o
       222          0          0          0          0        100   ddiv.o
       186          0          0          0          0        176   depilogue.o
        48          0          0          0          0         68   dfixul.o
        26          0          0          0          0         76   dfltui.o
       228          0          0          0          0         96   dmul.o
       162          0          0          0          0        100   dsqrt.o
        38          0          0          0          0         68   f2d.o
       110          0          0          0          0        168   fepilogue.o
        44          0          0          0          0         92   ffltl.o

    ----------------------------------------------------------------------
      6092        294        296          8          0       4164   Library Totals
        14          0          3          0          0          0   (incl. Padding)

    ----------------------------------------------------------------------

      Code (inc. data)   RO Data    RW Data    ZI Data      Debug   Library Name

      1770        178        160          0          0       1480   m_wm.l
      2758        116        133          8          0       1368   mc_w.l
      1550          0          0          0          0       1316   mf_w.l

    ----------------------------------------------------------------------
      6092        294        296          8          0       4164   Library Totals

    ----------------------------------------------------------------------

==============================================================================


      Code (inc. data)   RO Data    RW Data    ZI Data      Debug   

     25536       1478       1724        376      13792     680322   Grand Totals
     25536       1478       1724        116      13792     680322   ELF Image Totals (compressed)
     25536       1478       1724        116          0          0   ROM Totals

==============================================================================

    Total RO  Size (Code + RO Data)                27260 (  26.62kB)
    Total RW  Size (RW Data + ZI Data)             14168 (  13.84kB)
    Total ROM Size (Code + RO Data + RW Data)      27376 (  26.73kB)

==============================================================================

