Component: ARM Compiler 5.06 update 7 (build 960) Tool: armlink [4d3601]

==============================================================================

Section Cross References

    adicup3029port.o(i.AD5940_ClrMCUIntFlag) refers to adicup3029port.o(.data) for .data
    adicup3029port.o(i.AD5940_GetMCUIntFlag) refers to adicup3029port.o(.data) for .data
    adicup3029port.o(i.AD5940_MCUResourceInit) refers to nrf_drv_spi.o(i.nrf_drv_spi_init) for nrf_drv_spi_init
    adicup3029port.o(i.AD5940_MCUResourceInit) refers to app_error.o(i.app_error_handler_bare) for app_error_handler_bare
    adicup3029port.o(i.AD5940_MCUResourceInit) refers to adicup3029port.o(.constdata) for .constdata
    adicup3029port.o(i.AD5940_MCUResourceInit) refers to adicup3029port.o(i.spi_event_handler) for spi_event_handler
    adicup3029port.o(i.AD5940_ReadWriteNBytes) refers to nrfx_spim.o(i.nrfx_spim_xfer) for nrfx_spim_xfer
    adicup3029port.o(i.AD5940_ReadWriteNBytes) refers to adicup3029port.o(.constdata) for .constdata
    adicup3029port.o(i.AD5940_ReadWriteNBytes) refers to adicup3029port.o(.data) for .data
    adicup3029port.o(i.spi_event_handler) refers to nrf_log_frontend.o(i.nrf_log_frontend_std_0) for nrf_log_frontend_std_0
    adicup3029port.o(i.spi_event_handler) refers to strlen.o(.text) for strlen
    adicup3029port.o(i.spi_event_handler) refers to nrf_log_frontend.o(i.nrf_log_frontend_hexdump) for nrf_log_frontend_hexdump
    adicup3029port.o(i.spi_event_handler) refers to adicup3029port.o(.data) for .data
    adicup3029port.o(i.spi_event_handler) refers to nrf_log_frontend.o(log_const_data) for m_nrf_log_app_logs_data_const
    ad5940_spi.o(i.AD5940_Main) refers to ad5940.o(i.AD5940_HWReset) for AD5940_HWReset
    ad5940_spi.o(i.AD5940_Main) refers to ad5940.o(i.AD5940_Initialize) for AD5940_Initialize
    ad5940_spi.o(i.AD5940_Main) refers to ad5940.o(i.AD5940_ReadReg) for AD5940_ReadReg
    ad5940_spi.o(i.AD5940_Main) refers to printf8.o(i.__0printf$8) for __2printf
    ad5940_spi.o(i.AD5940_Main) refers to rand.o(.text) for srand
    ad5940_spi.o(i.AD5940_Main) refers to ad5940.o(i.AD5940_WriteReg) for AD5940_WriteReg
    ad5940_spi.o(i.AD5940_Main) refers to ad5940_spi.o(.data) for .data
    ad5940.o(i.AD5940_ADCBaseCfgS) refers to ad5940.o(i.AD5940_WriteReg) for AD5940_WriteReg
    ad5940.o(i.AD5940_ADCConvtCtrlS) refers to ad5940.o(i.AD5940_ReadReg) for AD5940_ReadReg
    ad5940.o(i.AD5940_ADCConvtCtrlS) refers to ad5940.o(i.AD5940_WriteReg) for AD5940_WriteReg
    ad5940.o(i.AD5940_ADCDigCompCfgS) refers to ad5940.o(i.AD5940_WriteReg) for AD5940_WriteReg
    ad5940.o(i.AD5940_ADCFilterCfgS) refers to ad5940.o(i.AD5940_ReadReg) for AD5940_ReadReg
    ad5940.o(i.AD5940_ADCFilterCfgS) refers to ad5940.o(i.AD5940_WriteReg) for AD5940_WriteReg
    ad5940.o(i.AD5940_ADCFilterCfgS) refers to ad5940.o(i.AD5940_AFECtrlS) for AD5940_AFECtrlS
    ad5940.o(i.AD5940_ADCMuxCfgS) refers to ad5940.o(i.AD5940_ReadReg) for AD5940_ReadReg
    ad5940.o(i.AD5940_ADCMuxCfgS) refers to ad5940.o(i.AD5940_WriteReg) for AD5940_WriteReg
    ad5940.o(i.AD5940_ADCPGACal) refers to ad5940.o(i.__AD5940_ReferenceON) for __AD5940_ReferenceON
    ad5940.o(i.AD5940_ADCPGACal) refers to ad5940.o(i.AD5940_ADCFilterCfgS) for AD5940_ADCFilterCfgS
    ad5940.o(i.AD5940_ADCPGACal) refers to ad5940.o(i.AD5940_AFECtrlS) for AD5940_AFECtrlS
    ad5940.o(i.AD5940_ADCPGACal) refers to adicup3029port.o(i.AD5940_Delay10us) for AD5940_Delay10us
    ad5940.o(i.AD5940_ADCPGACal) refers to ad5940.o(i.AD5940_INTCGetCfg) for AD5940_INTCGetCfg
    ad5940.o(i.AD5940_ADCPGACal) refers to ad5940.o(i.AD5940_INTCCfg) for AD5940_INTCCfg
    ad5940.o(i.AD5940_ADCPGACal) refers to ad5940.o(i.AD5940_WriteReg) for AD5940_WriteReg
    ad5940.o(i.AD5940_ADCPGACal) refers to ad5940.o(i.AD5940_ADCBaseCfgS) for AD5940_ADCBaseCfgS
    ad5940.o(i.AD5940_ADCPGACal) refers to ad5940.o(i.__AD5940_TakeMeasurement) for __AD5940_TakeMeasurement
    ad5940.o(i.AD5940_ADCPGACal) refers to ad5940.o(i.AD5940_ReadReg) for AD5940_ReadReg
    ad5940.o(i.AD5940_ADCPGACal) refers to ad5940.o(i.AD5940_HSLoopCfgS) for AD5940_HSLoopCfgS
    ad5940.o(i.AD5940_ADCPGACal) refers to ad5940.o(i.AD5940_ADCConvtCtrlS) for AD5940_ADCConvtCtrlS
    ad5940.o(i.AD5940_ADCPGACal) refers to ad5940.o(.constdata) for .constdata
    ad5940.o(i.AD5940_ADCPowerCtrlS) refers to ad5940.o(i.AD5940_ReadReg) for AD5940_ReadReg
    ad5940.o(i.AD5940_ADCPowerCtrlS) refers to ad5940.o(i.AD5940_WriteReg) for AD5940_WriteReg
    ad5940.o(i.AD5940_ADCRepeatCfgS) refers to ad5940.o(i.AD5940_WriteReg) for AD5940_WriteReg
    ad5940.o(i.AD5940_AFECtrlS) refers to ad5940.o(i.AD5940_ReadReg) for AD5940_ReadReg
    ad5940.o(i.AD5940_AFECtrlS) refers to ad5940.o(i.AD5940_WriteReg) for AD5940_WriteReg
    ad5940.o(i.AD5940_AFEPwrBW) refers to ad5940.o(i.AD5940_WriteReg) for AD5940_WriteReg
    ad5940.o(i.AD5940_AGPIOCfg) refers to ad5940.o(i.AD5940_AGPIOFuncCfg) for AD5940_AGPIOFuncCfg
[...]
    _printf_pre_padding                      0x000010e1   Thumb Code    46  printf8.o(i._printf_pre_padding)
    i.app_error_fault_handler                0x00001110   Section        0  app_error_weak.o(i.app_error_fault_handler)
    i.app_error_handler_bare                 0x00001194   Section        0  app_error.o(i.app_error_handler_bare)
    i.app_util_critical_region_enter         0x000011aa   Section        0  app_util_platform.o(i.app_util_critical_region_enter)
    i.app_util_critical_region_exit          0x000011ae   Section        0  app_util_platform.o(i.app_util_critical_region_exit)
    i.app_util_disable_irq                   0x000011b4   Section        0  app_util_platform.o(i.app_util_disable_irq)
    i.app_util_enable_irq                    0x000011c4   Section        0  app_util_platform.o(i.app_util_enable_irq)
    i.apply_config                           0x000011d8   Section        0  nrfx_uart.o(i.apply_config)
    apply_config                             0x000011d9   Thumb Code   118  nrfx_uart.o(i.apply_config)
    i.apply_config                           0x0000124e   Section        0  nrfx_uarte.o(i.apply_config)
    apply_config                             0x0000124f   Thumb Code   118  nrfx_uarte.o(i.apply_config)
    i.bsp_board_led_invert                   0x000012c4   Section        0  boards.o(i.bsp_board_led_invert)
    i.buf_prealloc                           0x000012f0   Section        0  nrf_log_frontend.o(i.buf_prealloc)
    buf_prealloc                             0x000012f1   Thumb Code   132  nrf_log_frontend.o(i.buf_prealloc)
    i.buffer_add                             0x0000137c   Section        0  nrf_fprintf_format.o(i.buffer_add)
    buffer_add                               0x0000137d   Thumb Code    46  nrf_fprintf_format.o(i.buffer_add)
    i.buffer_is_empty                        0x000013ac   Section        0  nrf_log_frontend.o(i.buffer_is_empty)
    i.channel_port_get                       0x000013c4   Section        0  nrfx_gpiote.o(i.channel_port_get)
    channel_port_get                         0x000013c5   Thumb Code    10  nrfx_gpiote.o(i.channel_port_get)
    i.dropped_sat16_get                      0x000013d4   Section        0  nrf_log_frontend.o(i.dropped_sat16_get)
    dropped_sat16_get                        0x000013d5   Thumb Code    16  nrf_log_frontend.o(i.dropped_sat16_get)
    i.fputc                                  0x000013e8   Section        0  fputc.o(i.fputc)
    i.int_print                              0x000013fc   Section        0  nrf_fprintf_format.o(i.int_print)
    int_print                                0x000013fd   Thumb Code   166  nrf_fprintf_format.o(i.int_print)
    i.interrupts_enable                      0x000014a4   Section        0  nrfx_uarte.o(i.interrupts_enable)
    interrupts_enable                        0x000014a5   Thumb Code   132  nrfx_uarte.o(i.interrupts_enable)
    i.invalid_packets_omit                   0x0000152c   Section        0  nrf_log_frontend.o(i.invalid_packets_omit)
    invalid_packets_omit                     0x0000152d   Thumb Code    52  nrf_log_frontend.o(i.invalid_packets_omit)
    i.log_skip                               0x00001560   Section        0  nrf_log_frontend.o(i.log_skip)
    log_skip                                 0x00001561   Thumb Code   150  nrf_log_frontend.o(i.log_skip)
    i.main                                   0x00001604   Section        0  main.o(i.main)
    i.memobj_op                              0x000016b0   Section        0  nrf_memobj.o(i.memobj_op)
    memobj_op                                0x000016b1   Thumb Code   126  nrf_memobj.o(i.memobj_op)
    i.module_idx_get                         0x00001730   Section        0  nrf_log_frontend.o(i.module_idx_get)
    module_idx_get                           0x00001731   Thumb Code    42  nrf_log_frontend.o(i.module_idx_get)
    i.nrf_atomic_flag_clear_fetch            0x00001760   Section        0  nrf_atomic.o(i.nrf_atomic_flag_clear_fetch)
    i.nrf_atomic_flag_set                    0x00001766   Section        0  nrf_atomic.o(i.nrf_atomic_flag_set)
    i.nrf_atomic_u32_add                     0x0000176c   Section        0  nrf_atomic.o(i.nrf_atomic_u32_add)
    i.nrf_atomic_u32_fetch_and               0x00001778   Section        0  nrf_atomic.o(i.nrf_atomic_u32_fetch_and)
    i.nrf_atomic_u32_fetch_store             0x00001782   Section        0  nrf_atomic.o(i.nrf_atomic_u32_fetch_store)
    i.nrf_atomic_u32_or                      0x0000178c   Section        0  nrf_atomic.o(i.nrf_atomic_u32_or)
    i.nrf_atomic_u32_sub                     0x00001798   Section        0  nrf_atomic.o(i.nrf_atomic_u32_sub)
    i.nrf_balloc_alloc                       0x000017a4   Section        0  nrf_balloc.o(i.nrf_balloc_alloc)
    i.nrf_balloc_free                        0x000017e2   Section        0  nrf_balloc.o(i.nrf_balloc_free)
    i.nrf_bitmask_bit_is_set                 0x0000180c   Section        0  nrfx_gpiote.o(i.nrf_bitmask_bit_is_set)
    nrf_bitmask_bit_is_set                   0x0000180d   Thumb Code    16  nrfx_gpiote.o(i.nrf_bitmask_bit_is_set)
    i.nrf_drv_spi_init                       0x0000181c   Section        0  nrf_drv_spi.o(i.nrf_drv_spi_init)
    i.nrf_drv_uart_init                      0x0000188c   Section        0  nrf_drv_uart.o(i.nrf_drv_uart_init)
    i.nrf_fprintf                            0x000018f4   Section        0  nrf_fprintf.o(i.nrf_fprintf)
    i.nrf_fprintf_buffer_flush               0x0000190e   Section        0  nrf_fprintf.o(i.nrf_fprintf_buffer_flush)
    i.nrf_fprintf_fmt                        0x00001926   Section        0  nrf_fprintf_format.o(i.nrf_fprintf_fmt)
    i.nrf_gpio_cfg                           0x00001b00   Section        0  nrfx_spim.o(i.nrf_gpio_cfg)
    nrf_gpio_cfg                             0x00001b01   Thumb Code    50  nrfx_spim.o(i.nrf_gpio_cfg)
    i.nrf_gpio_cfg                           0x00001b32   Section        0  nrfx_uart.o(i.nrf_gpio_cfg)
    nrf_gpio_cfg                             0x00001b33   Thumb Code    50  nrfx_uart.o(i.nrf_gpio_cfg)
    i.nrf_gpio_cfg                           0x00001b64   Section        0  nrfx_uarte.o(i.nrf_gpio_cfg)
    nrf_gpio_cfg                             0x00001b65   Thumb Code    50  nrfx_uarte.o(i.nrf_gpio_cfg)
    i.nrf_gpio_cfg_default                   0x00001b96   Section        0  nrfx_uart.o(i.nrf_gpio_cfg_default)
    nrf_gpio_cfg_default                     0x00001b97   Thumb Code    18  nrfx_uart.o(i.nrf_gpio_cfg_default)
    i.nrf_gpio_cfg_default                   0x00001ba8   Section        0  nrfx_uarte.o(i.nrf_gpio_cfg_default)
    nrf_gpio_cfg_default                     0x00001ba9   Thumb Code    18  nrfx_uarte.o(i.nrf_gpio_cfg_default)
    i.nrf_gpio_cfg_input                     0x00001bba   Section        0  nrfx_uart.o(i.nrf_gpio_cfg_input)
    nrf_gpio_cfg_input                       0x00001bbb   Thumb Code    18  nrfx_uart.o(i.nrf_gpio_cfg_input)
    i.nrf_gpio_cfg_input                     0x00001bcc   Section        0  nrfx_uarte.o(i.nrf_gpio_cfg_input)
    nrf_gpio_cfg_input                       0x00001bcd   Thumb Code    18  nrfx_uarte.o(i.nrf_gpio_cfg_input)
    i.nrf_gpio_cfg_output                    0x00001bde   Section        0  nrfx_spim.o(i.nrf_gpio_cfg_output)
    nrf_gpio_cfg_output                      0x00001bdf   Thumb Code    20  nrfx_spim.o(i.nrf_gpio_cfg_output)
    i.nrf_gpio_cfg_output                    0x00001bf2   Section        0  nrfx_uart.o(i.nrf_gpio_cfg_output)
    nrf_gpio_cfg_output                      0x00001bf3   Thumb Code    20  nrfx_uart.o(i.nrf_gpio_cfg_output)
    i.nrf_gpio_cfg_output                    0x00001c06   Section        0  nrfx_uarte.o(i.nrf_gpio_cfg_output)
    nrf_gpio_cfg_output                      0x00001c07   Thumb Code    20  nrfx_uarte.o(i.nrf_gpio_cfg_output)
    i.nrf_gpio_cfg_sense_set                 0x00001c1a   Section        0  nrfx_gpiote.o(i.nrf_gpio_cfg_sense_set)
    nrf_gpio_cfg_sense_set                   0x00001c1b   Thumb Code    48  nrfx_gpiote.o(i.nrf_gpio_cfg_sense_set)
    i.nrf_gpio_latches_read_and_clear        0x00001c4c   Section        0  nrfx_gpiote.o(i.nrf_gpio_latches_read_and_clear)
    nrf_gpio_latches_read_and_clear          0x00001c4d   Thumb Code    42  nrfx_gpiote.o(i.nrf_gpio_latches_read_and_clear)
    i.nrf_gpio_pin_clear                     0x00001c7c   Section        0  nrfx_spim.o(i.nrf_gpio_pin_clear)
    nrf_gpio_pin_clear                       0x00001c7d   Thumb Code    20  nrfx_spim.o(i.nrf_gpio_pin_clear)
    i.nrf_gpio_pin_port_decode               0x00001c90   Section        0  boards.o(i.nrf_gpio_pin_port_decode)
    nrf_gpio_pin_port_decode                 0x00001c91   Thumb Code    22  boards.o(i.nrf_gpio_pin_port_decode)
    i.nrf_gpio_pin_port_decode               0x00001cac   Section        0  nrfx_gpiote.o(i.nrf_gpio_pin_port_decode)
    nrf_gpio_pin_port_decode                 0x00001cad   Thumb Code    22  nrfx_gpiote.o(i.nrf_gpio_pin_port_decode)
    i.nrf_gpio_pin_port_decode               0x00001cc8   Section        0  nrfx_spim.o(i.nrf_gpio_pin_port_decode)
    nrf_gpio_pin_port_decode                 0x00001cc9   Thumb Code    22  nrfx_spim.o(i.nrf_gpio_pin_port_decode)
    i.nrf_gpio_pin_port_decode               0x00001ce4   Section        0  nrfx_uart.o(i.nrf_gpio_pin_port_decode)
    nrf_gpio_pin_port_decode                 0x00001ce5   Thumb Code    22  nrfx_uart.o(i.nrf_gpio_pin_port_decode)
    i.nrf_gpio_pin_port_decode               0x00001d00   Section        0  nrfx_uarte.o(i.nrf_gpio_pin_port_decode)
    nrf_gpio_pin_port_decode                 0x00001d01   Thumb Code    22  nrfx_uarte.o(i.nrf_gpio_pin_port_decode)
    i.nrf_gpio_pin_set                       0x00001d1c   Section        0  nrfx_spim.o(i.nrf_gpio_pin_set)
    nrf_gpio_pin_set                         0x00001d1d   Thumb Code    20  nrfx_spim.o(i.nrf_gpio_pin_set)
    i.nrf_gpio_pin_set                       0x00001d30   Section        0  nrfx_uart.o(i.nrf_gpio_pin_set)
    nrf_gpio_pin_set                         0x00001d31   Thumb Code    20  nrfx_uart.o(i.nrf_gpio_pin_set)
    i.nrf_gpio_pin_set                       0x00001d44   Section        0  nrfx_uarte.o(i.nrf_gpio_pin_set)
    nrf_gpio_pin_set                         0x00001d45   Thumb Code    20  nrfx_uarte.o(i.nrf_gpio_pin_set)
    i.nrf_gpiote_event_clear                 0x00001d58   Section        0  nrfx_gpiote.o(i.nrf_gpiote_event_clear)
    nrf_gpiote_event_clear                   0x00001d59   Thumb Code    16  nrfx_gpiote.o(i.nrf_gpiote_event_clear)
    i.nrf_gpiote_event_is_set                0x00001d6c   Section        0  nrfx_gpiote.o(i.nrf_gpiote_event_is_set)
    nrf_gpiote_event_is_set                  0x00001d6d   Thumb Code    12  nrfx_gpiote.o(i.nrf_gpiote_event_is_set)
    i.nrf_log_backend_serial_put             0x00001d7c   Section        0  nrf_log_backend_serial.o(i.nrf_log_backend_serial_put)
    i.nrf_log_backend_uart_flush             0x00001e3e   Section        0  nrf_log_backend_uart.o(i.nrf_log_backend_uart_flush)
    nrf_log_backend_uart_flush               0x00001e3f   Thumb Code     2  nrf_log_backend_uart.o(i.nrf_log_backend_uart_flush)
    i.nrf_log_backend_uart_panic_set         0x00001e40   Section        0  nrf_log_backend_uart.o(i.nrf_log_backend_uart_panic_set)
    nrf_log_backend_uart_panic_set           0x00001e41   Thumb Code    36  nrf_log_backend_uart.o(i.nrf_log_backend_uart_panic_set)
    i.nrf_log_backend_uart_put               0x00001e6c   Section        0  nrf_log_backend_uart.o(i.nrf_log_backend_uart_put)
    nrf_log_backend_uart_put                 0x00001e6d   Thumb Code    16  nrf_log_backend_uart.o(i.nrf_log_backend_uart_put)
    i.nrf_log_color_id_get                   0x00001e84   Section        0  nrf_log_frontend.o(i.nrf_log_color_id_get)
    i.nrf_log_frontend_dequeue               0x00001eb4   Section        0  nrf_log_frontend.o(i.nrf_log_frontend_dequeue)
    i.nrf_log_frontend_hexdump               0x000020e4   Section        0  nrf_log_frontend.o(i.nrf_log_frontend_hexdump)
    i.nrf_log_frontend_std_0                 0x0000218c   Section        0  nrf_log_frontend.o(i.nrf_log_frontend_std_0)
    i.nrf_log_hexdump_entry_process          0x00002194   Section        0  nrf_log_str_formatter.o(i.nrf_log_hexdump_entry_process)
    i.nrf_log_module_cnt_get                 0x00002244   Section        0  nrf_log_frontend.o(i.nrf_log_module_cnt_get)
    i.nrf_log_module_name_get                0x00002258   Section        0  nrf_log_frontend.o(i.nrf_log_module_name_get)
    i.nrf_log_panic                          0x00002274   Section        0  nrf_log_frontend.o(i.nrf_log_panic)
    i.nrf_log_std_entry_process              0x0000229c   Section        0  nrf_log_str_formatter.o(i.nrf_log_std_entry_process)
    i.nrf_memobj_alloc                       0x00002352   Section        0  nrf_memobj.o(i.nrf_memobj_alloc)
    i.nrf_memobj_free                        0x000023b2   Section        0  nrf_memobj.o(i.nrf_memobj_free)
    i.nrf_memobj_get                         0x000023e4   Section        0  nrf_memobj.o(i.nrf_memobj_get)
    i.nrf_memobj_put                         0x000023ec   Section        0  nrf_memobj.o(i.nrf_memobj_put)
    i.nrf_memobj_read                        0x0000240a   Section        0  nrf_memobj.o(i.nrf_memobj_read)
    i.nrf_memobj_write                       0x0000241a   Section        0  nrf_memobj.o(i.nrf_memobj_write)
    i.nrf_spim_event_check                   0x0000242a   Section        0  nrfx_spim.o(i.nrf_spim_event_check)
    nrf_spim_event_check                     0x0000242b   Thumb Code    10  nrfx_spim.o(i.nrf_spim_event_check)
    i.nrf_uart_event_check                   0x00002434   Section        0  nrfx_uart.o(i.nrf_uart_event_check)
    nrf_uart_event_check                     0x00002435   Thumb Code    10  nrfx_uart.o(i.nrf_uart_event_check)
    i.nrf_uart_event_clear                   0x0000243e   Section        0  nrfx_uart.o(i.nrf_uart_event_clear)
    nrf_uart_event_clear                     0x0000243f   Thumb Code    12  nrfx_uart.o(i.nrf_uart_event_clear)
    i.nrf_uart_int_enable_check              0x0000244a   Section        0  nrfx_uart.o(i.nrf_uart_int_enable_check)
    nrf_uart_int_enable_check                0x0000244b   Thumb Code    12  nrfx_uart.o(i.nrf_uart_int_enable_check)
    i.nrf_uarte_event_check                  0x00002456   Section        0  nrfx_uarte.o(i.nrf_uarte_event_check)
    nrf_uarte_event_check                    0x00002457   Thumb Code    10  nrfx_uarte.o(i.nrf_uarte_event_check)
    i.nrf_uarte_event_clear                  0x00002460   Section        0  nrfx_uarte.o(i.nrf_uarte_event_clear)
    nrf_uarte_event_clear                    0x00002461   Thumb Code    12  nrfx_uarte.o(i.nrf_uarte_event_clear)
    i.nrfx_is_in_ram                         0x0000246c   Section        0  nrfx_spim.o(i.nrfx_is_in_ram)
    nrfx_is_in_ram                           0x0000246d   Thumb Code    16  nrfx_spim.o(i.nrfx_is_in_ram)
    i.nrfx_is_in_ram                         0x0000247c   Section        0  nrfx_uarte.o(i.nrfx_is_in_ram)
    nrfx_is_in_ram                           0x0000247d   Thumb Code    16  nrfx_uarte.o(i.nrfx_is_in_ram)
    i.nrfx_prs_acquire                       0x0000248c   Section        0  nrfx_prs.o(i.nrfx_prs_acquire)
    i.nrfx_prs_release                       0x000024bc   Section        0  nrfx_prs.o(i.nrfx_prs_release)
    i.nrfx_spim_init                         0x000024d0   Section        0  nrfx_spim.o(i.nrfx_spim_init)
    i.nrfx_spim_xfer                         0x0000263c   Section        0  nrfx_spim.o(i.nrfx_spim_xfer)
    i.nrfx_uart_0_irq_handler                0x000026a0   Section        0  nrfx_uart.o(i.nrfx_uart_0_irq_handler)
    i.nrfx_uart_init                         0x000026b0   Section        0  nrfx_uart.o(i.nrfx_uart_init)
    i.nrfx_uart_tx                           0x00002784   Section        0  nrfx_uart.o(i.nrfx_uart_tx)
    i.nrfx_uart_tx_in_progress               0x0000282c   Section        0  nrfx_uart.o(i.nrfx_uart_tx_in_progress)
    i.nrfx_uart_uninit                       0x0000284c   Section        0  nrfx_uart.o(i.nrfx_uart_uninit)
    i.nrfx_uarte_0_irq_handler               0x0000290c   Section        0  nrfx_uarte.o(i.nrfx_uarte_0_irq_handler)
    i.nrfx_uarte_init                        0x0000291c   Section        0  nrfx_uarte.o(i.nrfx_uarte_init)
    i.nrfx_uarte_tx                          0x00002988   Section        0  nrfx_uarte.o(i.nrfx_uarte_tx)
    i.nrfx_uarte_tx_in_progress              0x00002a34   Section        0  nrfx_uarte.o(i.nrfx_uarte_tx_in_progress)
    i.nrfx_uarte_uninit                      0x00002a50   Section        0  nrfx_uarte.o(i.nrfx_uarte_uninit)
    i.port_event_handle                      0x00002b58   Section        0  nrfx_gpiote.o(i.port_event_handle)
    port_event_handle                        0x00002b59   Thumb Code   202  nrfx_gpiote.o(i.port_event_handle)
    i.port_handler_polarity_get              0x00002c28   Section        0  nrfx_gpiote.o(i.port_handler_polarity_get)
    port_handler_polarity_get                0x00002c29   Thumb Code    12  nrfx_gpiote.o(i.port_handler_polarity_get)
    i.postfix_process                        0x00002c38   Section        0  nrf_log_str_formatter.o(i.postfix_process)
    postfix_process                          0x00002c39   Thumb Code    48  nrf_log_str_formatter.o(i.postfix_process)
    i.prefix_process                         0x00002c74   Section        0  nrf_log_str_formatter.o(i.prefix_process)
    prefix_process                           0x00002c75   Thumb Code    90  nrf_log_str_formatter.o(i.prefix_process)
    i.prs_box_get                            0x00002d0c   Section        0  nrfx_prs.o(i.prs_box_get)
    prs_box_get                              0x00002d0d   Thumb Code    14  nrfx_prs.o(i.prs_box_get)
    i.rx_byte                                0x00002d24   Section        0  nrfx_uart.o(i.rx_byte)
    rx_byte                                  0x00002d25   Thumb Code    50  nrfx_uart.o(i.rx_byte)
    i.rx_done_event                          0x00002d56   Section        0  nrfx_uart.o(i.rx_done_event)
    rx_done_event                            0x00002d57   Thumb Code    22  nrfx_uart.o(i.rx_done_event)
    i.rx_done_event                          0x00002d6c   Section        0  nrfx_uarte.o(i.rx_done_event)
    rx_done_event                            0x00002d6d   Thumb Code    22  nrfx_uarte.o(i.rx_done_event)
    i.serial_tx                              0x00002d84   Section        0  nrf_log_backend_uart.o(i.serial_tx)
    serial_tx                                0x00002d85   Thumb Code    54  nrf_log_backend_uart.o(i.serial_tx)
    i.spi_event_handler                      0x00002dc4   Section        0  adicup3029port.o(i.spi_event_handler)
    i.spim_evt_handler                       0x00002e3c   Section        0  nrf_drv_spi.o(i.spim_evt_handler)
    spim_evt_handler                         0x00002e3d   Thumb Code    52  nrf_drv_spi.o(i.spim_evt_handler)
    i.spim_xfer                              0x00002e74   Section        0  nrfx_spim.o(i.spim_xfer)
    spim_xfer                                0x00002e75   Thumb Code   188  nrfx_spim.o(i.spim_xfer)
    i.std_n                                  0x00002f30   Section        0  nrf_log_frontend.o(i.std_n)
    std_n                                    0x00002f31   Thumb Code   140  nrf_log_frontend.o(i.std_n)
    i.tx_byte                                0x00002fc4   Section        0  nrfx_uart.o(i.tx_byte)
    tx_byte                                  0x00002fc5   Thumb Code    32  nrfx_uart.o(i.tx_byte)
    i.tx_done_event                          0x00002fe4   Section        0  nrfx_uart.o(i.tx_done_event)
    tx_done_event                            0x00002fe5   Thumb Code    26  nrfx_uart.o(i.tx_done_event)
    i.tx_done_event                          0x00002ffe   Section        0  nrfx_uarte.o(i.tx_done_event)
    tx_done_event                            0x00002fff   Thumb Code    26  nrfx_uarte.o(i.tx_done_event)
    i.uart_evt_handler                       0x00003018   Section        0  nrf_drv_uart.o(i.uart_evt_handler)
    uart_evt_handler                         0x00003019   Thumb Code    42  nrf_drv_uart.o(i.uart_evt_handler)
    i.uart_evt_handler                       0x00003048   Section        0  nrf_log_backend_uart.o(i.uart_evt_handler)
    uart_evt_handler                         0x00003049   Thumb Code     8  nrf_log_backend_uart.o(i.uart_evt_handler)
    i.uart_init                              0x00003054   Section        0  nrf_log_backend_uart.o(i.uart_init)
    uart_init                                0x00003055   Thumb Code    66  nrf_log_backend_uart.o(i.uart_init)
    i.uart_irq_handler                       0x000030a4   Section        0  nrfx_uart.o(i.uart_irq_handler)
    uart_irq_handler                         0x000030a5   Thumb Code   298  nrfx_uart.o(i.uart_irq_handler)
    i.uarte_evt_handler                      0x000031d0   Section        0  nrf_drv_uart.o(i.uarte_evt_handler)
    uarte_evt_handler                        0x000031d1   Thumb Code    42  nrf_drv_uart.o(i.uarte_evt_handler)
    i.uarte_irq_handler                      0x00003200   Section        0  nrfx_uarte.o(i.uarte_irq_handler)
    uarte_irq_handler                        0x00003201   Thumb Code   274  nrfx_uarte.o(i.uarte_irq_handler)
    i.unsigned_print                         0x00003314   Section        0  nrf_fprintf_format.o(i.unsigned_print)
    unsigned_print                           0x00003315   Thumb Code   176  nrf_fprintf_format.o(i.unsigned_print)
    .constdata                               0x000033c8   Section       32  adicup3029port.o(.constdata)
    spi                                      0x000033c8   Data          16  adicup3029port.o(.constdata)
    .constdata                               0x000033e8   Section      416  ad5940.o(.constdata)
    SeqA                                     0x000033e8   Data           4  ad5940.o(.constdata)
    SeqB                                     0x000033ec   Data           4  ad5940.o(.constdata)
    SeqBB                                    0x000033f0   Data           8  ad5940.o(.constdata)
    cal_registers                            0x000034bc   Data          20  ad5940.o(.constdata)
    ideal_pga_gain                           0x000034d0   Data          20  ad5940.o(.constdata)
    .constdata                               0x00003590   Section       24  main.o(.constdata)
    delay_machine_code                       0x00003590   Data           6  main.o(.constdata)
    spi                                      0x00003598   Data          16  main.o(.constdata)
    .constdata                               0x000035a8   Section        8  boards.o(.constdata)
    m_board_led_list                         0x000035a8   Data           4  boards.o(.constdata)
    m_board_btn_list                         0x000035ac   Data           4  boards.o(.constdata)
    .constdata                               0x000035b0   Section       16  nrf_drv_spi.o(.constdata)
    .constdata                               0x000035c0   Section        8  nrfx_gpiote.o(.constdata)
    .constdata                               0x000035c8   Section        4  nrfx_spim.o(.constdata)
    irq_handlers                             0x000035c8   Data           4  nrfx_spim.o(.constdata)
    .constdata                               0x000035cc   Section        4  nrfx_uart.o(.constdata)
    irq_handlers                             0x000035cc   Data           4  nrfx_uart.o(.constdata)
    .constdata                               0x000035d0   Section        4  nrfx_uarte.o(.constdata)
    irq_handlers                             0x000035d0   Data           4  nrfx_uarte.o(.constdata)
    .constdata                               0x000035d4   Section       16  nrf_fprintf_format.o(.constdata)
    _aV2C                                    0x000035d4   Data          16  nrf_fprintf_format.o(.constdata)
    .constdata                               0x000035e4   Section       12  nrf_log_backend_uart.o(.constdata)
    .constdata                               0x000035f0   Section       32  nrf_log_backend_uart.o(.constdata)
    .constdata                               0x00003610   Section      129  ctype_o.o(.constdata)
    .constdata                               0x00003694   Section        4  ctype_o.o(.constdata)
    table                                    0x00003694   Data           4  ctype_o.o(.constdata)
    .conststring                             0x00003698   Section      102  nrf_log_str_formatter.o(.conststring)
    .conststrlit                             0x00003700   Section        7  nrfx_gpiote.o(.conststrlit)
    .conststrlit                             0x00003708   Section        4  nrfx_prs.o(.conststrlit)
    .conststrlit                             0x0000370c   Section        5  nrfx_spim.o(.conststrlit)
    .conststrlit                             0x00003714   Section        5  nrfx_uart.o(.conststrlit)
    .conststrlit                             0x0000371c   Section        6  nrfx_uarte.o(.conststrlit)
    .conststrlit                             0x00003724   Section       11  app_button.o(.conststrlit)
    .conststrlit                             0x00003730   Section       10  app_timer2.o(.conststrlit)
    .conststrlit                             0x0000373c   Section        9  nrf_sortlist.o(.conststrlit)
    .conststrlit                             0x00003748   Section       17  nrf_log_default_backends.o(.conststrlit)
    .conststrlit                             0x0000375c   Section        4  nrf_log_frontend.o(.conststrlit)
    log_backends                             0x00003780   Section       16  nrf_log_default_backends.o(log_backends)
    __tagsym$$used                           0x00003780   Number         0  nrf_log_default_backends.o(log_backends)
    uart_log_backend                         0x00003780   Data          16  nrf_log_default_backends.o(log_backends)
    log_const_data                           0x00003790   Section        8  nrfx_gpiote.o(log_const_data)
    __tagsym$$used                           0x00003790   Number         0  nrfx_gpiote.o(log_const_data)
    log_const_data                           0x00003798   Section        8  nrfx_prs.o(log_const_data)
    __tagsym$$used                           0x00003798   Number         0  nrfx_prs.o(log_const_data)
    log_const_data                           0x000037a0   Section        8  nrfx_spim.o(log_const_data)
    __tagsym$$used                           0x000037a0   Number         0  nrfx_spim.o(log_const_data)
    log_const_data                           0x000037a8   Section        8  nrfx_uart.o(log_const_data)
    __tagsym$$used                           0x000037a8   Number         0  nrfx_uart.o(log_const_data)
    log_const_data                           0x000037b0   Section        8  nrfx_uarte.o(log_const_data)
    __tagsym$$used                           0x000037b0   Number         0  nrfx_uarte.o(log_const_data)
    log_const_data                           0x000037b8   Section        8  app_button.o(log_const_data)
    __tagsym$$used                           0x000037b8   Number         0  app_button.o(log_const_data)
    log_const_data                           0x000037c0   Section        8  app_timer2.o(log_const_data)
    __tagsym$$used                           0x000037c0   Number         0  app_timer2.o(log_const_data)
    log_const_data                           0x000037c8   Section        8  nrf_sortlist.o(log_const_data)
    __tagsym$$used                           0x000037c8   Number         0  nrf_sortlist.o(log_const_data)
    log_const_data                           0x000037d0   Section        8  nrf_log_frontend.o(log_const_data)
    __tagsym$$used                           0x000037d0   Number         0  nrf_log_frontend.o(log_const_data)
    nrf_balloc                               0x000037d8   Section       20  nrf_log_frontend.o(nrf_balloc)
    __tagsym$$used                           0x000037d8   Number         0  nrf_log_frontend.o(nrf_balloc)
    .data                                    0x20000000   Section       23  adicup3029port.o(.data)
    spi_xfer_done                            0x20000000   Data           1  adicup3029port.o(.data)
    ucInterrupted                            0x20000004   Data           4  adicup3029port.o(.data)
    m_tx_buf                                 0x20000008   Data           7  adicup3029port.o(.data)
    m_rx_buf                                 0x2000000f   Data           8  adicup3029port.o(.data)
    .data                                    0x20000018   Section        8  ad5940_spi.o(.data)
    count                                    0x20000018   Data           4  ad5940_spi.o(.data)
    data                                     0x2000001c   Data           4  ad5940_spi.o(.data)
    .data                                    0x20000020   Section        1  ad5940.o(.data)
    bIsS2silicon                             0x20000020   Data           1  ad5940.o(.data)
    .data                                    0x20000021   Section       16  main.o(.data)
    spi_xfer_done                            0x20000021   Data           1  main.o(.data)
    m_tx_buf                                 0x20000022   Data           7  main.o(.data)
    m_rx_buf                                 0x20000029   Data           8  main.o(.data)
    .data                                    0x20000034   Section       20  nrf_drv_uart.o(.data)
    m_handlers                               0x20000038   Data           8  nrf_drv_uart.o(.data)
    m_contexts                               0x20000040   Data           8  nrf_drv_uart.o(.data)
    .data                                    0x20000048   Section        8  nrfx_prs.o(.data)
    m_prs_box_4                              0x20000048   Data           8  nrfx_prs.o(.data)
    .data                                    0x20000050   Section        4  app_util_platform.o(.data)
    m_in_critical_region                     0x20000050   Data           4  app_util_platform.o(.data)
    .data                                    0x20000054   Section       12  drv_rtc.o(.data)
    m_handlers                               0x20000054   Data           4  drv_rtc.o(.data)
    m_cb                                     0x20000058   Data           8  drv_rtc.o(.data)
    .data                                    0x20000060   Section       24  nrf_log_backend_uart.o(.data)
    m_xfer_done                              0x20000060   Data           1  nrf_log_backend_uart.o(.data)
    m_async_mode                             0x20000061   Data           1  nrf_log_backend_uart.o(.data)
    .data                                    0x20000078   Section        8  nrf_log_default_backends.o(.data)
    log_backend_cb_uart_log_backend          0x20000078   Data           8  nrf_log_default_backends.o(.data)
    .data                                    0x20000080   Section        4  nrf_log_frontend.o(.data)
    m_buffer_mask                            0x20000080   Data           4  nrf_log_frontend.o(.data)
    .data                                    0x20000084   Section        8  nrf_log_frontend.o(.data)
    log_mempool_nrf_balloc_pool_stack        0x20000084   Data           8  nrf_log_frontend.o(.data)
    .data                                    0x2000008c   Section        8  nrf_log_frontend.o(.data)
    log_mempool_nrf_balloc_cb                0x2000008c   Data           8  nrf_log_frontend.o(.data)
    .data                                    0x20000094   Section       64  nrf_log_str_formatter.o(.data)
    m_freq                                   0x20000094   Data           4  nrf_log_str_formatter.o(.data)
    m_timestamp_div                          0x20000098   Data           4  nrf_log_str_formatter.o(.data)
    severity_names                           0x2000009c   Data          20  nrf_log_str_formatter.o(.data)
    m_colors                                 0x200000b0   Data          36  nrf_log_str_formatter.o(.data)
    .data                                    0x200000d4   Section        4  system_nrf52840.o(.data)
    __tagsym$$used                           0x200000d4   Number         0  system_nrf52840.o(.data)
    .data                                    0x200000d8   Section        4  rand.o(.data)
    _rand_state                              0x200000d8   Data           4  rand.o(.data)
    .data                                    0x200000dc   Section        4  stdout.o(.data)
    .bss                                     0x200000e0   Section       28  ad5940.o(.bss)
    .bss                                     0x200000fc   Section       32  nrf_drv_spi.o(.bss)
    m_handlers                               0x200000fc   Data          16  nrf_drv_spi.o(.bss)
    m_contexts                               0x2000010c   Data          16  nrf_drv_spi.o(.bss)
    .bss                                     0x2000011c   Section      108  nrfx_gpiote.o(.bss)
    m_cb                                     0x2000011c   Data         108  nrfx_gpiote.o(.bss)
    .bss                                     0x20000188   Section       36  nrfx_spim.o(.bss)
    m_cb                                     0x20000188   Data          36  nrfx_spim.o(.bss)
    .bss                                     0x200001ac   Section       44  nrfx_uart.o(.bss)
    m_cb                                     0x200001ac   Data          44  nrfx_uart.o(.bss)
    .bss                                     0x200001d8   Section       36  nrfx_uarte.o(.bss)
    m_cb                                     0x200001d8   Data          36  nrfx_uarte.o(.bss)
    .bss                                     0x200001fc   Section       64  nrf_log_backend_uart.o(.bss)
    m_string_buff                            0x200001fc   Data          64  nrf_log_backend_uart.o(.bss)
    .bss                                     0x2000023c   Section      192  nrf_log_frontend.o(.bss)
    log_mempool_nrf_balloc_pool_mem          0x2000023c   Data         192  nrf_log_frontend.o(.bss)
    .bss                                     0x200002fc   Section     1056  nrf_log_frontend.o(.bss)
    m_log_data                               0x200002fc   Data        1056  nrf_log_frontend.o(.bss)
    STACK                                    0x20000720   Section     8192  arm_startup_nrf52840.o(STACK)

    Global Symbols

    Symbol Name                              Value     Ov Type        Size  Object(Section)

    BuildAttributes$$THM_ISAv4$E$P$D$K$B$S$7EM$VFPi3$EXTD16$VFPS$VFMA$PE$A:L22UL41UL21$X:L11$S22US41US21$IEEE1$IW$USESV6$~STKCKD$USESV7$~SHL$OTIME$ROPI$IEEEX$EBA8$MICROLIB$REQ8$EABIv2 0x00000000   Number         0  anon$$obj.o ABSOLUTE
    __ARM_use_no_argv                        0x00000000   Number         0  main.o ABSOLUTE
    __Vectors                                0x00000000   Data           4  arm_startup_nrf52840.o(RESET)
    _printf_a                                0x00000000   Number         0  stubs.o ABSOLUTE
    _printf_c                                0x00000000   Number         0  stubs.o ABSOLUTE
    _printf_charcount                        0x00000000   Number         0  stubs.o ABSOLUTE
    _printf_d                                0x00000000   Number         0  stubs.o ABSOLUTE
    _printf_e                                0x00000000   Number         0  stubs.o ABSOLUTE
    _printf_f                                0x00000000   Number         0  stubs.o ABSOLUTE
    _printf_flags                            0x00000000   Number         0  stubs.o ABSOLUTE
    _printf_fp_dec                           0x00000000   Number         0  stubs.o ABSOLUTE
    _printf_fp_hex                           0x00000000   Number         0  stubs.o ABSOLUTE
    _printf_g                                0x00000000   Number         0  stubs.o ABSOLUTE
    _printf_i                                0x00000000   Number         0  stubs.o ABSOLUTE
    _printf_int_dec                          0x00000000   Number         0  stubs.o ABSOLUTE
    _printf_l                                0x00000000   Number         0  stubs.o ABSOLUTE
    _printf_lc                               0x00000000   Number         0  stubs.o ABSOLUTE
    _printf_ll                               0x00000000   Number         0  stubs.o ABSOLUTE
    _printf_lld                              0x00000000   Number         0  stubs.o ABSOLUTE
    _printf_lli                              0x00000000   Number         0  stubs.o ABSOLUTE
    _printf_llo                              0x00000000   Number         0  stubs.o ABSOLUTE
    _printf_llu                              0x00000000   Number         0  stubs.o ABSOLUTE
    _printf_llx                              0x00000000   Number         0  stubs.o ABSOLUTE
    _printf_longlong_dec                     0x00000000   Number         0  stubs.o ABSOLUTE
    _printf_longlong_hex                     0x00000000   Number         0  stubs.o ABSOLUTE
    _printf_longlong_oct                     0x00000000   Number         0  stubs.o ABSOLUTE
    _printf_ls                               0x00000000   Number         0  stubs.o ABSOLUTE
    _printf_mbtowc                           0x00000000   Number         0  stubs.o ABSOLUTE
    _printf_n                                0x00000000   Number         0  stubs.o ABSOLUTE
    _printf_o                                0x00000000   Number         0  stubs.o ABSOLUTE
    _printf_p                                0x00000000   Number         0  stubs.o ABSOLUTE
    _printf_percent                          0x00000000   Number         0  stubs.o ABSOLUTE
    _printf_pre_padding                      0x00000000   Number         0  stubs.o ABSOLUTE
    _printf_return_value                     0x00000000   Number         0  stubs.o ABSOLUTE
    _printf_s                                0x00000000   Number         0  stubs.o ABSOLUTE
    _printf_sizespec                         0x00000000   Number         0  stubs.o ABSOLUTE
    _printf_str                              0x00000000   Number         0  stubs.o ABSOLUTE
    _printf_truncate_signed                  0x00000000   Number         0  stubs.o ABSOLUTE
    _printf_truncate_unsigned                0x00000000   Number         0  stubs.o ABSOLUTE
    _printf_u                                0x00000000   Number         0  stubs.o ABSOLUTE
    _printf_wc                               0x00000000   Number         0  stubs.o ABSOLUTE
    _printf_wctomb                           0x00000000   Number         0  stubs.o ABSOLUTE
    _printf_widthprec                        0x00000000   Number         0  stubs.o ABSOLUTE
    _printf_x                                0x00000000   Number         0  stubs.o ABSOLUTE
    __arm_fini_                               - Undefined Weak Reference
    __cpp_initialize__aeabi_                  - Undefined Weak Reference
    __cxa_finalize                            - Undefined Weak Reference
    __decompress                              - Undefined Weak Reference
    _clock_init                               - Undefined Weak Reference
    _microlib_exit                            - Undefined Weak Reference
    log_dynamic_data$$Base                    - Undefined Reference
    __Vectors_End                            0x00000200   Data           0  arm_startup_nrf52840.o(RESET)
    __Vectors_Size                           0x00000200   Number         0  arm_startup_nrf52840.o ABSOLUTE
    __main                                   0x00000201   Thumb Code     0  entry.o(.ARM.Collect$$$$00000000)
    _main_stk                                0x00000201   Thumb Code     0  entry2.o(.ARM.Collect$$$$00000001)
    _main_scatterload                        0x00000205   Thumb Code     0  entry5.o(.ARM.Collect$$$$00000004)
    __main_after_scatterload                 0x00000209   Thumb Code     0  entry5.o(.ARM.Collect$$$$00000004)
    _main_clock                              0x00000209   Thumb Code     0  entry7b.o(.ARM.Collect$$$$00000008)
    _main_cpp_init                           0x00000209   Thumb Code     0  entry8b.o(.ARM.Collect$$$$0000000A)
    _main_init                               0x00000209   Thumb Code     0  entry9a.o(.ARM.Collect$$$$0000000B)
    __rt_lib_shutdown_fini                   0x00000211   Thumb Code     0  entry12b.o(.ARM.Collect$$$$0000000E)
    __rt_final_cpp                           0x00000215   Thumb Code     0  entry10a.o(.ARM.Collect$$$$0000000F)
    __rt_final_exit                          0x00000215   Thumb Code     0  entry11a.o(.ARM.Collect$$$$00000011)
    __asm___12_nrf_atomic_c_85ca2469__nrf_atomic_internal_mov 0x00000219   Thumb Code    24  nrf_atomic.o(.emb_text)
    __asm___12_nrf_atomic_c_85ca2469__nrf_atomic_internal_orr 0x00000231   Thumb Code    26  nrf_atomic.o(.emb_text)
    __asm___12_nrf_atomic_c_85ca2469__nrf_atomic_internal_and 0x0000024b   Thumb Code    26  nrf_atomic.o(.emb_text)
    __asm___12_nrf_atomic_c_85ca2469__nrf_atomic_internal_eor 0x00000265   Thumb Code    26  nrf_atomic.o(.emb_text)
    __asm___12_nrf_atomic_c_85ca2469__nrf_atomic_internal_add 0x0000027f   Thumb Code    26  nrf_atomic.o(.emb_text)
    __asm___12_nrf_atomic_c_85ca2469__nrf_atomic_internal_sub 0x00000299   Thumb Code    26  nrf_atomic.o(.emb_text)
    __asm___12_nrf_atomic_c_85ca2469__nrf_atomic_internal_cmp_exch 0x000002b3   Thumb Code    42  nrf_atomic.o(.emb_text)
    __asm___12_nrf_atomic_c_85ca2469__nrf_atomic_internal_sub_hs 0x000002dd   Thumb Code    30  nrf_atomic.o(.emb_text)
    Reset_Handler                            0x000002fd   Thumb Code     8  arm_startup_nrf52840.o(.text)
    NMI_Handler                              0x00000305   Thumb Code     2  arm_startup_nrf52840.o(.text)
    HardFault_Handler                        0x00000307   Thumb Code     2  arm_startup_nrf52840.o(.text)
    MemoryManagement_Handler                 0x00000309   Thumb Code     2  arm_startup_nrf52840.o(.text)
    BusFault_Handler                         0x0000030b   Thumb Code     2  arm_startup_nrf52840.o(.text)
    UsageFault_Handler                       0x0000030d   Thumb Code     2  arm_startup_nrf52840.o(.text)
    SVC_Handler                              0x0000030f   Thumb Code     2  arm_startup_nrf52840.o(.text)
    DebugMon_Handler                         0x00000311   Thumb Code     2  arm_startup_nrf52840.o(.text)
    PendSV_Handler                           0x00000313   Thumb Code     2  arm_startup_nrf52840.o(.text)
    SysTick_Handler                          0x00000315   Thumb Code     2  arm_startup_nrf52840.o(.text)
    CCM_AAR_IRQHandler                       0x00000317   Thumb Code     0  arm_startup_nrf52840.o(.text)
    COMP_LPCOMP_IRQHandler                   0x00000317   Thumb Code     0  arm_startup_nrf52840.o(.text)
    CRYPTOCELL_IRQHandler                    0x00000317   Thumb Code     0  arm_startup_nrf52840.o(.text)
    ECB_IRQHandler                           0x00000317   Thumb Code     0  arm_startup_nrf52840.o(.text)
    FPU_IRQHandler                           0x00000317   Thumb Code     0  arm_startup_nrf52840.o(.text)
    I2S_IRQHandler                           0x00000317   Thumb Code     0  arm_startup_nrf52840.o(.text)
    MWU_IRQHandler                           0x00000317   Thumb Code     0  arm_startup_nrf52840.o(.text)
    NFCT_IRQHandler                          0x00000317   Thumb Code     0  arm_startup_nrf52840.o(.text)
    PDM_IRQHandler                           0x00000317   Thumb Code     0  arm_startup_nrf52840.o(.text)
    POWER_CLOCK_IRQHandler                   0x00000317   Thumb Code     0  arm_startup_nrf52840.o(.text)
    PWM0_IRQHandler                          0x00000317   Thumb Code     0  arm_startup_nrf52840.o(.text)
    PWM1_IRQHandler                          0x00000317   Thumb Code     0  arm_startup_nrf52840.o(.text)
    PWM2_IRQHandler                          0x00000317   Thumb Code     0  arm_startup_nrf52840.o(.text)
    PWM3_IRQHandler                          0x00000317   Thumb Code     0  arm_startup_nrf52840.o(.text)
    QDEC_IRQHandler                          0x00000317   Thumb Code     0  arm_startup_nrf52840.o(.text)
    QSPI_IRQHandler                          0x00000317   Thumb Code     0  arm_startup_nrf52840.o(.text)
    RADIO_IRQHandler                         0x00000317   Thumb Code     0  arm_startup_nrf52840.o(.text)
    RNG_IRQHandler                           0x00000317   Thumb Code     0  arm_startup_nrf52840.o(.text)
    RTC0_IRQHandler                          0x00000317   Thumb Code     0  arm_startup_nrf52840.o(.text)
    RTC2_IRQHandler                          0x00000317   Thumb Code     0  arm_startup_nrf52840.o(.text)
    SAADC_IRQHandler                         0x00000317   Thumb Code     0  arm_startup_nrf52840.o(.text)
    SPIM1_SPIS1_TWIM1_TWIS1_SPI1_TWI1_IRQHandler 0x00000317   Thumb Code     0  arm_startup_nrf52840.o(.text)
    SPIM2_SPIS2_SPI2_IRQHandler              0x00000317   Thumb Code     0  arm_startup_nrf52840.o(.text)
    SPIM3_IRQHandler                         0x00000317   Thumb Code     0  arm_startup_nrf52840.o(.text)
    SWI0_EGU0_IRQHandler                     0x00000317   Thumb Code     0  arm_startup_nrf52840.o(.text)
    SWI1_EGU1_IRQHandler                     0x00000317   Thumb Code     0  arm_startup_nrf52840.o(.text)
    SWI2_EGU2_IRQHandler                     0x00000317   Thumb Code     0  arm_startup_nrf52840.o(.text)
    SWI3_EGU3_IRQHandler                     0x00000317   Thumb Code     0  arm_startup_nrf52840.o(.text)
    SWI4_EGU4_IRQHandler                     0x00000317   Thumb Code     0  arm_startup_nrf52840.o(.text)
    SWI5_EGU5_IRQHandler                     0x00000317   Thumb Code     0  arm_startup_nrf52840.o(.text)
    TEMP_IRQHandler                          0x00000317   Thumb Code     0  arm_startup_nrf52840.o(.text)
    TIMER0_IRQHandler                        0x00000317   Thumb Code     0  arm_startup_nrf52840.o(.text)
    TIMER1_IRQHandler                        0x00000317   Thumb Code     0  arm_startup_nrf52840.o(.text)
    TIMER2_IRQHandler                        0x00000317   Thumb Code     0  arm_startup_nrf52840.o(.text)
    TIMER3_IRQHandler                        0x00000317   Thumb Code     0  arm_startup_nrf52840.o(.text)
    TIMER4_IRQHandler                        0x00000317   Thumb Code     0  arm_startup_nrf52840.o(.text)
    UARTE1_IRQHandler                        0x00000317   Thumb Code     0  arm_startup_nrf52840.o(.text)
    USBD_IRQHandler                          0x00000317   Thumb Code     0  arm_startup_nrf52840.o(.text)
    WDT_IRQHandler                           0x00000317   Thumb Code     0  arm_startup_nrf52840.o(.text)
    __aeabi_uldivmod                         0x00000321   Thumb Code    98  uldiv.o(.text)
    __aeabi_llsl                             0x00000383   Thumb Code    30  llshl.o(.text)
    _ll_shift_l                              0x00000383   Thumb Code     0  llshl.o(.text)
    __rt_ctype_table                         0x000003a1   Thumb Code     4  ctype_o.o(.text)
    rand                                     0x000003a9   Thumb Code    20  rand.o(.text)
    srand                                    0x000003bd   Thumb Code     6  rand.o(.text)
    __aeabi_memcpy                           0x000003cd   Thumb Code    36  memcpya.o(.text)
    __aeabi_memcpy4                          0x000003cd   Thumb Code     0  memcpya.o(.text)
    __aeabi_memcpy8                          0x000003cd   Thumb Code     0  memcpya.o(.text)
    __aeabi_memset                           0x000003f1   Thumb Code    14  memseta.o(.text)
    __aeabi_memset4                          0x000003f1   Thumb Code     0  memseta.o(.text)
    __aeabi_memset8                          0x000003f1   Thumb Code     0  memseta.o(.text)
    __aeabi_memclr                           0x000003ff   Thumb Code     4  memseta.o(.text)
    __aeabi_memclr4                          0x000003ff   Thumb Code     0  memseta.o(.text)
    __aeabi_memclr8                          0x000003ff   Thumb Code     0  memseta.o(.text)
    _memset$wrapper                          0x00000403   Thumb Code    18  memseta.o(.text)
    strlen                                   0x00000415   Thumb Code    14  strlen.o(.text)
    __aeabi_llsr                             0x00000423   Thumb Code    32  llushr.o(.text)
    _ll_ushift_r                             0x00000423   Thumb Code     0  llushr.o(.text)
    __scatterload                            0x00000445   Thumb Code    28  init.o(.text)
    __scatterload_rt2                        0x00000445   Thumb Code     0  init.o(.text)
    AD5940_CsClr                             0x00000469   Thumb Code    10  adicup3029port.o(i.AD5940_CsClr)
    __I$use$semihosting$fputc                0x00000469   Thumb Code     0  iusesemip.o(.text)
    __semihosting_library_function           0x00000469   Thumb Code     0  semi.o(.text)
    AD5940_CsSet                             0x00000479   Thumb Code    10  adicup3029port.o(i.AD5940_CsSet)
    AD5940_Delay10us                         0x00000489   Thumb Code    62  adicup3029port.o(i.AD5940_Delay10us)
    AD5940_HWReset                           0x000004cd   Thumb Code    28  ad5940.o(i.AD5940_HWReset)
    AD5940_Initialize                        0x000004e9   Thumb Code   100  ad5940.o(i.AD5940_Initialize)
    AD5940_MCUResourceInit                   0x00000559   Thumb Code    60  adicup3029port.o(i.AD5940_MCUResourceInit)
    AD5940_Main                              0x0000059d   Thumb Code   150  ad5940_spi.o(i.AD5940_Main)
    AD5940_ReadReg                           0x00000719   Thumb Code    60  ad5940.o(i.AD5940_ReadReg)
    AD5940_ReadWriteNBytes                   0x000007c9   Thumb Code    26  adicup3029port.o(i.AD5940_ReadWriteNBytes)
    AD5940_RstClr                            0x000007ed   Thumb Code     8  adicup3029port.o(i.AD5940_RstClr)
    AD5940_RstSet                            0x000007f9   Thumb Code     8  adicup3029port.o(i.AD5940_RstSet)
    AD5940_SEQGenInsert                      0x00000805   Thumb Code    38  ad5940.o(i.AD5940_SEQGenInsert)
    AD5940_WriteReg                          0x00000935   Thumb Code    86  ad5940.o(i.AD5940_WriteReg)
    GPIOTE_IRQHandler                        0x00000991   Thumb Code   156  nrfx_gpiote.o(i.GPIOTE_IRQHandler)
    RTC1_IRQHandler                          0x00000a35   Thumb Code    12  drv_rtc.o(i.RTC1_IRQHandler)
    SPIM0_SPIS0_TWIM0_TWIS0_SPI0_TWI0_IRQHandler 0x00000a45   Thumb Code    76  nrfx_spim.o(i.SPIM0_SPIS0_TWIM0_TWIS0_SPI0_TWI0_IRQHandler)
    SystemInit                               0x00000a99   Thumb Code   406  system_nrf52840.o(i.SystemInit)
    UARTE0_UART0_IRQHandler                  0x00000c6d   Thumb Code     6  nrfx_prs.o(i.UARTE0_UART0_IRQHandler)
    __0printf$8                              0x00000c79   Thumb Code    22  printf8.o(i.__0printf$8)
    __1printf$8                              0x00000c79   Thumb Code     0  printf8.o(i.__0printf$8)
    __2printf                                0x00000c79   Thumb Code     0  printf8.o(i.__0printf$8)
    __scatterload_copy                       0x00000c99   Thumb Code    14  handlers.o(i.__scatterload_copy)
    __scatterload_null                       0x00000ca7   Thumb Code     2  handlers.o(i.__scatterload_null)
    __scatterload_zeroinit                   0x00000ca9   Thumb Code    14  handlers.o(i.__scatterload_zeroinit)
    app_error_fault_handler                  0x00001111   Thumb Code    86  app_error_weak.o(i.app_error_fault_handler)
    app_error_handler_bare                   0x00001195   Thumb Code    22  app_error.o(i.app_error_handler_bare)
    app_util_critical_region_enter           0x000011ab   Thumb Code     4  app_util_platform.o(i.app_util_critical_region_enter)
    app_util_critical_region_exit            0x000011af   Thumb Code     4  app_util_platform.o(i.app_util_critical_region_exit)
    app_util_disable_irq                     0x000011b5   Thumb Code    12  app_util_platform.o(i.app_util_disable_irq)
    app_util_enable_irq                      0x000011c5   Thumb Code    14  app_util_platform.o(i.app_util_enable_irq)
    bsp_board_led_invert                     0x000012c5   Thumb Code    40  boards.o(i.bsp_board_led_invert)
    buffer_is_empty                          0x000013ad   Thumb Code    18  nrf_log_frontend.o(i.buffer_is_empty)
    fputc                                    0x000013e9   Thumb Code    18  fputc.o(i.fputc)
    main                                     0x00001605   Thumb Code   130  main.o(i.main)
    nrf_atomic_flag_clear_fetch              0x00001761   Thumb Code     6  nrf_atomic.o(i.nrf_atomic_flag_clear_fetch)
    nrf_atomic_flag_set                      0x00001767   Thumb Code     6  nrf_atomic.o(i.nrf_atomic_flag_set)
    nrf_atomic_u32_add                       0x0000176d   Thumb Code    12  nrf_atomic.o(i.nrf_atomic_u32_add)
    nrf_atomic_u32_fetch_and                 0x00001779   Thumb Code    10  nrf_atomic.o(i.nrf_atomic_u32_fetch_and)
    nrf_atomic_u32_fetch_store               0x00001783   Thumb Code    10  nrf_atomic.o(i.nrf_atomic_u32_fetch_store)
    nrf_atomic_u32_or                        0x0000178d   Thumb Code    12  nrf_atomic.o(i.nrf_atomic_u32_or)
    nrf_atomic_u32_sub                       0x00001799   Thumb Code    12  nrf_atomic.o(i.nrf_atomic_u32_sub)
    nrf_balloc_alloc                         0x000017a5   Thumb Code    62  nrf_balloc.o(i.nrf_balloc_alloc)
    nrf_balloc_free                          0x000017e3   Thumb Code    42  nrf_balloc.o(i.nrf_balloc_free)
    nrf_drv_spi_init                         0x0000181d   Thumb Code    98  nrf_drv_spi.o(i.nrf_drv_spi_init)
    nrf_drv_uart_init                        0x0000188d   Thumb Code    90  nrf_drv_uart.o(i.nrf_drv_uart_init)
    nrf_fprintf                              0x000018f5   Thumb Code    26  nrf_fprintf.o(i.nrf_fprintf)
    nrf_fprintf_buffer_flush                 0x0000190f   Thumb Code    24  nrf_fprintf.o(i.nrf_fprintf_buffer_flush)
    nrf_fprintf_fmt                          0x00001927   Thumb Code   474  nrf_fprintf_format.o(i.nrf_fprintf_fmt)
    nrf_log_backend_serial_put               0x00001d7d   Thumb Code   194  nrf_log_backend_serial.o(i.nrf_log_backend_serial_put)
    nrf_log_color_id_get                     0x00001e85   Thumb Code    42  nrf_log_frontend.o(i.nrf_log_color_id_get)
    nrf_log_frontend_dequeue                 0x00001eb5   Thumb Code   518  nrf_log_frontend.o(i.nrf_log_frontend_dequeue)
    nrf_log_frontend_hexdump                 0x000020e5   Thumb Code   160  nrf_log_frontend.o(i.nrf_log_frontend_hexdump)
    nrf_log_frontend_std_0                   0x0000218d   Thumb Code     8  nrf_log_frontend.o(i.nrf_log_frontend_std_0)
    nrf_log_hexdump_entry_process            0x00002195   Thumb Code   150  nrf_log_str_formatter.o(i.nrf_log_hexdump_entry_process)
    nrf_log_module_cnt_get                   0x00002245   Thumb Code    10  nrf_log_frontend.o(i.nrf_log_module_cnt_get)
    nrf_log_module_name_get                  0x00002259   Thumb Code    24  nrf_log_frontend.o(i.nrf_log_module_name_get)
    nrf_log_panic                            0x00002275   Thumb Code    36  nrf_log_frontend.o(i.nrf_log_panic)
    nrf_log_std_entry_process                0x0000229d   Thumb Code   182  nrf_log_str_formatter.o(i.nrf_log_std_entry_process)
    nrf_memobj_alloc                         0x00002353   Thumb Code    96  nrf_memobj.o(i.nrf_memobj_alloc)
    nrf_memobj_free                          0x000023b3   Thumb Code    50  nrf_memobj.o(i.nrf_memobj_free)
    nrf_memobj_get                           0x000023e5   Thumb Code     8  nrf_memobj.o(i.nrf_memobj_get)
    nrf_memobj_put                           0x000023ed   Thumb Code    30  nrf_memobj.o(i.nrf_memobj_put)
    nrf_memobj_read                          0x0000240b   Thumb Code    16  nrf_memobj.o(i.nrf_memobj_read)
    nrf_memobj_write                         0x0000241b   Thumb Code    16  nrf_memobj.o(i.nrf_memobj_write)
    nrfx_prs_acquire                         0x0000248d   Thumb Code    48  nrfx_prs.o(i.nrfx_prs_acquire)
    nrfx_prs_release                         0x000024bd   Thumb Code    18  nrfx_prs.o(i.nrfx_prs_release)
    nrfx_spim_init                           0x000024d1   Thumb Code   356  nrfx_spim.o(i.nrfx_spim_init)
    nrfx_spim_xfer                           0x0000263d   Thumb Code    94  nrfx_spim.o(i.nrfx_spim_xfer)
    nrfx_uart_0_irq_handler                  0x000026a1   Thumb Code     8  nrfx_uart.o(i.nrfx_uart_0_irq_handler)
    nrfx_uart_init                           0x000026b1   Thumb Code   200  nrfx_uart.o(i.nrfx_uart_init)
    nrfx_uart_tx                             0x00002785   Thumb Code   162  nrfx_uart.o(i.nrfx_uart_tx)
    nrfx_uart_tx_in_progress                 0x0000282d   Thumb Code    26  nrfx_uart.o(i.nrfx_uart_tx_in_progress)
    nrfx_uart_uninit                         0x0000284d   Thumb Code   182  nrfx_uart.o(i.nrfx_uart_uninit)
    nrfx_uarte_0_irq_handler                 0x0000290d   Thumb Code     8  nrfx_uarte.o(i.nrfx_uarte_0_irq_handler)
    nrfx_uarte_init                          0x0000291d   Thumb Code   100  nrfx_uarte.o(i.nrfx_uarte_init)
    nrfx_uarte_tx                            0x00002989   Thumb Code   166  nrfx_uarte.o(i.nrfx_uarte_tx)
    nrfx_uarte_tx_in_progress                0x00002a35   Thumb Code    22  nrfx_uarte.o(i.nrfx_uarte_tx_in_progress)
    nrfx_uarte_uninit                        0x00002a51   Thumb Code   254  nrfx_uarte.o(i.nrfx_uarte_uninit)
    spi_event_handler                        0x00002dc5   Thumb Code    74  adicup3029port.o(i.spi_event_handler)
    nrf_log_backend_uart_api                 0x000035e4   Data          12  nrf_log_backend_uart.o(.constdata)
    __ctype_table                            0x00003610   Data         129  ctype_o.o(.constdata)
    Region$$Table$$Base                      0x00003760   Number         0  anon$$obj.o(Region$$Table)
    Region$$Table$$Limit                     0x00003780   Number         0  anon$$obj.o(Region$$Table)
    log_const_data$$Base                     0x00003790   Number         0  nrfx_gpiote.o(log_const_data)
    m_nrf_log_GPIOTE_logs_data_const         0x00003790   Data           8  nrfx_gpiote.o(log_const_data)
    m_nrf_log_PRS_logs_data_const            0x00003798   Data           8  nrfx_prs.o(log_const_data)
    m_nrf_log_SPIM_logs_data_const           0x000037a0   Data           8  nrfx_spim.o(log_const_data)
    m_nrf_log_UART_logs_data_const           0x000037a8   Data           8  nrfx_uart.o(log_const_data)
    m_nrf_log_UARTE_logs_data_const          0x000037b0   Data           8  nrfx_uarte.o(log_const_data)
    m_nrf_log_app_button_logs_data_const     0x000037b8   Data           8  app_button.o(log_const_data)
    m_nrf_log_app_timer_logs_data_const      0x000037c0   Data           8  app_timer2.o(log_const_data)
    m_nrf_log_sortlist_logs_data_const       0x000037c8   Data           8  nrf_sortlist.o(log_const_data)
    m_nrf_log_app_logs_data_const            0x000037d0   Data           8  nrf_log_frontend.o(log_const_data)
    log_const_data$$Limit                    0x000037d8   Number         0  nrf_log_frontend.o(log_const_data)
    log_mempool                              0x000037d8   Data          20  nrf_log_frontend.o(nrf_balloc)
    nrf_drv_uart_use_easy_dma                0x20000034   Data           2  nrf_drv_uart.o(.data)
    m_uart                                   0x20000064   Data          20  nrf_log_backend_uart.o(.data)
    SystemCoreClock                          0x200000d4   Data           4  system_nrf52840.o(.data)
    __stdout                                 0x200000dc   Data           4  stdout.o(.data)
    SeqGenDB                                 0x200000e0   Data          28  ad5940.o(.bss)
    __initial_sp                             0x20002720   Data           0  arm_startup_nrf52840.o(STACK)



==============================================================================

Memory Map of the image

  Image Entry point : 0x00000201

  Load Region LR_IROM1 (Base: 0x00000000, Size: 0x000038cc, Max: 0x00100000, ABSOLUTE)

    Execution Region ER_IROM1 (Exec base: 0x00000000, Load base: 0x00000000, Size: 0x000037ec, Max: 0x00100000, ABSOLUTE)

    Exec Addr    Load Addr    Size         Type   Attr      Idx    E Section Name        Object

    0x00000000   0x00000000   0x00000200   Data   RO         4285    RESET               arm_startup_nrf52840.o
    0x00000200   0x00000200   0x00000000   Code   RO         4391  * .ARM.Collect$$$$00000000  mc_w.l(entry.o)
    0x00000200   0x00000200   0x00000004   Code   RO         4767    .ARM.Collect$$$$00000001  mc_w.l(entry2.o)
    0x00000204   0x00000204   0x00000004   Code   RO         4770    .ARM.Collect$$$$00000004  mc_w.l(entry5.o)
    0x00000208   0x00000208   0x00000000   Code   RO         4772    .ARM.Collect$$$$00000008  mc_w.l(entry7b.o)
    0x00000208   0x00000208   0x00000000   Code   RO         4774    .ARM.Collect$$$$0000000A  mc_w.l(entry8b.o)
    0x00000208   0x00000208   0x00000008   Code   RO         4775    .ARM.Collect$$$$0000000B  mc_w.l(entry9a.o)
    0x00000210   0x00000210   0x00000004   Code   RO         4782    .ARM.Collect$$$$0000000E  mc_w.l(entry12b.o)
    0x00000214   0x00000214   0x00000000   Code   RO         4777    .ARM.Collect$$$$0000000F  mc_w.l(entry10a.o)
    0x00000214   0x00000214   0x00000000   Code   RO         4779    .ARM.Collect$$$$00000011  mc_w.l(entry11a.o)
    0x00000214   0x00000214   0x00000004   Code   RO         4768    .ARM.Collect$$$$00002712  mc_w.l(entry2.o)
    0x00000218   0x00000218   0x000000e2   Code   RO         3131    .emb_text           nrf_atomic.o
    0x000002fa   0x000002fa   0x00000002   PAD
    0x000002fc   0x000002fc   0x00000024   Code   RO         4286    .text               arm_startup_nrf52840.o
    0x00000320   0x00000320   0x00000062   Code   RO         4394    .text               mc_w.l(uldiv.o)
    0x00000382   0x00000382   0x0000001e   Code   RO         4396    .text               mc_w.l(llshl.o)
    0x000003a0   0x000003a0   0x00000008   Code   RO         4398    .text               mc_w.l(ctype_o.o)
    0x000003a8   0x000003a8   0x00000024   Code   RO         4426    .text               mc_w.l(rand.o)
    0x000003cc   0x000003cc   0x00000024   Code   RO         4429    .text               mc_w.l(memcpya.o)
    0x000003f0   0x000003f0   0x00000024   Code   RO         4431    .text               mc_w.l(memseta.o)
    0x00000414   0x00000414   0x0000000e   Code   RO         4433    .text               mc_w.l(strlen.o)
    0x00000422   0x00000422   0x00000020   Code   RO         4788    .text               mc_w.l(llushr.o)
    0x00000442   0x00000442   0x00000002   PAD
    0x00000444   0x00000444   0x00000024   Code   RO         4818    .text               mc_w.l(init.o)
    0x00000468   0x00000468   0x00000000   Code   RO         4820    .text               mc_w.l(semi.o)
    0x00000468   0x00000468   0x00000000   Code   RO         4821    .text               mc_w.l(iusesemip.o)
    0x00000468   0x00000468   0x00000010   Code   RO            5    i.AD5940_CsClr      adicup3029port.o
    0x00000478   0x00000478   0x00000010   Code   RO            6    i.AD5940_CsSet      adicup3029port.o
    0x00000488   0x00000488   0x00000044   Code   RO            7    i.AD5940_Delay10us  adicup3029port.o
    0x000004cc   0x000004cc   0x0000001c   Code   RO          356    i.AD5940_HWReset    ad5940.o
    0x000004e8   0x000004e8   0x00000070   Code   RO          362    i.AD5940_Initialize  ad5940.o
    0x00000558   0x00000558   0x00000044   Code   RO            9    i.AD5940_MCUResourceInit  adicup3029port.o
    0x0000059c   0x0000059c   0x0000017c   Code   RO          291    i.AD5940_Main       ad5940_spi.o
    0x00000718   0x00000718   0x00000040   Code   RO          380    i.AD5940_ReadReg    ad5940.o
    0x00000758   0x00000758   0x0000001e   Code   RO          381    i.AD5940_ReadWrite16B  ad5940.o
    0x00000776   0x00000776   0x0000003a   Code   RO          382    i.AD5940_ReadWrite32B  ad5940.o
    0x000007b0   0x000007b0   0x00000016   Code   RO          383    i.AD5940_ReadWrite8B  ad5940.o
    0x000007c6   0x000007c6   0x00000002   PAD
    0x000007c8   0x000007c8   0x00000024   Code   RO           10    i.AD5940_ReadWriteNBytes  adicup3029port.o
    0x000007ec   0x000007ec   0x0000000c   Code   RO           11    i.AD5940_RstClr     adicup3029port.o
    0x000007f8   0x000007f8   0x0000000c   Code   RO           12    i.AD5940_RstSet     adicup3029port.o
    0x00000804   0x00000804   0x0000002c   Code   RO          391    i.AD5940_SEQGenInsert  ad5940.o
    0x00000830   0x00000830   0x00000030   Code   RO          392    i.AD5940_SEQGenSearchReg  ad5940.o
    0x00000860   0x00000860   0x00000038   Code   RO          400    i.AD5940_SEQRegInfoInsert  ad5940.o
    0x00000898   0x00000898   0x00000050   Code   RO          402    i.AD5940_SEQWriteReg  ad5940.o
    0x000008e8   0x000008e8   0x0000004c   Code   RO          403    i.AD5940_SPIReadReg  ad5940.o
    0x00000934   0x00000934   0x0000005c   Code   RO          419    i.AD5940_WriteReg   ad5940.o
    0x00000990   0x00000990   0x000000a4   Code   RO         1499    i.GPIOTE_IRQHandler  nrfx_gpiote.o
    0x00000a34   0x00000a34   0x00000010   Code   RO         2865    i.RTC1_IRQHandler   drv_rtc.o
    0x00000a44   0x00000a44   0x00000054   Code   RO         1908    i.SPIM0_SPIS0_TWIM0_TWIS0_SPI0_TWI0_IRQHandler  nrfx_spim.o
    0x00000a98   0x00000a98   0x000001d4   Code   RO         4294    i.SystemInit        system_nrf52840.o
    0x00000c6c   0x00000c6c   0x0000000c   Code   RO         1836    i.UARTE0_UART0_IRQHandler  nrfx_prs.o
    0x00000c78   0x00000c78   0x00000020   Code   RO         4646    i.__0printf$8       mc_w.l(printf8.o)
    0x00000c98   0x00000c98   0x0000000e   Code   RO         4824    i.__scatterload_copy  mc_w.l(handlers.o)
    0x00000ca6   0x00000ca6   0x00000002   Code   RO         4825    i.__scatterload_null  mc_w.l(handlers.o)
    0x00000ca8   0x00000ca8   0x0000000e   Code   RO         4826    i.__scatterload_zeroinit  mc_w.l(handlers.o)
    0x00000cb6   0x00000cb6   0x00000002   PAD
    0x00000cb8   0x00000cb8   0x00000404   Code   RO         4653    i._printf_core      mc_w.l(printf8.o)
    0x000010bc   0x000010bc   0x00000024   Code   RO         4654    i._printf_post_padding  mc_w.l(printf8.o)
    0x000010e0   0x000010e0   0x0000002e   Code   RO         4655    i._printf_pre_padding  mc_w.l(printf8.o)
    0x0000110e   0x0000110e   0x00000002   PAD
    0x00001110   0x00001110   0x00000084   Code   RO         2573    i.app_error_fault_handler  app_error_weak.o
    0x00001194   0x00001194   0x00000016   Code   RO         2513    i.app_error_handler_bare  app_error.o
    0x000011aa   0x000011aa   0x00000004   Code   RO         2803    i.app_util_critical_region_enter  app_util_platform.o
    0x000011ae   0x000011ae   0x00000004   Code   RO         2804    i.app_util_critical_region_exit  app_util_platform.o
    0x000011b2   0x000011b2   0x00000002   PAD
    0x000011b4   0x000011b4   0x00000010   Code   RO         2805    i.app_util_disable_irq  app_util_platform.o
    0x000011c4   0x000011c4   0x00000014   Code   RO         2806    i.app_util_enable_irq  app_util_platform.o
    0x000011d8   0x000011d8   0x00000076   Code   RO         2043    i.apply_config      nrfx_uart.o
    0x0000124e   0x0000124e   0x00000076   Code   RO         2235    i.apply_config      nrfx_uarte.o
    0x000012c4   0x000012c4   0x0000002c   Code   RO         1027    i.bsp_board_led_invert  boards.o
    0x000012f0   0x000012f0   0x0000008c   Code   RO         3783    i.buf_prealloc      nrf_log_frontend.o
    0x0000137c   0x0000137c   0x0000002e   Code   RO         3346    i.buffer_add        nrf_fprintf_format.o
    0x000013aa   0x000013aa   0x00000002   PAD
    0x000013ac   0x000013ac   0x00000018   Code   RO         3784    i.buffer_is_empty   nrf_log_frontend.o
    0x000013c4   0x000013c4   0x00000010   Code   RO         1502    i.channel_port_get  nrfx_gpiote.o
    0x000013d4   0x000013d4   0x00000014   Code   RO         3785    i.dropped_sat16_get  nrf_log_frontend.o
    0x000013e8   0x000013e8   0x00000012   Code   RO         4783    i.fputc             mc_w.l(fputc.o)
    0x000013fa   0x000013fa   0x00000002   PAD
    0x000013fc   0x000013fc   0x000000a6   Code   RO         3347    i.int_print         nrf_fprintf_format.o
    0x000014a2   0x000014a2   0x00000002   PAD
    0x000014a4   0x000014a4   0x00000088   Code   RO         2236    i.interrupts_enable  nrfx_uarte.o
    0x0000152c   0x0000152c   0x00000034   Code   RO         3786    i.invalid_packets_omit  nrf_log_frontend.o
    0x00001560   0x00001560   0x000000a4   Code   RO         3787    i.log_skip          nrf_log_frontend.o
    0x00001604   0x00001604   0x000000ac   Code   RO          982    i.main              main.o
    0x000016b0   0x000016b0   0x0000007e   Code   RO         3386    i.memobj_op         nrf_memobj.o
    0x0000172e   0x0000172e   0x00000002   PAD
    0x00001730   0x00001730   0x00000030   Code   RO         3788    i.module_idx_get    nrf_log_frontend.o
    0x00001760   0x00001760   0x00000006   Code   RO         3133    i.nrf_atomic_flag_clear_fetch  nrf_atomic.o
    0x00001766   0x00001766   0x00000006   Code   RO         3134    i.nrf_atomic_flag_set  nrf_atomic.o
    0x0000176c   0x0000176c   0x0000000c   Code   RO         3136    i.nrf_atomic_u32_add  nrf_atomic.o
    0x00001778   0x00001778   0x0000000a   Code   RO         3140    i.nrf_atomic_u32_fetch_and  nrf_atomic.o
    0x00001782   0x00001782   0x0000000a   Code   RO         3142    i.nrf_atomic_u32_fetch_store  nrf_atomic.o
    0x0000178c   0x0000178c   0x0000000c   Code   RO         3146    i.nrf_atomic_u32_or  nrf_atomic.o
    0x00001798   0x00001798   0x0000000c   Code   RO         3148    i.nrf_atomic_u32_sub  nrf_atomic.o
    0x000017a4   0x000017a4   0x0000003e   Code   RO         3270    i.nrf_balloc_alloc  nrf_balloc.o
    0x000017e2   0x000017e2   0x0000002a   Code   RO         3271    i.nrf_balloc_free   nrf_balloc.o
    0x0000180c   0x0000180c   0x00000010   Code   RO         1503    i.nrf_bitmask_bit_is_set  nrfx_gpiote.o
    0x0000181c   0x0000181c   0x00000070   Code   RO         1264    i.nrf_drv_spi_init  nrf_drv_spi.o
    0x0000188c   0x0000188c   0x00000068   Code   RO         1308    i.nrf_drv_uart_init  nrf_drv_uart.o
    0x000018f4   0x000018f4   0x0000001a   Code   RO         3307    i.nrf_fprintf       nrf_fprintf.o
    0x0000190e   0x0000190e   0x00000018   Code   RO         3308    i.nrf_fprintf_buffer_flush  nrf_fprintf.o
    0x00001926   0x00001926   0x000001da   Code   RO         3348    i.nrf_fprintf_fmt   nrf_fprintf_format.o
    0x00001b00   0x00001b00   0x00000032   Code   RO         1909    i.nrf_gpio_cfg      nrfx_spim.o
    0x00001b32   0x00001b32   0x00000032   Code   RO         2044    i.nrf_gpio_cfg      nrfx_uart.o
    0x00001b64   0x00001b64   0x00000032   Code   RO         2237    i.nrf_gpio_cfg      nrfx_uarte.o
    0x00001b96   0x00001b96   0x00000012   Code   RO         2045    i.nrf_gpio_cfg_default  nrfx_uart.o
    0x00001ba8   0x00001ba8   0x00000012   Code   RO         2238    i.nrf_gpio_cfg_default  nrfx_uarte.o
    0x00001bba   0x00001bba   0x00000012   Code   RO         2046    i.nrf_gpio_cfg_input  nrfx_uart.o
    0x00001bcc   0x00001bcc   0x00000012   Code   RO         2239    i.nrf_gpio_cfg_input  nrfx_uarte.o
    0x00001bde   0x00001bde   0x00000014   Code   RO         1910    i.nrf_gpio_cfg_output  nrfx_spim.o
    0x00001bf2   0x00001bf2   0x00000014   Code   RO         2047    i.nrf_gpio_cfg_output  nrfx_uart.o
    0x00001c06   0x00001c06   0x00000014   Code   RO         2240    i.nrf_gpio_cfg_output  nrfx_uarte.o
    0x00001c1a   0x00001c1a   0x00000030   Code   RO         1506    i.nrf_gpio_cfg_sense_set  nrfx_gpiote.o
    0x00001c4a   0x00001c4a   0x00000002   PAD
    0x00001c4c   0x00001c4c   0x00000030   Code   RO         1507    i.nrf_gpio_latches_read_and_clear  nrfx_gpiote.o
    0x00001c7c   0x00001c7c   0x00000014   Code   RO         1911    i.nrf_gpio_pin_clear  nrfx_spim.o
    0x00001c90   0x00001c90   0x0000001c   Code   RO         1036    i.nrf_gpio_pin_port_decode  boards.o
    0x00001cac   0x00001cac   0x0000001c   Code   RO         1509    i.nrf_gpio_pin_port_decode  nrfx_gpiote.o
    0x00001cc8   0x00001cc8   0x0000001c   Code   RO         1912    i.nrf_gpio_pin_port_decode  nrfx_spim.o
    0x00001ce4   0x00001ce4   0x0000001c   Code   RO         2048    i.nrf_gpio_pin_port_decode  nrfx_uart.o
    0x00001d00   0x00001d00   0x0000001c   Code   RO         2241    i.nrf_gpio_pin_port_decode  nrfx_uarte.o
    0x00001d1c   0x00001d1c   0x00000014   Code   RO         1913    i.nrf_gpio_pin_set  nrfx_spim.o
    0x00001d30   0x00001d30   0x00000014   Code   RO         2049    i.nrf_gpio_pin_set  nrfx_uart.o
    0x00001d44   0x00001d44   0x00000014   Code   RO         2242    i.nrf_gpio_pin_set  nrfx_uarte.o
    0x00001d58   0x00001d58   0x00000014   Code   RO         1513    i.nrf_gpiote_event_clear  nrfx_gpiote.o
    0x00001d6c   0x00001d6c   0x00000010   Code   RO         1514    i.nrf_gpiote_event_is_set  nrfx_gpiote.o
    0x00001d7c   0x00001d7c   0x000000c2   Code   RO         3634    i.nrf_log_backend_serial_put  nrf_log_backend_serial.o
    0x00001e3e   0x00001e3e   0x00000002   Code   RO         3674    i.nrf_log_backend_uart_flush  nrf_log_backend_uart.o
    0x00001e40   0x00001e40   0x0000002c   Code   RO         3676    i.nrf_log_backend_uart_panic_set  nrf_log_backend_uart.o
    0x00001e6c   0x00001e6c   0x00000018   Code   RO         3677    i.nrf_log_backend_uart_put  nrf_log_backend_uart.o
    0x00001e84   0x00001e84   0x00000030   Code   RO         3791    i.nrf_log_color_id_get  nrf_log_frontend.o
    0x00001eb4   0x00001eb4   0x00000230   Code   RO         3792    i.nrf_log_frontend_dequeue  nrf_log_frontend.o
    0x000020e4   0x000020e4   0x000000a8   Code   RO         3793    i.nrf_log_frontend_hexdump  nrf_log_frontend.o
    0x0000218c   0x0000218c   0x00000008   Code   RO         3794    i.nrf_log_frontend_std_0  nrf_log_frontend.o
    0x00002194   0x00002194   0x000000b0   Code   RO         3970    i.nrf_log_hexdump_entry_process  nrf_log_str_formatter.o
    0x00002244   0x00002244   0x00000014   Code   RO         3802    i.nrf_log_module_cnt_get  nrf_log_frontend.o
    0x00002258   0x00002258   0x0000001c   Code   RO         3805    i.nrf_log_module_name_get  nrf_log_frontend.o
    0x00002274   0x00002274   0x00000028   Code   RO         3806    i.nrf_log_panic     nrf_log_frontend.o
    0x0000229c   0x0000229c   0x000000b6   Code   RO         3971    i.nrf_log_std_entry_process  nrf_log_str_formatter.o
    0x00002352   0x00002352   0x00000060   Code   RO         3387    i.nrf_memobj_alloc  nrf_memobj.o
    0x000023b2   0x000023b2   0x00000032   Code   RO         3388    i.nrf_memobj_free   nrf_memobj.o
    0x000023e4   0x000023e4   0x00000008   Code   RO         3389    i.nrf_memobj_get    nrf_memobj.o
    0x000023ec   0x000023ec   0x0000001e   Code   RO         3391    i.nrf_memobj_put    nrf_memobj.o
    0x0000240a   0x0000240a   0x00000010   Code   RO         3392    i.nrf_memobj_read   nrf_memobj.o
    0x0000241a   0x0000241a   0x00000010   Code   RO         3393    i.nrf_memobj_write  nrf_memobj.o
    0x0000242a   0x0000242a   0x0000000a   Code   RO         1914    i.nrf_spim_event_check  nrfx_spim.o
    0x00002434   0x00002434   0x0000000a   Code   RO         2050    i.nrf_uart_event_check  nrfx_uart.o
    0x0000243e   0x0000243e   0x0000000c   Code   RO         2051    i.nrf_uart_event_clear  nrfx_uart.o
    0x0000244a   0x0000244a   0x0000000c   Code   RO         2052    i.nrf_uart_int_enable_check  nrfx_uart.o
    0x00002456   0x00002456   0x0000000a   Code   RO         2243    i.nrf_uarte_event_check  nrfx_uarte.o
    0x00002460   0x00002460   0x0000000c   Code   RO         2244    i.nrf_uarte_event_clear  nrfx_uarte.o
    0x0000246c   0x0000246c   0x00000010   Code   RO         1915    i.nrfx_is_in_ram    nrfx_spim.o
    0x0000247c   0x0000247c   0x00000010   Code   RO         2245    i.nrfx_is_in_ram    nrfx_uarte.o
    0x0000248c   0x0000248c   0x00000030   Code   RO         1837    i.nrfx_prs_acquire  nrfx_prs.o
    0x000024bc   0x000024bc   0x00000012   Code   RO         1838    i.nrfx_prs_release  nrfx_prs.o
    0x000024ce   0x000024ce   0x00000002   PAD
    0x000024d0   0x000024d0   0x0000016c   Code   RO         1918    i.nrfx_spim_init    nrfx_spim.o
    0x0000263c   0x0000263c   0x00000064   Code   RO         1921    i.nrfx_spim_xfer    nrfx_spim.o
    0x000026a0   0x000026a0   0x00000010   Code   RO         2053    i.nrfx_uart_0_irq_handler  nrfx_uart.o
    0x000026b0   0x000026b0   0x000000d4   Code   RO         2055    i.nrfx_uart_init    nrfx_uart.o
    0x00002784   0x00002784   0x000000a8   Code   RO         2061    i.nrfx_uart_tx      nrfx_uart.o
    0x0000282c   0x0000282c   0x00000020   Code   RO         2063    i.nrfx_uart_tx_in_progress  nrfx_uart.o
    0x0000284c   0x0000284c   0x000000c0   Code   RO         2064    i.nrfx_uart_uninit  nrfx_uart.o
    0x0000290c   0x0000290c   0x00000010   Code   RO         2246    i.nrfx_uarte_0_irq_handler  nrfx_uarte.o
    0x0000291c   0x0000291c   0x0000006c   Code   RO         2248    i.nrfx_uarte_init   nrfx_uarte.o
    0x00002988   0x00002988   0x000000ac   Code   RO         2252    i.nrfx_uarte_tx     nrfx_uarte.o
    0x00002a34   0x00002a34   0x0000001c   Code   RO         2254    i.nrfx_uarte_tx_in_progress  nrfx_uarte.o
    0x00002a50   0x00002a50   0x00000108   Code   RO         2255    i.nrfx_uarte_uninit  nrfx_uarte.o
    0x00002b58   0x00002b58   0x000000d0   Code   RO         1547    i.port_event_handle  nrfx_gpiote.o
    0x00002c28   0x00002c28   0x00000010   Code   RO         1548    i.port_handler_polarity_get  nrfx_gpiote.o
    0x00002c38   0x00002c38   0x0000003c   Code   RO         3973    i.postfix_process   nrf_log_str_formatter.o
    0x00002c74   0x00002c74   0x00000098   Code   RO         3974    i.prefix_process    nrf_log_str_formatter.o
    0x00002d0c   0x00002d0c   0x00000018   Code   RO         1839    i.prs_box_get       nrfx_prs.o
    0x00002d24   0x00002d24   0x00000032   Code   RO         2065    i.rx_byte           nrfx_uart.o
    0x00002d56   0x00002d56   0x00000016   Code   RO         2066    i.rx_done_event     nrfx_uart.o
    0x00002d6c   0x00002d6c   0x00000016   Code   RO         2256    i.rx_done_event     nrfx_uarte.o
    0x00002d82   0x00002d82   0x00000002   PAD
    0x00002d84   0x00002d84   0x00000040   Code   RO         3678    i.serial_tx         nrf_log_backend_uart.o
    0x00002dc4   0x00002dc4   0x00000078   Code   RO           13    i.spi_event_handler  adicup3029port.o
    0x00002e3c   0x00002e3c   0x00000038   Code   RO         1265    i.spim_evt_handler  nrf_drv_spi.o
    0x00002e74   0x00002e74   0x000000bc   Code   RO         1922    i.spim_xfer         nrfx_spim.o
    0x00002f30   0x00002f30   0x00000094   Code   RO         3808    i.std_n             nrf_log_frontend.o
    0x00002fc4   0x00002fc4   0x00000020   Code   RO         2068    i.tx_byte           nrfx_uart.o
    0x00002fe4   0x00002fe4   0x0000001a   Code   RO         2069    i.tx_done_event     nrfx_uart.o
    0x00002ffe   0x00002ffe   0x0000001a   Code   RO         2257    i.tx_done_event     nrfx_uarte.o
    0x00003018   0x00003018   0x00000030   Code   RO         1309    i.uart_evt_handler  nrf_drv_uart.o
    0x00003048   0x00003048   0x0000000c   Code   RO         3679    i.uart_evt_handler  nrf_log_backend_uart.o
    0x00003054   0x00003054   0x00000050   Code   RO         3680    i.uart_init         nrf_log_backend_uart.o
    0x000030a4   0x000030a4   0x0000012a   Code   RO         2070    i.uart_irq_handler  nrfx_uart.o
    0x000031ce   0x000031ce   0x00000002   PAD
    0x000031d0   0x000031d0   0x00000030   Code   RO         1310    i.uarte_evt_handler  nrf_drv_uart.o
    0x00003200   0x00003200   0x00000112   Code   RO         2258    i.uarte_irq_handler  nrfx_uarte.o
    0x00003312   0x00003312   0x00000002   PAD
    0x00003314   0x00003314   0x000000b4   Code   RO         3349    i.unsigned_print    nrf_fprintf_format.o
    0x000033c8   0x000033c8   0x00000020   Data   RO           14    .constdata          adicup3029port.o
    0x000033e8   0x000033e8   0x000001a0   Data   RO          424    .constdata          ad5940.o
    0x00003588   0x00003588   0x00000008   PAD
    0x00003590   0x00003590   0x00000018   Data   RO          983    .constdata          main.o
    0x000035a8   0x000035a8   0x00000008   Data   RO         1038    .constdata          boards.o
    0x000035b0   0x000035b0   0x00000010   Data   RO         1267    .constdata          nrf_drv_spi.o
    0x000035c0   0x000035c0   0x00000008   Data   RO         1550    .constdata          nrfx_gpiote.o
    0x000035c8   0x000035c8   0x00000004   Data   RO         1925    .constdata          nrfx_spim.o
    0x000035cc   0x000035cc   0x00000004   Data   RO         2073    .constdata          nrfx_uart.o
    0x000035d0   0x000035d0   0x00000004   Data   RO         2261    .constdata          nrfx_uarte.o
    0x000035d4   0x000035d4   0x00000010   Data   RO         3350    .constdata          nrf_fprintf_format.o
    0x000035e4   0x000035e4   0x0000000c   Data   RO         3682    .constdata          nrf_log_backend_uart.o
    0x000035f0   0x000035f0   0x00000020   Data   RO         3683    .constdata          nrf_log_backend_uart.o
    0x00003610   0x00003610   0x00000081   Data   RO         4399    .constdata          mc_w.l(ctype_o.o)
    0x00003691   0x00003691   0x00000003   PAD
    0x00003694   0x00003694   0x00000004   Data   RO         4400    .constdata          mc_w.l(ctype_o.o)
    0x00003698   0x00003698   0x00000066   Data   RO         3975    .conststring        nrf_log_str_formatter.o
    0x000036fe   0x000036fe   0x00000002   PAD
    0x00003700   0x00003700   0x00000007   Data   RO         1554    .conststrlit        nrfx_gpiote.o
    0x00003707   0x00003707   0x00000001   PAD
    0x00003708   0x00003708   0x00000004   Data   RO         1841    .conststrlit        nrfx_prs.o
    0x0000370c   0x0000370c   0x00000005   Data   RO         1928    .conststrlit        nrfx_spim.o
    0x00003711   0x00003711   0x00000003   PAD
    0x00003714   0x00003714   0x00000005   Data   RO         2076    .conststrlit        nrfx_uart.o
    0x00003719   0x00003719   0x00000003   PAD
    0x0000371c   0x0000371c   0x00000006   Data   RO         2264    .conststrlit        nrfx_uarte.o
    0x00003722   0x00003722   0x00000002   PAD
    0x00003724   0x00003724   0x0000000b   Data   RO         2416    .conststrlit        app_button.o
    0x0000372f   0x0000372f   0x00000001   PAD
    0x00003730   0x00003730   0x0000000a   Data   RO         2685    .conststrlit        app_timer2.o
    0x0000373a   0x0000373a   0x00000002   PAD
    0x0000373c   0x0000373c   0x00000009   Data   RO         3532    .conststrlit        nrf_sortlist.o
    0x00003745   0x00003745   0x00000003   PAD
    0x00003748   0x00003748   0x00000011   Data   RO         3748    .conststrlit        nrf_log_default_backends.o
    0x00003759   0x00003759   0x00000003   PAD
    0x0000375c   0x0000375c   0x00000004   Data   RO         3814    .conststrlit        nrf_log_frontend.o
    0x00003760   0x00003760   0x00000020   Data   RO         4822    Region$$Table       anon$$obj.o
    0x00003780   0x00003780   0x00000010   Data   RO         3750    log_backends        nrf_log_default_backends.o
    0x00003790   0x00003790   0x00000008   Data   RO         1555    log_const_data      nrfx_gpiote.o
    0x00003798   0x00003798   0x00000008   Data   RO         1843    log_const_data      nrfx_prs.o
    0x000037a0   0x000037a0   0x00000008   Data   RO         1929    log_const_data      nrfx_spim.o
    0x000037a8   0x000037a8   0x00000008   Data   RO         2077    log_const_data      nrfx_uart.o
    0x000037b0   0x000037b0   0x00000008   Data   RO         2265    log_const_data      nrfx_uarte.o
    0x000037b8   0x000037b8   0x00000008   Data   RO         2418    log_const_data      app_button.o
    0x000037c0   0x000037c0   0x00000008   Data   RO         2688    log_const_data      app_timer2.o
    0x000037c8   0x000037c8   0x00000008   Data   RO         3533    log_const_data      nrf_sortlist.o
    0x000037d0   0x000037d0   0x00000008   Data   RO         3818    log_const_data      nrf_log_frontend.o
    0x000037d8   0x000037d8   0x00000014   Data   RO         3819    nrf_balloc          nrf_log_frontend.o


    Execution Region RW_IRAM1 (Exec base: 0x20000000, Load base: 0x000037ec, Size: 0x00002720, Max: 0x00040000, ABSOLUTE)

    Exec Addr    Load Addr    Size         Type   Attr      Idx    E Section Name        Object

    0x20000000   0x000037ec   0x00000017   Data   RW           15    .data               adicup3029port.o
    0x20000017   0x00003803   0x00000001   PAD
    0x20000018   0x00003804   0x00000008   Data   RW          292    .data               ad5940_spi.o
    0x20000020   0x0000380c   0x00000001   Data   RW          425    .data               ad5940.o
    0x20000021   0x0000380d   0x00000010   Data   RW          984    .data               main.o
    0x20000031   0x0000381d   0x00000003   PAD
    0x20000034   0x00003820   0x00000014   Data   RW         1311    .data               nrf_drv_uart.o
    0x20000048   0x00003834   0x00000008   Data   RW         1842    .data               nrfx_prs.o
    0x20000050   0x0000383c   0x00000004   Data   RW         2809    .data               app_util_platform.o
    0x20000054   0x00003840   0x0000000c   Data   RW         2889    .data               drv_rtc.o
    0x20000060   0x0000384c   0x00000018   Data   RW         3684    .data               nrf_log_backend_uart.o
    0x20000078   0x00003864   0x00000008   Data   RW         3749    .data               nrf_log_default_backends.o
    0x20000080   0x0000386c   0x00000004   Data   RW         3815    .data               nrf_log_frontend.o
    0x20000084   0x00003870   0x00000008   Data   RW         3816    .data               nrf_log_frontend.o
    0x2000008c   0x00003878   0x00000008   Data   RW         3817    .data               nrf_log_frontend.o
    0x20000094   0x00003880   0x00000040   Data   RW         3976    .data               nrf_log_str_formatter.o
    0x200000d4   0x000038c0   0x00000004   Data   RW         4295    .data               system_nrf52840.o
    0x200000d8   0x000038c4   0x00000004   Data   RW         4427    .data               mc_w.l(rand.o)
    0x200000dc   0x000038c8   0x00000004   Data   RW         4785    .data               mc_w.l(stdout.o)
    0x200000e0        -       0x0000001c   Zero   RW          423    .bss                ad5940.o
    0x200000fc        -       0x00000020   Zero   RW         1266    .bss                nrf_drv_spi.o
    0x2000011c        -       0x0000006c   Zero   RW         1549    .bss                nrfx_gpiote.o
    0x20000188        -       0x00000024   Zero   RW         1923    .bss                nrfx_spim.o
    0x200001ac        -       0x0000002c   Zero   RW         2071    .bss                nrfx_uart.o
    0x200001d8        -       0x00000024   Zero   RW         2259    .bss                nrfx_uarte.o
    0x200001fc        -       0x00000040   Zero   RW         3681    .bss                nrf_log_backend_uart.o
    0x2000023c        -       0x000000c0   Zero   RW         3809    .bss                nrf_log_frontend.o
    0x200002fc        -       0x00000420   Zero   RW         3812    .bss                nrf_log_frontend.o
    0x2000071c   0x000038cc   0x00000004   PAD
    0x20000720        -       0x00002000   Zero   RW         4283    STACK               arm_startup_nrf52840.o


==============================================================================

Image component sizes


      Code (inc. data)   RO Data    RW Data    ZI Data      Debug   Object Name

       710         42        416          1         28      15149   ad5940.o
       380        230          0          8          0        746   ad5940_spi.o
       348         90         32         23          0     172648   adicup3029port.o
         0          0         19          0          0       6595   app_button.o
        22          0          0          0          0       2513   app_error.o
       132         46          0          0          0      30893   app_error_weak.o
         0          0         18          0          0       5890   app_timer2.o
        44         10          0          4          0       3324   app_util_platform.o
        36          8        512          0       8192        932   arm_startup_nrf52840.o
        72         10          8          0          0       6823   boards.o
         0          0          0          0          0       3272   bsp.o
        16          4          0         12          0       4925   drv_rtc.o
       172         42         24         16          0       3681   main.o
       294          0          0          0          0       7847   nrf_atomic.o
       104          0          0          0          0       2770   nrf_balloc.o
       168         18         16          0         32      14487   nrf_drv_spi.o
       200         26          0         20          0      17796   nrf_drv_uart.o
        50          0          0          0          0       3521   nrf_fprintf.o
       866          4         16          0          0       6538   nrf_fprintf_format.o
       194          0          0          0          0      11597   nrf_log_backend_serial.o
       226         44         44         24         64      15206   nrf_log_backend_uart.o
         0          0         33          8          0       2517   nrf_log_default_backends.o
      1468        120         32         20       1248      27058   nrf_log_frontend.o
       570        108        102         64          0       5640   nrf_log_str_formatter.o
       342          0          0          0          0       8880   nrf_memobj.o
         0          0          0          0          0       1088   nrf_ringbuf.o
         0          0         17          0          0       1053   nrf_sortlist.o
       580         44         23          0        108      25529   nrfx_gpiote.o
       102         16         12          8          0       4440   nrfx_prs.o
       900         28         17          0         36      58161   nrfx_spim.o
      1354         48         17          0         44      28061   nrfx_uart.o
      1356         48         18          0         36      24823   nrfx_uarte.o
       468         62          0          4          0      12811   system_nrf52840.o

    ----------------------------------------------------------------------
     11196       1048       1436        216       9792     537214   Object Totals
         0          0         32          0          0          0   (incl. Generated)
        22          0         28          4          4          0   (incl. Padding)

    ----------------------------------------------------------------------

      Code (inc. data)   RO Data    RW Data    ZI Data      Debug   Library Member Name

         8          4        133          0          0         68   ctype_o.o
         0          0          0          0          0          0   entry.o
         0          0          0          0          0          0   entry10a.o
         0          0          0          0          0          0   entry11a.o
         4          0          0          0          0          0   entry12b.o
         8          4          0          0          0          0   entry2.o
         4          0          0          0          0          0   entry5.o
         0          0          0          0          0          0   entry7b.o
         0          0          0          0          0          0   entry8b.o
         8          4          0          0          0          0   entry9a.o
        18          0          0          0          0         80   fputc.o
        30          0          0          0          0          0   handlers.o
        36          8          0          0          0         68   init.o
         0          0          0          0          0          0   iusesemip.o
        30          0          0          0          0         68   llshl.o
        32          0          0          0          0         68   llushr.o
        36          0          0          0          0         68   memcpya.o
        36          0          0          0          0        108   memseta.o
      1142         54          0          0          0        352   printf8.o
        36         10          0          4          0        136   rand.o
         0          0          0          0          0          0   semi.o
         0          0          0          4          0          0   stdout.o
        14          0          0          0          0         68   strlen.o
        98          0          0          0          0         92   uldiv.o

    ----------------------------------------------------------------------
      1548         84        136          8          0       1176   Library Totals
         8          0          3          0          0          0   (incl. Padding)

    ----------------------------------------------------------------------

      Code (inc. data)   RO Data    RW Data    ZI Data      Debug   Library Name

      1540         84        133          8          0       1176   mc_w.l

    ----------------------------------------------------------------------
      1548         84        136          8          0       1176   Library Totals

    ----------------------------------------------------------------------

==============================================================================


      Code (inc. data)   RO Data    RW Data    ZI Data      Debug   

     12744       1132       1572        224       9792     523726   Grand Totals
     12744       1132       1572        224       9792     523726   ELF Image Totals
     12744       1132       1572        224          0          0   ROM Totals

==============================================================================

    Total RO  Size (Code + RO Data)                14316 (  13.98kB)
    Total RW  Size (RW Data + ZI Data)             10016 (   9.78kB)
    Total ROM Size (Code + RO Data + RW Data)      14540 (  14.20kB)

==============================================================================

