Component: ARM Compiler 5.06 update 7 (build 960) Tool: armlink [4d3601]

==============================================================================

Section Cross References

    main.o(i.led_blinking_setup) refers to nrfx_gpiote.o(i.nrfx_gpiote_out_init) for nrfx_gpiote_out_init
    main.o(i.led_blinking_setup) refers to app_error.o(i.app_error_handler_bare) for app_error_handler_bare
    main.o(i.led_blinking_setup) refers to nrfx_timer.o(i.nrfx_timer_extended_compare) for nrfx_timer_extended_compare
    main.o(i.led_blinking_setup) refers to nrfx_ppi.o(i.nrfx_ppi_channel_alloc) for nrfx_ppi_channel_alloc
    main.o(i.led_blinking_setup) refers to nrfx_gpiote.o(i.nrfx_gpiote_out_task_addr_get) for nrfx_gpiote_out_task_addr_get
    main.o(i.led_blinking_setup) refers to nrfx_ppi.o(i.nrfx_ppi_channel_assign) for nrfx_ppi_channel_assign
    main.o(i.led_blinking_setup) refers to nrfx_ppi.o(i.nrfx_ppi_channel_enable) for nrfx_ppi_channel_enable
    main.o(i.led_blinking_setup) refers to nrfx_gpiote.o(i.nrfx_gpiote_out_task_enable) for nrfx_gpiote_out_task_enable
    main.o(i.led_blinking_setup) refers to main.o(.constdata) for .constdata
    main.o(i.led_blinking_setup) refers to main.o(.data) for .data
    main.o(i.main) refers to nrf_drv_ppi.o(i.nrf_drv_ppi_init) for nrf_drv_ppi_init
    main.o(i.main) refers to app_error.o(i.app_error_handler_bare) for app_error_handler_bare
    main.o(i.main) refers to nrfx_gpiote.o(i.nrfx_gpiote_init) for nrfx_gpiote_init
    main.o(i.main) refers to nrfx_timer.o(i.nrfx_timer_init) for nrfx_timer_init
    main.o(i.main) refers to main.o(i.led_blinking_setup) for led_blinking_setup
    main.o(i.main) refers to nrfx_timer.o(i.nrfx_timer_enable) for nrfx_timer_enable
    main.o(i.main) refers to main.o(.constdata) for .constdata
    main.o(i.main) refers to main.o(i.timer_dummy_handler) for timer_dummy_handler
    main.o(i.main) refers to main.o(.data) for .data
    boards.o(i.bsp_board_button_idx_to_pin) refers to boards.o(.constdata) for .constdata
    boards.o(i.bsp_board_button_state_get) refers to boards.o(i.nrf_gpio_pin_port_decode) for nrf_gpio_pin_port_decode
    boards.o(i.bsp_board_button_state_get) refers to boards.o(.constdata) for .constdata
    boards.o(i.bsp_board_init) refers to boards.o(i.nrf_gpio_cfg) for nrf_gpio_cfg
    boards.o(i.bsp_board_init) refers to boards.o(i.bsp_board_leds_off) for bsp_board_leds_off
    boards.o(i.bsp_board_init) refers to boards.o(.constdata) for .constdata
    boards.o(i.bsp_board_led_idx_to_pin) refers to boards.o(.constdata) for .constdata
    boards.o(i.bsp_board_led_invert) refers to boards.o(i.nrf_gpio_pin_port_decode) for nrf_gpio_pin_port_decode
    boards.o(i.bsp_board_led_invert) refers to boards.o(.constdata) for .constdata
    boards.o(i.bsp_board_led_off) refers to boards.o(i.nrf_gpio_pin_write) for nrf_gpio_pin_write
    boards.o(i.bsp_board_led_off) refers to boards.o(.constdata) for .constdata
    boards.o(i.bsp_board_led_on) refers to boards.o(i.nrf_gpio_pin_write) for nrf_gpio_pin_write
    boards.o(i.bsp_board_led_on) refers to boards.o(.constdata) for .constdata
    boards.o(i.bsp_board_led_state_get) refers to boards.o(i.nrf_gpio_pin_port_decode) for nrf_gpio_pin_port_decode
    boards.o(i.bsp_board_led_state_get) refers to boards.o(.constdata) for .constdata
    boards.o(i.bsp_board_leds_off) refers to boards.o(i.bsp_board_led_off) for bsp_board_led_off
    boards.o(i.bsp_board_leds_on) refers to boards.o(i.bsp_board_led_on) for bsp_board_led_on
    boards.o(i.bsp_board_pin_to_button_idx) refers to boards.o(.constdata) for .constdata
    boards.o(i.bsp_board_pin_to_led_idx) refers to boards.o(.constdata) for .constdata
    boards.o(i.nrf_gpio_cfg) refers to boards.o(i.nrf_gpio_pin_port_decode) for nrf_gpio_pin_port_decode
    boards.o(i.nrf_gpio_pin_write) refers to boards.o(i.nrf_gpio_pin_port_decode) for nrf_gpio_pin_port_decode
    nrf_drv_ppi.o(i.nrf_drv_ppi_init) refers to nrf_drv_ppi.o(.data) for .data
    nrf_drv_ppi.o(i.nrf_drv_ppi_uninit) refers to nrfx_ppi.o(i.nrfx_ppi_free_all) for nrfx_ppi_free_all
    nrf_drv_ppi.o(i.nrf_drv_ppi_uninit) refers to nrf_drv_ppi.o(.data) for .data
    nrfx_atomic.o(i.nrfx_atomic_flag_clear) refers to nrfx_atomic.o(i.nrfx_atomic_u32_and) for nrfx_atomic_u32_and
    nrfx_atomic.o(i.nrfx_atomic_flag_clear_fetch) refers to nrfx_atomic.o(i.nrfx_atomic_u32_fetch_and) for nrfx_atomic_u32_fetch_and
    nrfx_atomic.o(i.nrfx_atomic_flag_set) refers to nrfx_atomic.o(i.nrfx_atomic_u32_or) for nrfx_atomic_u32_or
    nrfx_atomic.o(i.nrfx_atomic_flag_set_fetch) refers to nrfx_atomic.o(i.nrfx_atomic_u32_fetch_or) for nrfx_atomic_u32_fetch_or
    nrfx_atomic.o(i.nrfx_atomic_u32_add) refers to nrfx_atomic.o(.emb_text) for __asm___13_nrfx_atomic_c_3bd32246__nrfx_atomic_internal_add
    nrfx_atomic.o(i.nrfx_atomic_u32_and) refers to nrfx_atomic.o(.emb_text) for __asm___13_nrfx_atomic_c_3bd32246__nrfx_atomic_internal_and
    nrfx_atomic.o(i.nrfx_atomic_u32_cmp_exch) refers to nrfx_atomic.o(.emb_text) for __asm___13_nrfx_atomic_c_3bd32246__nrfx_atomic_internal_cmp_exch
    nrfx_atomic.o(i.nrfx_atomic_u32_fetch_add) refers to nrfx_atomic.o(.emb_text) for __asm___13_nrfx_atomic_c_3bd32246__nrfx_atomic_internal_add
    nrfx_atomic.o(i.nrfx_atomic_u32_fetch_and) refers to nrfx_atomic.o(.emb_text) for __asm___13_nrfx_atomic_c_3bd32246__nrfx_atomic_internal_and
    nrfx_atomic.o(i.nrfx_atomic_u32_fetch_or) refers to nrfx_atomic.o(.emb_text) for __asm___13_nrfx_atomic_c_3bd32246__nrfx_atomic_internal_orr
    nrfx_atomic.o(i.nrfx_atomic_u32_fetch_store) refers to nrfx_atomic.o(.emb_text) for __asm___13_nrfx_atomic_c_3bd32246__nrfx_atomic_internal_mov
    nrfx_atomic.o(i.nrfx_atomic_u32_fetch_sub) refers to nrfx_atomic.o(.emb_text) for __asm___13_nrfx_atomic_c_3bd32246__nrfx_atomic_internal_sub
    nrfx_atomic.o(i.nrfx_atomic_u32_fetch_sub_hs) refers to nrfx_atomic.o(.emb_text) for __asm___13_nrfx_atomic_c_3bd32246__nrfx_atomic_internal_sub_hs
    nrfx_atomic.o(i.nrfx_atomic_u32_fetch_xor) refers to nrfx_atomic.o(.emb_text) for __asm___13_nrfx_atomic_c_3bd32246__nrfx_atomic_internal_eor
    nrfx_atomic.o(i.nrfx_atomic_u32_or) refers to nrfx_atomic.o(.emb_text) for __asm___13_nrfx_atomic_c_3bd32246__nrfx_atomic_internal_orr
    nrfx_atomic.o(i.nrfx_atomic_u32_store) refers to nrfx_atomic.o(.emb_text) for __asm___13_nrfx_atomic_c_3bd32246__nrfx_atomic_internal_mov
    nrfx_atomic.o(i.nrfx_atomic_u32_sub) refers to nrfx_atomic.o(.emb_text) for __asm___13_nrfx_atomic_c_3bd32246__nrfx_atomic_internal_sub
    nrfx_atomic.o(i.nrfx_atomic_u32_sub_hs) refers to nrfx_atomic.o(.emb_text) for __asm___13_nrfx_atomic_c_3bd32246__nrfx_atomic_internal_sub_hs
    nrfx_atomic.o(i.nrfx_atomic_u32_xor) refers to nrfx_atomic.o(.emb_text) for __asm___13_nrfx_atomic_c_3bd32246__nrfx_atomic_internal_eor
    nrfx_gpiote.o(i.GPIOTE_IRQHandler) refers to nrfx_gpiote.o(i.nrf_gpiote_event_is_set) for nrf_gpiote_event_is_set
    nrfx_gpiote.o(i.GPIOTE_IRQHandler) refers to nrfx_gpiote.o(i.nrf_gpiote_event_clear) for nrf_gpiote_event_clear
    nrfx_gpiote.o(i.GPIOTE_IRQHandler) refers to nrfx_gpiote.o(i.nrf_gpio_latches_read_and_clear) for nrf_gpio_latches_read_and_clear
    nrfx_gpiote.o(i.GPIOTE_IRQHandler) refers to nrfx_gpiote.o(i.port_event_handle) for port_event_handle
    nrfx_gpiote.o(i.GPIOTE_IRQHandler) refers to nrfx_gpiote.o(.bss) for .bss
    nrfx_gpiote.o(i.channel_free) refers to nrfx_gpiote.o(.bss) for .bss
    nrfx_gpiote.o(i.channel_port_alloc) refers to nrfx_gpiote.o(.bss) for .bss
    nrfx_gpiote.o(i.channel_port_get) refers to nrfx_gpiote.o(.bss) for .bss
    nrfx_gpiote.o(i.nrf_gpio_cfg) refers to nrfx_gpiote.o(i.nrf_gpio_pin_port_decode) for nrf_gpio_pin_port_decode
    nrfx_gpiote.o(i.nrf_gpio_cfg_default) refers to nrfx_gpiote.o(i.nrf_gpio_cfg) for nrf_gpio_cfg
    nrfx_gpiote.o(i.nrf_gpio_cfg_sense_set) refers to nrfx_gpiote.o(i.nrf_gpio_pin_port_decode) for nrf_gpio_pin_port_decode
    nrfx_gpiote.o(i.nrf_gpio_latches_read_and_clear) refers to nrfx_gpiote.o(.constdata) for .constdata
    nrfx_gpiote.o(i.nrf_gpio_pin_clear) refers to nrfx_gpiote.o(i.nrf_gpio_pin_port_decode) for nrf_gpio_pin_port_decode
    nrfx_gpiote.o(i.nrf_gpio_pin_read) refers to nrfx_gpiote.o(i.nrf_gpio_pin_port_decode) for nrf_gpio_pin_port_decode
    nrfx_gpiote.o(i.nrf_gpio_pin_set) refers to nrfx_gpiote.o(i.nrf_gpio_pin_port_decode) for nrf_gpio_pin_port_decode
    nrfx_gpiote.o(i.nrfx_gpiote_clr_task_addr_get) refers to nrfx_gpiote.o(i.nrfx_gpiote_clr_task_get) for nrfx_gpiote_clr_task_get
    nrfx_gpiote.o(i.nrfx_gpiote_clr_task_get) refers to nrfx_gpiote.o(i.channel_port_get) for channel_port_get
    nrfx_gpiote.o(i.nrfx_gpiote_clr_task_trigger) refers to nrfx_gpiote.o(i.channel_port_get) for channel_port_get
    nrfx_gpiote.o(i.nrfx_gpiote_in_event_addr_get) refers to nrfx_gpiote.o(i.nrfx_gpiote_in_event_get) for nrfx_gpiote_in_event_get
    nrfx_gpiote.o(i.nrfx_gpiote_in_event_disable) refers to nrfx_gpiote.o(i.pin_in_use_by_port) for pin_in_use_by_port
    nrfx_gpiote.o(i.nrfx_gpiote_in_event_disable) refers to nrfx_gpiote.o(i.nrf_gpio_cfg_sense_set) for nrf_gpio_cfg_sense_set
    nrfx_gpiote.o(i.nrfx_gpiote_in_event_disable) refers to nrfx_gpiote.o(i.pin_in_use_by_te) for pin_in_use_by_te
    nrfx_gpiote.o(i.nrfx_gpiote_in_event_disable) refers to nrfx_gpiote.o(i.channel_port_get) for channel_port_get
    nrfx_gpiote.o(i.nrfx_gpiote_in_event_enable) refers to nrfx_gpiote.o(i.pin_in_use_by_port) for pin_in_use_by_port
    nrfx_gpiote.o(i.nrfx_gpiote_in_event_enable) refers to nrfx_gpiote.o(i.channel_port_get) for channel_port_get
    nrfx_gpiote.o(i.nrfx_gpiote_in_event_enable) refers to nrfx_gpiote.o(i.port_handler_polarity_get) for port_handler_polarity_get
    nrfx_gpiote.o(i.nrfx_gpiote_in_event_enable) refers to nrfx_gpiote.o(i.nrf_gpio_pin_read) for nrf_gpio_pin_read
    nrfx_gpiote.o(i.nrfx_gpiote_in_event_enable) refers to nrfx_gpiote.o(i.nrf_gpio_cfg_sense_set) for nrf_gpio_cfg_sense_set
    nrfx_gpiote.o(i.nrfx_gpiote_in_event_enable) refers to nrfx_gpiote.o(i.pin_in_use_by_te) for pin_in_use_by_te
    nrfx_gpiote.o(i.nrfx_gpiote_in_event_enable) refers to nrfx_gpiote.o(i.nrf_gpiote_event_clear) for nrf_gpiote_event_clear
    nrfx_gpiote.o(i.nrfx_gpiote_in_event_enable) refers to nrfx_gpiote.o(.bss) for .bss
    nrfx_gpiote.o(i.nrfx_gpiote_in_event_get) refers to nrfx_gpiote.o(i.pin_in_use_by_te) for pin_in_use_by_te
    nrfx_gpiote.o(i.nrfx_gpiote_in_event_get) refers to nrfx_gpiote.o(i.channel_port_get) for channel_port_get
    nrfx_gpiote.o(i.nrfx_gpiote_in_init) refers to nrfx_gpiote.o(i.channel_port_alloc) for channel_port_alloc
    nrfx_gpiote.o(i.nrfx_gpiote_in_init) refers to nrfx_gpiote.o(i.nrf_gpio_pin_port_decode) for nrf_gpio_pin_port_decode
    nrfx_gpiote.o(i.nrfx_gpiote_in_init) refers to nrfx_gpiote.o(i.nrf_gpio_cfg) for nrf_gpio_cfg
    nrfx_gpiote.o(i.nrfx_gpiote_in_init) refers to nrfx_gpiote.o(i.pin_configured_set) for pin_configured_set
    nrfx_gpiote.o(i.nrfx_gpiote_in_init) refers to nrfx_gpiote.o(.bss) for .bss
    nrfx_gpiote.o(i.nrfx_gpiote_in_is_set) refers to nrfx_gpiote.o(i.nrf_gpio_pin_read) for nrf_gpio_pin_read
    nrfx_gpiote.o(i.nrfx_gpiote_in_uninit) refers to nrfx_gpiote.o(i.nrfx_gpiote_in_event_disable) for nrfx_gpiote_in_event_disable
    nrfx_gpiote.o(i.nrfx_gpiote_in_uninit) refers to nrfx_gpiote.o(i.pin_in_use_by_te) for pin_in_use_by_te
    nrfx_gpiote.o(i.nrfx_gpiote_in_uninit) refers to nrfx_gpiote.o(i.channel_port_get) for channel_port_get
    nrfx_gpiote.o(i.nrfx_gpiote_in_uninit) refers to nrfx_gpiote.o(i.pin_configured_check) for pin_configured_check
    nrfx_gpiote.o(i.nrfx_gpiote_in_uninit) refers to nrfx_gpiote.o(i.nrf_gpio_cfg_default) for nrf_gpio_cfg_default
    nrfx_gpiote.o(i.nrfx_gpiote_in_uninit) refers to nrfx_gpiote.o(i.pin_configured_clear) for pin_configured_clear
    nrfx_gpiote.o(i.nrfx_gpiote_in_uninit) refers to nrfx_gpiote.o(i.channel_free) for channel_free
    nrfx_gpiote.o(i.nrfx_gpiote_in_uninit) refers to nrfx_gpiote.o(.bss) for .bss
    nrfx_gpiote.o(i.nrfx_gpiote_init) refers to nrfx_gpiote.o(i.nrf_gpio_pin_present_check) for nrf_gpio_pin_present_check
    nrfx_gpiote.o(i.nrfx_gpiote_init) refers to nrfx_gpiote.o(i.channel_free) for channel_free
    nrfx_gpiote.o(i.nrfx_gpiote_init) refers to nrfx_gpiote.o(i.nrf_gpiote_event_clear) for nrf_gpiote_event_clear
    nrfx_gpiote.o(i.nrfx_gpiote_init) refers to nrfx_gpiote.o(.bss) for .bss
    nrfx_gpiote.o(i.nrfx_gpiote_is_init) refers to nrfx_gpiote.o(.bss) for .bss
    nrfx_gpiote.o(i.nrfx_gpiote_out_clear) refers to nrfx_gpiote.o(i.nrf_gpio_pin_clear) for nrf_gpio_pin_clear
    nrfx_gpiote.o(i.nrfx_gpiote_out_init) refers to nrfx_gpiote.o(i.channel_port_alloc) for channel_port_alloc
    nrfx_gpiote.o(i.nrfx_gpiote_out_init) refers to nrfx_gpiote.o(i.nrf_gpio_pin_clear) for nrf_gpio_pin_clear
    nrfx_gpiote.o(i.nrfx_gpiote_out_init) refers to nrfx_gpiote.o(i.nrf_gpio_cfg) for nrf_gpio_cfg
    nrfx_gpiote.o(i.nrfx_gpiote_out_init) refers to nrfx_gpiote.o(i.pin_configured_set) for pin_configured_set
    nrfx_gpiote.o(i.nrfx_gpiote_out_init) refers to nrfx_gpiote.o(i.nrf_gpio_pin_set) for nrf_gpio_pin_set
    nrfx_gpiote.o(i.nrfx_gpiote_out_init) refers to nrfx_gpiote.o(.bss) for .bss
    nrfx_gpiote.o(i.nrfx_gpiote_out_set) refers to nrfx_gpiote.o(i.nrf_gpio_pin_set) for nrf_gpio_pin_set
    nrfx_gpiote.o(i.nrfx_gpiote_out_task_addr_get) refers to nrfx_gpiote.o(i.nrfx_gpiote_out_task_get) for nrfx_gpiote_out_task_get
    nrfx_gpiote.o(i.nrfx_gpiote_out_task_disable) refers to nrfx_gpiote.o(.bss) for .bss
    nrfx_gpiote.o(i.nrfx_gpiote_out_task_enable) refers to nrfx_gpiote.o(.bss) for .bss
    nrfx_gpiote.o(i.nrfx_gpiote_out_task_force) refers to nrfx_gpiote.o(.bss) for .bss
    nrfx_gpiote.o(i.nrfx_gpiote_out_task_get) refers to nrfx_gpiote.o(i.channel_port_get) for channel_port_get
    nrfx_gpiote.o(i.nrfx_gpiote_out_task_trigger) refers to nrfx_gpiote.o(i.channel_port_get) for channel_port_get
    nrfx_gpiote.o(i.nrfx_gpiote_out_toggle) refers to nrfx_gpiote.o(i.nrf_gpio_pin_port_decode) for nrf_gpio_pin_port_decode
    nrfx_gpiote.o(i.nrfx_gpiote_out_uninit) refers to nrfx_gpiote.o(i.pin_in_use_by_te) for pin_in_use_by_te
    nrfx_gpiote.o(i.nrfx_gpiote_out_uninit) refers to nrfx_gpiote.o(i.channel_port_get) for channel_port_get
    nrfx_gpiote.o(i.nrfx_gpiote_out_uninit) refers to nrfx_gpiote.o(i.channel_free) for channel_free
    nrfx_gpiote.o(i.nrfx_gpiote_out_uninit) refers to nrfx_gpiote.o(i.pin_configured_check) for pin_configured_check
    nrfx_gpiote.o(i.nrfx_gpiote_out_uninit) refers to nrfx_gpiote.o(i.nrf_gpio_cfg_default) for nrf_gpio_cfg_default
    nrfx_gpiote.o(i.nrfx_gpiote_out_uninit) refers to nrfx_gpiote.o(i.pin_configured_clear) for pin_configured_clear
    nrfx_gpiote.o(i.nrfx_gpiote_out_uninit) refers to nrfx_gpiote.o(.bss) for .bss
    nrfx_gpiote.o(i.nrfx_gpiote_set_task_addr_get) refers to nrfx_gpiote.o(i.nrfx_gpiote_set_task_get) for nrfx_gpiote_set_task_get
    nrfx_gpiote.o(i.nrfx_gpiote_set_task_get) refers to nrfx_gpiote.o(i.channel_port_get) for channel_port_get
    nrfx_gpiote.o(i.nrfx_gpiote_set_task_trigger) refers to nrfx_gpiote.o(i.channel_port_get) for channel_port_get
    nrfx_gpiote.o(i.nrfx_gpiote_uninit) refers to nrfx_gpiote.o(i.nrf_gpio_pin_present_check) for nrf_gpio_pin_present_check
    nrfx_gpiote.o(i.nrfx_gpiote_uninit) refers to nrfx_gpiote.o(i.nrfx_gpiote_in_uninit) for nrfx_gpiote_in_uninit
    nrfx_gpiote.o(i.nrfx_gpiote_uninit) refers to nrfx_gpiote.o(i.nrfx_gpiote_out_uninit) for nrfx_gpiote_out_uninit
    nrfx_gpiote.o(i.nrfx_gpiote_uninit) refers to nrfx_gpiote.o(.bss) for .bss
    nrfx_gpiote.o(i.pin_configured_check) refers to nrfx_gpiote.o(i.nrf_bitmask_bit_is_set) for nrf_bitmask_bit_is_set
    nrfx_gpiote.o(i.pin_configured_check) refers to nrfx_gpiote.o(.bss) for .bss
    nrfx_gpiote.o(i.pin_configured_clear) refers to nrfx_gpiote.o(.bss) for .bss
    nrfx_gpiote.o(i.pin_configured_set) refers to nrfx_gpiote.o(.bss) for .bss
    nrfx_gpiote.o(i.pin_in_use_by_port) refers to nrfx_gpiote.o(.bss) for .bss
    nrfx_gpiote.o(i.pin_in_use_by_te) refers to nrfx_gpiote.o(.bss) for .bss
    nrfx_gpiote.o(i.port_event_handle) refers to nrfx_gpiote.o(i.nrf_bitmask_bit_is_set) for nrf_bitmask_bit_is_set
    nrfx_gpiote.o(i.port_event_handle) refers to nrfx_gpiote.o(i.port_handler_polarity_get) for port_handler_polarity_get
    nrfx_gpiote.o(i.port_event_handle) refers to nrfx_gpiote.o(i.nrf_gpio_pin_port_decode) for nrf_gpio_pin_port_decode
    nrfx_gpiote.o(i.port_event_handle) refers to nrfx_gpiote.o(i.nrf_gpio_cfg_sense_set) for nrf_gpio_cfg_sense_set
    nrfx_gpiote.o(i.port_event_handle) refers to nrfx_gpiote.o(i.channel_port_get) for channel_port_get
    nrfx_gpiote.o(i.port_event_handle) refers to nrfx_gpiote.o(i.nrf_gpio_latches_read_and_clear) for nrf_gpio_latches_read_and_clear
    nrfx_gpiote.o(i.port_event_handle) refers to nrfx_gpiote.o(.bss) for .bss
    nrfx_gpiote.o(i.port_handler_polarity_get) refers to nrfx_gpiote.o(.bss) for .bss
    nrfx_ppi.o(i.is_allocated_channel) refers to nrfx_ppi.o(.data) for .data
    nrfx_ppi.o(i.is_allocated_group) refers to nrfx_ppi.o(.data) for .data
    nrfx_ppi.o(i.nrfx_ppi_channel_alloc) refers to app_util_platform.o(i.app_util_critical_region_enter) for app_util_critical_region_enter
    nrfx_ppi.o(i.nrfx_ppi_channel_alloc) refers to nrfx_ppi.o(i.is_allocated_channel) for is_allocated_channel
    nrfx_ppi.o(i.nrfx_ppi_channel_alloc) refers to app_util_platform.o(i.app_util_critical_region_exit) for app_util_critical_region_exit
    nrfx_ppi.o(i.nrfx_ppi_channel_alloc) refers to nrfx_ppi.o(.data) for .data
    nrfx_ppi.o(i.nrfx_ppi_channel_assign) refers to nrfx_ppi.o(i.is_programmable_app_channel) for is_programmable_app_channel
    nrfx_ppi.o(i.nrfx_ppi_channel_assign) refers to nrfx_ppi.o(i.is_allocated_channel) for is_allocated_channel
    nrfx_ppi.o(i.nrfx_ppi_channel_disable) refers to nrfx_ppi.o(i.is_programmable_app_channel) for is_programmable_app_channel
    nrfx_ppi.o(i.nrfx_ppi_channel_disable) refers to nrfx_ppi.o(i.is_allocated_channel) for is_allocated_channel
    nrfx_ppi.o(i.nrfx_ppi_channel_enable) refers to nrfx_ppi.o(i.is_programmable_app_channel) for is_programmable_app_channel
    nrfx_ppi.o(i.nrfx_ppi_channel_enable) refers to nrfx_ppi.o(i.is_allocated_channel) for is_allocated_channel
    nrfx_ppi.o(i.nrfx_ppi_channel_fork_assign) refers to nrfx_ppi.o(i.is_allocated_channel) for is_allocated_channel
    nrfx_ppi.o(i.nrfx_ppi_channel_free) refers to nrfx_ppi.o(i.is_programmable_app_channel) for is_programmable_app_channel
    nrfx_ppi.o(i.nrfx_ppi_channel_free) refers to app_util_platform.o(i.app_util_critical_region_enter) for app_util_critical_region_enter
    nrfx_ppi.o(i.nrfx_ppi_channel_free) refers to app_util_platform.o(i.app_util_critical_region_exit) for app_util_critical_region_exit
    nrfx_ppi.o(i.nrfx_ppi_channel_free) refers to nrfx_ppi.o(.data) for .data
    nrfx_ppi.o(i.nrfx_ppi_channels_include_in_group) refers to nrfx_ppi.o(i.is_app_group) for is_app_group
    nrfx_ppi.o(i.nrfx_ppi_channels_include_in_group) refers to nrfx_ppi.o(i.is_allocated_group) for is_allocated_group
    nrfx_ppi.o(i.nrfx_ppi_channels_include_in_group) refers to app_util_platform.o(i.app_util_critical_region_enter) for app_util_critical_region_enter
    nrfx_ppi.o(i.nrfx_ppi_channels_include_in_group) refers to app_util_platform.o(i.app_util_critical_region_exit) for app_util_critical_region_exit
    nrfx_ppi.o(i.nrfx_ppi_channels_remove_from_group) refers to nrfx_ppi.o(i.is_app_group) for is_app_group
    nrfx_ppi.o(i.nrfx_ppi_channels_remove_from_group) refers to nrfx_ppi.o(i.is_allocated_group) for is_allocated_group
    nrfx_ppi.o(i.nrfx_ppi_channels_remove_from_group) refers to app_util_platform.o(i.app_util_critical_region_enter) for app_util_critical_region_enter
    nrfx_ppi.o(i.nrfx_ppi_channels_remove_from_group) refers to app_util_platform.o(i.app_util_critical_region_exit) for app_util_critical_region_exit
    nrfx_ppi.o(i.nrfx_ppi_free_all) refers to nrfx_ppi.o(.data) for .data
    nrfx_ppi.o(i.nrfx_ppi_group_alloc) refers to app_util_platform.o(i.app_util_critical_region_enter) for app_util_critical_region_enter
    nrfx_ppi.o(i.nrfx_ppi_group_alloc) refers to nrfx_ppi.o(i.is_allocated_group) for is_allocated_group
    nrfx_ppi.o(i.nrfx_ppi_group_alloc) refers to app_util_platform.o(i.app_util_critical_region_exit) for app_util_critical_region_exit
    nrfx_ppi.o(i.nrfx_ppi_group_alloc) refers to nrfx_ppi.o(.data) for .data
    nrfx_ppi.o(i.nrfx_ppi_group_disable) refers to nrfx_ppi.o(i.is_app_group) for is_app_group
    nrfx_ppi.o(i.nrfx_ppi_group_enable) refers to nrfx_ppi.o(i.is_app_group) for is_app_group
    nrfx_ppi.o(i.nrfx_ppi_group_enable) refers to nrfx_ppi.o(i.is_allocated_group) for is_allocated_group
    nrfx_ppi.o(i.nrfx_ppi_group_free) refers to nrfx_ppi.o(i.is_app_group) for is_app_group
    nrfx_ppi.o(i.nrfx_ppi_group_free) refers to nrfx_ppi.o(i.is_allocated_group) for is_allocated_group
    nrfx_ppi.o(i.nrfx_ppi_group_free) refers to app_util_platform.o(i.app_util_critical_region_enter) for app_util_critical_region_enter
    nrfx_ppi.o(i.nrfx_ppi_group_free) refers to app_util_platform.o(i.app_util_critical_region_exit) for app_util_critical_region_exit
    nrfx_ppi.o(i.nrfx_ppi_group_free) refers to nrfx_ppi.o(.data) for .data
    nrfx_timer.o(i.TIMER0_IRQHandler) refers to nrfx_timer.o(i.nrf_timer_event_clear) for nrf_timer_event_clear
    nrfx_timer.o(i.TIMER0_IRQHandler) refers to nrfx_timer.o(.bss) for .bss
    nrfx_timer.o(i.nrfx_timer_compare) refers to nrfx_timer.o(i.nrf_timer_event_clear) for nrf_timer_event_clear
    nrfx_timer.o(i.nrfx_timer_compare_int_enable) refers to nrfx_timer.o(i.nrf_timer_event_clear) for nrf_timer_event_clear
    nrfx_timer.o(i.nrfx_timer_disable) refers to nrfx_timer.o(.bss) for .bss
    nrfx_timer.o(i.nrfx_timer_enable) refers to nrfx_timer.o(.bss) for .bss
    nrfx_timer.o(i.nrfx_timer_extended_compare) refers to nrfx_timer.o(i.nrfx_timer_compare) for nrfx_timer_compare
    nrfx_timer.o(i.nrfx_timer_init) refers to nrfx_timer.o(i.nrf_timer_event_clear) for nrf_timer_event_clear
    nrfx_timer.o(i.nrfx_timer_init) refers to nrfx_timer.o(.bss) for .bss
    nrfx_timer.o(i.nrfx_timer_is_enabled) refers to nrfx_timer.o(.bss) for .bss
    nrfx_timer.o(i.nrfx_timer_uninit) refers to nrfx_timer.o(i.nrfx_timer_disable) for nrfx_timer_disable
    nrfx_timer.o(i.nrfx_timer_uninit) refers to nrfx_timer.o(.bss) for .bss
    app_error.o(i.app_error_handler_bare) refers to app_error_weak.o(i.app_error_fault_handler) for app_error_fault_handler
    app_error.o(i.app_error_save_and_stop) refers to app_error.o(.bss) for .bss
    app_error_handler_keil.o(.emb_text) refers to app_error_weak.o(i.app_error_fault_handler) for app_error_fault_handler
    app_util_platform.o(i.app_util_critical_region_enter) refers to app_util_platform.o(i.app_util_disable_irq) for app_util_disable_irq
    app_util_platform.o(i.app_util_critical_region_exit) refers to app_util_platform.o(i.app_util_enable_irq) for app_util_enable_irq
    app_util_platform.o(i.app_util_disable_irq) refers to app_util_platform.o(.data) for .data
    app_util_platform.o(i.app_util_enable_irq) refers to app_util_platform.o(.data) for .data
    nrf_assert.o(i.assert_nrf_callback) refers to app_error_weak.o(i.app_error_fault_handler) for app_error_fault_handler
    nrf_atomic.o(i.nrf_atomic_flag_clear) refers to nrf_atomic.o(i.nrf_atomic_u32_and) for nrf_atomic_u32_and
    nrf_atomic.o(i.nrf_atomic_flag_clear_fetch) refers to nrf_atomic.o(i.nrf_atomic_u32_fetch_and) for nrf_atomic_u32_fetch_and
    nrf_atomic.o(i.nrf_atomic_flag_set) refers to nrf_atomic.o(i.nrf_atomic_u32_or) for nrf_atomic_u32_or
    nrf_atomic.o(i.nrf_atomic_flag_set_fetch) refers to nrf_atomic.o(i.nrf_atomic_u32_fetch_or) for nrf_atomic_u32_fetch_or
    nrf_atomic.o(i.nrf_atomic_u32_add) refers to nrf_atomic.o(.emb_text) for __asm___12_nrf_atomic_c_85ca2469__nrf_atomic_internal_add
    nrf_atomic.o(i.nrf_atomic_u32_and) refers to nrf_atomic.o(.emb_text) for __asm___12_nrf_atomic_c_85ca2469__nrf_atomic_internal_and
    nrf_atomic.o(i.nrf_atomic_u32_cmp_exch) refers to nrf_atomic.o(.emb_text) for __asm___12_nrf_atomic_c_85ca2469__nrf_atomic_internal_cmp_exch
    nrf_atomic.o(i.nrf_atomic_u32_fetch_add) refers to nrf_atomic.o(.emb_text) for __asm___12_nrf_atomic_c_85ca2469__nrf_atomic_internal_add
    nrf_atomic.o(i.nrf_atomic_u32_fetch_and) refers to nrf_atomic.o(.emb_text) for __asm___12_nrf_atomic_c_85ca2469__nrf_atomic_internal_and
    nrf_atomic.o(i.nrf_atomic_u32_fetch_or) refers to nrf_atomic.o(.emb_text) for __asm___12_nrf_atomic_c_85ca2469__nrf_atomic_internal_orr
    nrf_atomic.o(i.nrf_atomic_u32_fetch_store) refers to nrf_atomic.o(.emb_text) for __asm___12_nrf_atomic_c_85ca2469__nrf_atomic_internal_mov
    nrf_atomic.o(i.nrf_atomic_u32_fetch_sub) refers to nrf_atomic.o(.emb_text) for __asm___12_nrf_atomic_c_85ca2469__nrf_atomic_internal_sub
    nrf_atomic.o(i.nrf_atomic_u32_fetch_sub_hs) refers to nrf_atomic.o(.emb_text) for __asm___12_nrf_atomic_c_85ca2469__nrf_atomic_internal_sub_hs
    nrf_atomic.o(i.nrf_atomic_u32_fetch_xor) refers to nrf_atomic.o(.emb_text) for __asm___12_nrf_atomic_c_85ca2469__nrf_atomic_internal_eor
    nrf_atomic.o(i.nrf_atomic_u32_or) refers to nrf_atomic.o(.emb_text) for __asm___12_nrf_atomic_c_85ca2469__nrf_atomic_internal_orr
    nrf_atomic.o(i.nrf_atomic_u32_store) refers to nrf_atomic.o(.emb_text) for __asm___12_nrf_atomic_c_85ca2469__nrf_atomic_internal_mov
    nrf_atomic.o(i.nrf_atomic_u32_sub) refers to nrf_atomic.o(.emb_text) for __asm___12_nrf_atomic_c_85ca2469__nrf_atomic_internal_sub
    nrf_atomic.o(i.nrf_atomic_u32_sub_hs) refers to nrf_atomic.o(.emb_text) for __asm___12_nrf_atomic_c_85ca2469__nrf_atomic_internal_sub_hs
    nrf_atomic.o(i.nrf_atomic_u32_xor) refers to nrf_atomic.o(.emb_text) for __asm___12_nrf_atomic_c_85ca2469__nrf_atomic_internal_eor
    nrf_balloc.o(i.nrf_balloc_alloc) refers to app_util_platform.o(i.app_util_critical_region_enter) for app_util_critical_region_enter
    nrf_balloc.o(i.nrf_balloc_alloc) refers to app_util_platform.o(i.app_util_critical_region_exit) for app_util_critical_region_exit
    nrf_balloc.o(i.nrf_balloc_free) refers to app_util_platform.o(i.app_util_critical_region_enter) for app_util_critical_region_enter
    nrf_balloc.o(i.nrf_balloc_free) refers to app_util_platform.o(i.app_util_critical_region_exit) for app_util_critical_region_exit
    nrf_fprintf.o(i.nrf_fprintf) refers to nrf_fprintf_format.o(i.nrf_fprintf_fmt) for nrf_fprintf_fmt
    nrf_fprintf_format.o(i.buffer_add) refers to nrf_fprintf.o(i.nrf_fprintf_buffer_flush) for nrf_fprintf_buffer_flush
    nrf_fprintf_format.o(i.int_print) refers to nrf_fprintf_format.o(i.buffer_add) for buffer_add
    nrf_fprintf_format.o(i.int_print) refers to nrf_fprintf_format.o(i.unsigned_print) for unsigned_print
    nrf_fprintf_format.o(i.nrf_fprintf_fmt) refers to nrf_fprintf_format.o(i.buffer_add) for buffer_add
    nrf_fprintf_format.o(i.nrf_fprintf_fmt) refers to nrf_fprintf.o(i.nrf_fprintf_buffer_flush) for nrf_fprintf_buffer_flush
    nrf_fprintf_format.o(i.nrf_fprintf_fmt) refers to nrf_fprintf_format.o(i.int_print) for int_print
    nrf_fprintf_format.o(i.nrf_fprintf_fmt) refers to nrf_fprintf_format.o(i.unsigned_print) for unsigned_print
    nrf_fprintf_format.o(i.nrf_fprintf_fmt) refers to strlen.o(.text) for strlen
    nrf_fprintf_format.o(i.unsigned_print) refers to nrf_fprintf_format.o(i.buffer_add) for buffer_add
    nrf_fprintf_format.o(i.unsigned_print) refers to nrf_fprintf_format.o(.constdata) for .constdata
    nrf_memobj.o(i.memobj_op) refers to memcpya.o(.text) for __aeabi_memcpy
    nrf_memobj.o(i.nrf_memobj_alloc) refers to nrf_balloc.o(i.nrf_balloc_alloc) for nrf_balloc_alloc
    nrf_memobj.o(i.nrf_memobj_alloc) refers to nrf_memobj.o(i.nrf_memobj_free) for nrf_memobj_free
    nrf_memobj.o(i.nrf_memobj_free) refers to nrf_balloc.o(i.nrf_balloc_free) for nrf_balloc_free
    nrf_memobj.o(i.nrf_memobj_get) refers to nrf_atomic.o(i.nrf_atomic_u32_add) for nrf_atomic_u32_add
    nrf_memobj.o(i.nrf_memobj_pool_init) refers to nrf_balloc.o(i.nrf_balloc_init) for nrf_balloc_init
    nrf_memobj.o(i.nrf_memobj_put) refers to nrf_atomic.o(i.nrf_atomic_u32_sub) for nrf_atomic_u32_sub
    nrf_memobj.o(i.nrf_memobj_put) refers to nrf_memobj.o(i.nrf_memobj_free) for nrf_memobj_free
    nrf_memobj.o(i.nrf_memobj_read) refers to nrf_memobj.o(i.memobj_op) for memobj_op
    nrf_memobj.o(i.nrf_memobj_write) refers to nrf_memobj.o(i.memobj_op) for memobj_op
    nrf_ringbuf.o(i.nrf_ringbuf_alloc) refers to nrf_atomic.o(i.nrf_atomic_flag_set_fetch) for nrf_atomic_flag_set_fetch
    nrf_ringbuf.o(i.nrf_ringbuf_alloc) refers to nrf_atomic.o(i.nrf_atomic_flag_clear) for nrf_atomic_flag_clear
    nrf_ringbuf.o(i.nrf_ringbuf_cpy_get) refers to nrf_atomic.o(i.nrf_atomic_flag_set_fetch) for nrf_atomic_flag_set_fetch
    nrf_ringbuf.o(i.nrf_ringbuf_cpy_get) refers to memcpya.o(.text) for __aeabi_memcpy
    nrf_ringbuf.o(i.nrf_ringbuf_cpy_get) refers to nrf_atomic.o(i.nrf_atomic_flag_clear) for nrf_atomic_flag_clear
    nrf_ringbuf.o(i.nrf_ringbuf_cpy_put) refers to nrf_atomic.o(i.nrf_atomic_flag_set_fetch) for nrf_atomic_flag_set_fetch
    nrf_ringbuf.o(i.nrf_ringbuf_cpy_put) refers to memcpya.o(.text) for __aeabi_memcpy
    nrf_ringbuf.o(i.nrf_ringbuf_cpy_put) refers to nrf_atomic.o(i.nrf_atomic_flag_clear) for nrf_atomic_flag_clear
    nrf_ringbuf.o(i.nrf_ringbuf_free) refers to nrf_atomic.o(i.nrf_atomic_flag_clear) for nrf_atomic_flag_clear
    nrf_ringbuf.o(i.nrf_ringbuf_get) refers to nrf_atomic.o(i.nrf_atomic_flag_set_fetch) for nrf_atomic_flag_set_fetch
    nrf_ringbuf.o(i.nrf_ringbuf_get) refers to nrf_atomic.o(i.nrf_atomic_flag_clear) for nrf_atomic_flag_clear
    nrf_ringbuf.o(i.nrf_ringbuf_put) refers to nrf_atomic.o(i.nrf_atomic_flag_clear_fetch) for nrf_atomic_flag_clear_fetch
    nrf_strerror.o(i.nrf_strerror_find) refers to nrf_strerror.o(.constdata) for .constdata
    nrf_strerror.o(i.nrf_strerror_get) refers to nrf_strerror.o(i.nrf_strerror_find) for nrf_strerror_find
    nrf_strerror.o(i.nrf_strerror_get) refers to nrf_strerror.o(.constdata) for .constdata
    nrf_strerror.o(.constdata) refers to nrf_strerror.o(.conststring) for .conststring
    arm_startup_nrf52840.o(RESET) refers to arm_startup_nrf52840.o(STACK) for __initial_sp
    arm_startup_nrf52840.o(RESET) refers to arm_startup_nrf52840.o(.text) for Reset_Handler
    arm_startup_nrf52840.o(RESET) refers to nrfx_gpiote.o(i.GPIOTE_IRQHandler) for GPIOTE_IRQHandler
    arm_startup_nrf52840.o(RESET) refers to nrfx_timer.o(i.TIMER0_IRQHandler) for TIMER0_IRQHandler
    arm_startup_nrf52840.o(.text) refers to system_nrf52840.o(i.SystemInit) for SystemInit
    arm_startup_nrf52840.o(.text) refers to entry.o(.ARM.Collect$$$$00000000) for __main
    system_nrf52840.o(i.SystemCoreClockUpdate) refers to system_nrf52840.o(.data) for .data
    system_nrf52840.o(i.SystemInit) refers to system_nrf52840.o(.data) for .data
    entry.o(.ARM.Collect$$$$00000000) refers (Special) to entry10a.o(.ARM.Collect$$$$0000000F) for __rt_final_cpp
    entry.o(.ARM.Collect$$$$00000000) refers (Special) to entry11a.o(.ARM.Collect$$$$00000011) for __rt_final_exit
    entry.o(.ARM.Collect$$$$00000000) refers (Special) to entry12b.o(.ARM.Collect$$$$0000000E) for __rt_lib_shutdown_fini
    entry.o(.ARM.Collect$$$$00000000) refers (Special) to entry7b.o(.ARM.Collect$$$$00000008) for _main_clock
    entry.o(.ARM.Collect$$$$00000000) refers (Special) to entry8b.o(.ARM.Collect$$$$0000000A) for _main_cpp_init
    entry.o(.ARM.Collect$$$$00000000) refers (Special) to entry9a.o(.ARM.Collect$$$$0000000B) for _main_init
    entry.o(.ARM.Collect$$$$00000000) refers (Special) to entry5.o(.ARM.Collect$$$$00000004) for _main_scatterload
    entry.o(.ARM.Collect$$$$00000000) refers (Special) to entry2.o(.ARM.Collect$$$$00000001) for _main_stk
    entry2.o(.ARM.Collect$$$$00000001) refers to entry2.o(.ARM.Collect$$$$00002712) for __lit__00000000
    entry2.o(.ARM.Collect$$$$00002712) refers to arm_startup_nrf52840.o(STACK) for __initial_sp
    entry2.o(__vectab_stack_and_reset_area) refers to arm_startup_nrf52840.o(STACK) for __initial_sp
    entry2.o(__vectab_stack_and_reset_area) refers to entry.o(.ARM.Collect$$$$00000000) for __main
    entry5.o(.ARM.Collect$$$$00000004) refers to init.o(.text) for __scatterload
    entry9a.o(.ARM.Collect$$$$0000000B) refers to main.o(i.main) for main
    entry9b.o(.ARM.Collect$$$$0000000C) refers to main.o(i.main) for main
    init.o(.text) refers to entry5.o(.ARM.Collect$$$$00000004) for __main_after_scatterload


==============================================================================

Removing Unused input sections from the image.

    Removing main.o(.rev16_text), (4 bytes).
    Removing main.o(.revsh_text), (4 bytes).
    Removing main.o(.rrx_text), (6 bytes).
    Removing boards.o(.rev16_text), (4 bytes).
    Removing boards.o(.revsh_text), (4 bytes).
    Removing boards.o(.rrx_text), (6 bytes).
    Removing boards.o(i.bsp_board_button_idx_to_pin), (12 bytes).
    Removing boards.o(i.bsp_board_button_state_get), (40 bytes).
    Removing boards.o(i.bsp_board_init), (84 bytes).
    Removing boards.o(i.bsp_board_led_idx_to_pin), (12 bytes).
    Removing boards.o(i.bsp_board_led_invert), (44 bytes).
    Removing boards.o(i.bsp_board_led_off), (16 bytes).
    Removing boards.o(i.bsp_board_led_on), (16 bytes).
    Removing boards.o(i.bsp_board_led_state_get), (40 bytes).
    Removing boards.o(i.bsp_board_leds_off), (18 bytes).
    Removing boards.o(i.bsp_board_leds_on), (18 bytes).
    Removing boards.o(i.bsp_board_pin_to_button_idx), (36 bytes).
    Removing boards.o(i.bsp_board_pin_to_led_idx), (36 bytes).
    Removing boards.o(i.nrf_gpio_cfg), (50 bytes).
    Removing boards.o(i.nrf_gpio_pin_port_decode), (28 bytes).
    Removing boards.o(i.nrf_gpio_pin_write), (38 bytes).
    Removing boards.o(.constdata), (8 bytes).
    Removing nrf_drv_ppi.o(.rev16_text), (4 bytes).
    Removing nrf_drv_ppi.o(.revsh_text), (4 bytes).
    Removing nrf_drv_ppi.o(.rrx_text), (6 bytes).
    Removing nrf_drv_ppi.o(i.nrf_drv_ppi_uninit), (28 bytes).
    Removing nrfx_atomic.o(.rev16_text), (4 bytes).
    Removing nrfx_atomic.o(.revsh_text), (4 bytes).
    Removing nrfx_atomic.o(.rrx_text), (6 bytes).
    Removing nrfx_atomic.o(.emb_text), (226 bytes).
    Removing nrfx_atomic.o(i.nrfx_atomic_flag_clear), (6 bytes).
    Removing nrfx_atomic.o(i.nrfx_atomic_flag_clear_fetch), (6 bytes).
    Removing nrfx_atomic.o(i.nrfx_atomic_flag_set), (6 bytes).
    Removing nrfx_atomic.o(i.nrfx_atomic_flag_set_fetch), (6 bytes).
    Removing nrfx_atomic.o(i.nrfx_atomic_u32_add), (12 bytes).
    Removing nrfx_atomic.o(i.nrfx_atomic_u32_and), (12 bytes).
    Removing nrfx_atomic.o(i.nrfx_atomic_u32_cmp_exch), (4 bytes).
    Removing nrfx_atomic.o(i.nrfx_atomic_u32_fetch_add), (10 bytes).
    Removing nrfx_atomic.o(i.nrfx_atomic_u32_fetch_and), (10 bytes).
    Removing nrfx_atomic.o(i.nrfx_atomic_u32_fetch_or), (10 bytes).
    Removing nrfx_atomic.o(i.nrfx_atomic_u32_fetch_store), (10 bytes).
    Removing nrfx_atomic.o(i.nrfx_atomic_u32_fetch_sub), (10 bytes).
    Removing nrfx_atomic.o(i.nrfx_atomic_u32_fetch_sub_hs), (10 bytes).
    Removing nrfx_atomic.o(i.nrfx_atomic_u32_fetch_xor), (10 bytes).
    Removing nrfx_atomic.o(i.nrfx_atomic_u32_or), (12 bytes).
    Removing nrfx_atomic.o(i.nrfx_atomic_u32_store), (12 bytes).
    Removing nrfx_atomic.o(i.nrfx_atomic_u32_sub), (12 bytes).
    Removing nrfx_atomic.o(i.nrfx_atomic_u32_sub_hs), (12 bytes).
    Removing nrfx_atomic.o(i.nrfx_atomic_u32_xor), (12 bytes).
    Removing nrfx_gpiote.o(.rev16_text), (4 bytes).
    Removing nrfx_gpiote.o(.revsh_text), (4 bytes).
    Removing nrfx_gpiote.o(.rrx_text), (6 bytes).
    Removing nrfx_gpiote.o(i.nrf_gpio_cfg_default), (18 bytes).
    Removing nrfx_gpiote.o(i.nrf_gpio_pin_read), (22 bytes).
    Removing nrfx_gpiote.o(i.nrfx_gpiote_clr_task_addr_get), (16 bytes).
    Removing nrfx_gpiote.o(i.nrfx_gpiote_clr_task_get), (16 bytes).
    Removing nrfx_gpiote.o(i.nrfx_gpiote_clr_task_trigger), (28 bytes).
    Removing nrfx_gpiote.o(i.nrfx_gpiote_in_event_addr_get), (16 bytes).
    Removing nrfx_gpiote.o(i.nrfx_gpiote_in_event_disable), (72 bytes).
    Removing nrfx_gpiote.o(i.nrfx_gpiote_in_event_enable), (152 bytes).
    Removing nrfx_gpiote.o(i.nrfx_gpiote_in_event_get), (34 bytes).
    Removing nrfx_gpiote.o(i.nrfx_gpiote_in_init), (208 bytes).
    Removing nrfx_gpiote.o(i.nrfx_gpiote_in_is_set), (14 bytes).
    Removing nrfx_gpiote.o(i.nrfx_gpiote_in_uninit), (88 bytes).
    Removing nrfx_gpiote.o(i.nrfx_gpiote_is_init), (20 bytes).
    Removing nrfx_gpiote.o(i.nrfx_gpiote_out_clear), (4 bytes).
    Removing nrfx_gpiote.o(i.nrfx_gpiote_out_set), (4 bytes).
    Removing nrfx_gpiote.o(i.nrfx_gpiote_out_task_disable), (36 bytes).
    Removing nrfx_gpiote.o(i.nrfx_gpiote_out_task_force), (40 bytes).
    Removing nrfx_gpiote.o(i.nrfx_gpiote_out_task_trigger), (24 bytes).
    Removing nrfx_gpiote.o(i.nrfx_gpiote_out_toggle), (36 bytes).
    Removing nrfx_gpiote.o(i.nrfx_gpiote_out_uninit), (88 bytes).
    Removing nrfx_gpiote.o(i.nrfx_gpiote_set_task_addr_get), (16 bytes).
    Removing nrfx_gpiote.o(i.nrfx_gpiote_set_task_get), (16 bytes).
    Removing nrfx_gpiote.o(i.nrfx_gpiote_set_task_trigger), (28 bytes).
    Removing nrfx_gpiote.o(i.nrfx_gpiote_uninit), (64 bytes).
    Removing nrfx_gpiote.o(i.pin_configured_check), (20 bytes).
    Removing nrfx_gpiote.o(i.pin_configured_clear), (28 bytes).
    Removing nrfx_gpiote.o(i.pin_in_use_by_port), (24 bytes).
    Removing nrfx_gpiote.o(i.pin_in_use_by_te), (24 bytes).
    Removing nrfx_gpiote.o(.constdata), (17 bytes).
    Removing nrfx_gpiote.o(.constdata), (21 bytes).
    Removing nrfx_gpiote.o(.constdata), (20 bytes).
    Removing nrfx_ppi.o(.rev16_text), (4 bytes).
    Removing nrfx_ppi.o(.revsh_text), (4 bytes).
    Removing nrfx_ppi.o(.rrx_text), (6 bytes).
    Removing nrfx_ppi.o(i.is_allocated_group), (24 bytes).
    Removing nrfx_ppi.o(i.is_app_group), (12 bytes).
    Removing nrfx_ppi.o(i.nrfx_ppi_channel_disable), (40 bytes).
    Removing nrfx_ppi.o(i.nrfx_ppi_channel_fork_assign), (36 bytes).
    Removing nrfx_ppi.o(i.nrfx_ppi_channel_free), (56 bytes).
    Removing nrfx_ppi.o(i.nrfx_ppi_channels_include_in_group), (68 bytes).
    Removing nrfx_ppi.o(i.nrfx_ppi_channels_remove_from_group), (68 bytes).
    Removing nrfx_ppi.o(i.nrfx_ppi_free_all), (72 bytes).
    Removing nrfx_ppi.o(i.nrfx_ppi_group_alloc), (92 bytes).
    Removing nrfx_ppi.o(i.nrfx_ppi_group_disable), (36 bytes).
    Removing nrfx_ppi.o(i.nrfx_ppi_group_enable), (44 bytes).
    Removing nrfx_ppi.o(i.nrfx_ppi_group_free), (72 bytes).
    Removing nrfx_ppi.o(.constdata), (23 bytes).
    Removing nrfx_ppi.o(.constdata), (22 bytes).
    Removing nrfx_ppi.o(.constdata), (24 bytes).
    Removing nrfx_ppi.o(.constdata), (29 bytes).
    Removing nrfx_ppi.o(.constdata), (24 bytes).
    Removing nrfx_ppi.o(.constdata), (25 bytes).
    Removing nrfx_ppi.o(.constdata), (21 bytes).
    Removing nrfx_ppi.o(.constdata), (20 bytes).
    Removing nrfx_ppi.o(.constdata), (22 bytes).
    Removing nrfx_ppi.o(.constdata), (23 bytes).
    Removing nrfx_ppi.o(.constdata), (36 bytes).
    Removing nrfx_ppi.o(.constdata), (35 bytes).
    Removing nrfx_timer.o(.rev16_text), (4 bytes).
    Removing nrfx_timer.o(.revsh_text), (4 bytes).
    Removing nrfx_timer.o(.rrx_text), (6 bytes).
    Removing nrfx_timer.o(i.nrfx_timer_capture), (30 bytes).
    Removing nrfx_timer.o(i.nrfx_timer_clear), (8 bytes).
    Removing nrfx_timer.o(i.nrfx_timer_compare_int_disable), (14 bytes).
    Removing nrfx_timer.o(i.nrfx_timer_compare_int_enable), (36 bytes).
    Removing nrfx_timer.o(i.nrfx_timer_disable), (28 bytes).
    Removing nrfx_timer.o(i.nrfx_timer_increment), (8 bytes).
    Removing nrfx_timer.o(i.nrfx_timer_is_enabled), (32 bytes).
    Removing nrfx_timer.o(i.nrfx_timer_pause), (8 bytes).
    Removing nrfx_timer.o(i.nrfx_timer_resume), (8 bytes).
    Removing nrfx_timer.o(i.nrfx_timer_uninit), (92 bytes).
    Removing nrfx_timer.o(.constdata), (16 bytes).
    Removing app_error.o(.rev16_text), (4 bytes).
    Removing app_error.o(.revsh_text), (4 bytes).
    Removing app_error.o(.rrx_text), (6 bytes).
    Removing app_error.o(i.app_error_save_and_stop), (100 bytes).
    Removing app_error.o(.bss), (32 bytes).
    Removing app_error_handler_keil.o(.rev16_text), (4 bytes).
    Removing app_error_handler_keil.o(.revsh_text), (4 bytes).
    Removing app_error_handler_keil.o(.rrx_text), (6 bytes).
    Removing app_error_handler_keil.o(.emb_text), (26 bytes).
    Removing app_error_weak.o(.rev16_text), (4 bytes).
    Removing app_error_weak.o(.revsh_text), (4 bytes).
    Removing app_error_weak.o(.rrx_text), (6 bytes).
    Removing app_util_platform.o(.rev16_text), (4 bytes).
    Removing app_util_platform.o(.revsh_text), (4 bytes).
    Removing app_util_platform.o(.rrx_text), (6 bytes).
    Removing app_util_platform.o(i.current_int_priority_get), (48 bytes).
    Removing app_util_platform.o(i.privilege_level_get), (26 bytes).
    Removing nrf_assert.o(.rev16_text), (4 bytes).
    Removing nrf_assert.o(.revsh_text), (4 bytes).
    Removing nrf_assert.o(.rrx_text), (6 bytes).
    Removing nrf_assert.o(i.assert_nrf_callback), (20 bytes).
    Removing nrf_atomic.o(.rev16_text), (4 bytes).
    Removing nrf_atomic.o(.revsh_text), (4 bytes).
    Removing nrf_atomic.o(.rrx_text), (6 bytes).
    Removing nrf_atomic.o(.emb_text), (226 bytes).
    Removing nrf_atomic.o(i.nrf_atomic_flag_clear), (6 bytes).
    Removing nrf_atomic.o(i.nrf_atomic_flag_clear_fetch), (6 bytes).
    Removing nrf_atomic.o(i.nrf_atomic_flag_set), (6 bytes).
    Removing nrf_atomic.o(i.nrf_atomic_flag_set_fetch), (6 bytes).
    Removing nrf_atomic.o(i.nrf_atomic_u32_add), (12 bytes).
    Removing nrf_atomic.o(i.nrf_atomic_u32_and), (12 bytes).
    Removing nrf_atomic.o(i.nrf_atomic_u32_cmp_exch), (4 bytes).
    Removing nrf_atomic.o(i.nrf_atomic_u32_fetch_add), (10 bytes).
    Removing nrf_atomic.o(i.nrf_atomic_u32_fetch_and), (10 bytes).
    Removing nrf_atomic.o(i.nrf_atomic_u32_fetch_or), (10 bytes).
    Removing nrf_atomic.o(i.nrf_atomic_u32_fetch_store), (10 bytes).
    Removing nrf_atomic.o(i.nrf_atomic_u32_fetch_sub), (10 bytes).
    Removing nrf_atomic.o(i.nrf_atomic_u32_fetch_sub_hs), (10 bytes).
    Removing nrf_atomic.o(i.nrf_atomic_u32_fetch_xor), (10 bytes).
    Removing nrf_atomic.o(i.nrf_atomic_u32_or), (12 bytes).
    Removing nrf_atomic.o(i.nrf_atomic_u32_store), (12 bytes).
    Removing nrf_atomic.o(i.nrf_atomic_u32_sub), (12 bytes).
    Removing nrf_atomic.o(i.nrf_atomic_u32_sub_hs), (12 bytes).
    Removing nrf_atomic.o(i.nrf_atomic_u32_xor), (12 bytes).
    Removing nrf_balloc.o(.rev16_text), (4 bytes).
    Removing nrf_balloc.o(.revsh_text), (4 bytes).
    Removing nrf_balloc.o(.rrx_text), (6 bytes).
    Removing nrf_balloc.o(i.nrf_balloc_alloc), (62 bytes).
    Removing nrf_balloc.o(i.nrf_balloc_free), (42 bytes).
    Removing nrf_balloc.o(i.nrf_balloc_init), (48 bytes).
    Removing nrf_fprintf.o(.rev16_text), (4 bytes).
    Removing nrf_fprintf.o(.revsh_text), (4 bytes).
    Removing nrf_fprintf.o(.rrx_text), (6 bytes).
    Removing nrf_fprintf.o(i.nrf_fprintf), (26 bytes).
    Removing nrf_fprintf.o(i.nrf_fprintf_buffer_flush), (24 bytes).
    Removing nrf_fprintf_format.o(.rev16_text), (4 bytes).
    Removing nrf_fprintf_format.o(.revsh_text), (4 bytes).
    Removing nrf_fprintf_format.o(.rrx_text), (6 bytes).
    Removing nrf_fprintf_format.o(i.buffer_add), (46 bytes).
    Removing nrf_fprintf_format.o(i.int_print), (166 bytes).
    Removing nrf_fprintf_format.o(i.nrf_fprintf_fmt), (474 bytes).
    Removing nrf_fprintf_format.o(i.unsigned_print), (180 bytes).
    Removing nrf_fprintf_format.o(.constdata), (16 bytes).
    Removing nrf_memobj.o(.rev16_text), (4 bytes).
    Removing nrf_memobj.o(.revsh_text), (4 bytes).
    Removing nrf_memobj.o(.rrx_text), (6 bytes).
    Removing nrf_memobj.o(i.memobj_op), (126 bytes).
    Removing nrf_memobj.o(i.nrf_memobj_alloc), (96 bytes).
    Removing nrf_memobj.o(i.nrf_memobj_free), (50 bytes).
    Removing nrf_memobj.o(i.nrf_memobj_get), (8 bytes).
    Removing nrf_memobj.o(i.nrf_memobj_pool_init), (4 bytes).
    Removing nrf_memobj.o(i.nrf_memobj_put), (30 bytes).
    Removing nrf_memobj.o(i.nrf_memobj_read), (16 bytes).
    Removing nrf_memobj.o(i.nrf_memobj_write), (16 bytes).
    Removing nrf_ringbuf.o(.rev16_text), (4 bytes).
    Removing nrf_ringbuf.o(.revsh_text), (4 bytes).
    Removing nrf_ringbuf.o(.rrx_text), (6 bytes).
    Removing nrf_ringbuf.o(i.nrf_ringbuf_alloc), (112 bytes).
    Removing nrf_ringbuf.o(i.nrf_ringbuf_cpy_get), (124 bytes).
    Removing nrf_ringbuf.o(i.nrf_ringbuf_cpy_put), (114 bytes).
    Removing nrf_ringbuf.o(i.nrf_ringbuf_free), (38 bytes).
    Removing nrf_ringbuf.o(i.nrf_ringbuf_get), (112 bytes).
    Removing nrf_ringbuf.o(i.nrf_ringbuf_init), (28 bytes).
    Removing nrf_ringbuf.o(i.nrf_ringbuf_put), (48 bytes).
    Removing nrf_strerror.o(.rev16_text), (4 bytes).
    Removing nrf_strerror.o(.revsh_text), (4 bytes).
    Removing nrf_strerror.o(.rrx_text), (6 bytes).
    Removing nrf_strerror.o(i.nrf_strerror_find), (56 bytes).
    Removing nrf_strerror.o(i.nrf_strerror_get), (20 bytes).
    Removing nrf_strerror.o(.constdata), (300 bytes).
    Removing nrf_strerror.o(.conststring), (957 bytes).
    Removing nrf_log_frontend.o(.rev16_text), (4 bytes).
    Removing nrf_log_frontend.o(.revsh_text), (4 bytes).
    Removing nrf_log_frontend.o(.rrx_text), (6 bytes).
    Removing nrf_log_str_formatter.o(.rev16_text), (4 bytes).
    Removing nrf_log_str_formatter.o(.revsh_text), (4 bytes).
    Removing nrf_log_str_formatter.o(.rrx_text), (6 bytes).
    Removing arm_startup_nrf52840.o(HEAP), (8192 bytes).
    Removing system_nrf52840.o(.rev16_text), (4 bytes).
    Removing system_nrf52840.o(.revsh_text), (4 bytes).
    Removing system_nrf52840.o(.rrx_text), (6 bytes).
    Removing system_nrf52840.o(i.SystemCoreClockUpdate), (16 bytes).

226 unused section(s) (total 15865 bytes) removed from the image.

==============================================================================

Image Symbol Table

    Local Symbols

    Symbol Name                              Value     Ov Type        Size  Object(Section)

    RESET                                    0x00000000   Section      512  arm_startup_nrf52840.o(RESET)
    ../clib/microlib/init/entry.s            0x00000000   Number         0  entry11b.o ABSOLUTE
    ../clib/microlib/init/entry.s            0x00000000   Number         0  entry5.o ABSOLUTE
    ../clib/microlib/init/entry.s            0x00000000   Number         0  entry11a.o ABSOLUTE
    ../clib/microlib/init/entry.s            0x00000000   Number         0  entry10b.o ABSOLUTE
    ../clib/microlib/init/entry.s            0x00000000   Number         0  entry10a.o ABSOLUTE
    ../clib/microlib/init/entry.s            0x00000000   Number         0  entry12b.o ABSOLUTE
    ../clib/microlib/init/entry.s            0x00000000   Number         0  entry9b.o ABSOLUTE
    ../clib/microlib/init/entry.s            0x00000000   Number         0  entry7a.o ABSOLUTE
    ../clib/microlib/init/entry.s            0x00000000   Number         0  entry9a.o ABSOLUTE
    ../clib/microlib/init/entry.s            0x00000000   Number         0  entry7b.o ABSOLUTE
    ../clib/microlib/init/entry.s            0x00000000   Number         0  entry12a.o ABSOLUTE
    ../clib/microlib/init/entry.s            0x00000000   Number         0  entry8b.o ABSOLUTE
    ../clib/microlib/init/entry.s            0x00000000   Number         0  entry2.o ABSOLUTE
    ../clib/microlib/init/entry.s            0x00000000   Number         0  entry.o ABSOLUTE
    ../clib/microlib/init/entry.s            0x00000000   Number         0  entry8a.o ABSOLUTE
    ../clib/microlib/string/memcpy.c         0x00000000   Number         0  memcpya.o ABSOLUTE
    ../clib/microlib/string/memcpy.c         0x00000000   Number         0  memcpyb.o ABSOLUTE
    ../clib/microlib/string/strlen.c         0x00000000   Number         0  strlen.o ABSOLUTE
    ..\..\..\..\..\..\components\boards\boards.c 0x00000000   Number         0  boards.o ABSOLUTE
    ..\..\..\..\..\..\components\libraries\atomic\nrf_atomic.c 0x00000000   Number         0  nrf_atomic.o ABSOLUTE
    ..\..\..\..\..\..\components\libraries\balloc\nrf_balloc.c 0x00000000   Number         0  nrf_balloc.o ABSOLUTE
    ..\..\..\..\..\..\components\libraries\log\src\nrf_log_frontend.c 0x00000000   Number         0  nrf_log_frontend.o ABSOLUTE
    ..\..\..\..\..\..\components\libraries\log\src\nrf_log_str_formatter.c 0x00000000   Number         0  nrf_log_str_formatter.o ABSOLUTE
    ..\..\..\..\..\..\components\libraries\memobj\nrf_memobj.c 0x00000000   Number         0  nrf_memobj.o ABSOLUTE
    ..\..\..\..\..\..\components\libraries\ringbuf\nrf_ringbuf.c 0x00000000   Number         0  nrf_ringbuf.o ABSOLUTE
    ..\..\..\..\..\..\components\libraries\strerror\nrf_strerror.c 0x00000000   Number         0  nrf_strerror.o ABSOLUTE
    ..\..\..\..\..\..\components\libraries\util\app_error.c 0x00000000   Number         0  app_error.o ABSOLUTE
    ..\..\..\..\..\..\components\libraries\util\app_error_handler_keil.c 0x00000000   Number         0  app_error_handler_keil.o ABSOLUTE
    ..\..\..\..\..\..\components\libraries\util\app_error_weak.c 0x00000000   Number         0  app_error_weak.o ABSOLUTE
    ..\..\..\..\..\..\components\libraries\util\app_util_platform.c 0x00000000   Number         0  app_util_platform.o ABSOLUTE
    ..\..\..\..\..\..\components\libraries\util\nrf_assert.c 0x00000000   Number         0  nrf_assert.o ABSOLUTE
    ..\..\..\..\..\..\external\fprintf\nrf_fprintf.c 0x00000000   Number         0  nrf_fprintf.o ABSOLUTE
    ..\..\..\..\..\..\external\fprintf\nrf_fprintf_format.c 0x00000000   Number         0  nrf_fprintf_format.o ABSOLUTE
    ..\..\..\..\..\..\integration\nrfx\legacy\nrf_drv_ppi.c 0x00000000   Number         0  nrf_drv_ppi.o ABSOLUTE
    ..\..\..\..\..\..\modules\nrfx\drivers\src\nrfx_gpiote.c 0x00000000   Number         0  nrfx_gpiote.o ABSOLUTE
    ..\..\..\..\..\..\modules\nrfx\drivers\src\nrfx_ppi.c 0x00000000   Number         0  nrfx_ppi.o ABSOLUTE
    ..\..\..\..\..\..\modules\nrfx\drivers\src\nrfx_timer.c 0x00000000   Number         0  nrfx_timer.o ABSOLUTE
    ..\..\..\..\..\..\modules\nrfx\soc\nrfx_atomic.c 0x00000000   Number         0  nrfx_atomic.o ABSOLUTE
    ..\..\..\main.c                          0x00000000   Number         0  main.o ABSOLUTE
    ..\\..\\..\\..\\..\\..\\components\\boards\\boards.c 0x00000000   Number         0  boards.o ABSOLUTE
    ..\\..\\..\\..\\..\\..\\components\\libraries\\atomic\\nrf_atomic.c 0x00000000   Number         0  nrf_atomic.o ABSOLUTE
    ..\\..\\..\\..\\..\\..\\components\\libraries\\balloc\\nrf_balloc.c 0x00000000   Number         0  nrf_balloc.o ABSOLUTE
    ..\\..\\..\\..\\..\\..\\components\\libraries\\log\\src\\nrf_log_frontend.c 0x00000000   Number         0  nrf_log_frontend.o ABSOLUTE
    ..\\..\\..\\..\\..\\..\\components\\libraries\\log\\src\\nrf_log_str_formatter.c 0x00000000   Number         0  nrf_log_str_formatter.o ABSOLUTE
    ..\\..\\..\\..\\..\\..\\components\\libraries\\memobj\\nrf_memobj.c 0x00000000   Number         0  nrf_memobj.o ABSOLUTE
    ..\\..\\..\\..\\..\\..\\components\\libraries\\ringbuf\\nrf_ringbuf.c 0x00000000   Number         0  nrf_ringbuf.o ABSOLUTE
    ..\\..\\..\\..\\..\\..\\components\\libraries\\strerror\\nrf_strerror.c 0x00000000   Number         0  nrf_strerror.o ABSOLUTE
    ..\\..\\..\\..\\..\\..\\components\\libraries\\util\\app_error.c 0x00000000   Number         0  app_error.o ABSOLUTE
    ..\\..\\..\\..\\..\\..\\components\\libraries\\util\\app_error_handler_keil.c 0x00000000   Number         0  app_error_handler_keil.o ABSOLUTE
    ..\\..\\..\\..\\..\\..\\components\\libraries\\util\\app_error_weak.c 0x00000000   Number         0  app_error_weak.o ABSOLUTE
    ..\\..\\..\\..\\..\\..\\components\\libraries\\util\\app_util_platform.c 0x00000000   Number         0  app_util_platform.o ABSOLUTE
    ..\\..\\..\\..\\..\\..\\components\\libraries\\util\\nrf_assert.c 0x00000000   Number         0  nrf_assert.o ABSOLUTE
    ..\\..\\..\\..\\..\\..\\external\\fprintf\\nrf_fprintf.c 0x00000000   Number         0  nrf_fprintf.o ABSOLUTE
    ..\\..\\..\\..\\..\\..\\external\\fprintf\\nrf_fprintf_format.c 0x00000000   Number         0  nrf_fprintf_format.o ABSOLUTE
    ..\\..\\..\\..\\..\\..\\integration\\nrfx\\legacy\\nrf_drv_ppi.c 0x00000000   Number         0  nrf_drv_ppi.o ABSOLUTE
    ..\\..\\..\\..\\..\\..\\modules\\nrfx\\drivers\\src\\nrfx_gpiote.c 0x00000000   Number         0  nrfx_gpiote.o ABSOLUTE
    ..\\..\\..\\..\\..\\..\\modules\\nrfx\\drivers\\src\\nrfx_ppi.c 0x00000000   Number         0  nrfx_ppi.o ABSOLUTE
    ..\\..\\..\\..\\..\\..\\modules\\nrfx\\drivers\\src\\nrfx_timer.c 0x00000000   Number         0  nrfx_timer.o ABSOLUTE
    ..\\..\\..\\..\\..\\..\\modules\\nrfx\\soc\\nrfx_atomic.c 0x00000000   Number         0  nrfx_atomic.o ABSOLUTE
    ..\\..\\..\\main.c                       0x00000000   Number         0  main.o ABSOLUTE
    RTE\Device\nRF52840_xxAA\arm_startup_nrf52840.s 0x00000000   Number         0  arm_startup_nrf52840.o ABSOLUTE
    RTE\Device\nRF52840_xxAA\system_nrf52840.c 0x00000000   Number         0  system_nrf52840.o ABSOLUTE
    RTE\\Device\\nRF52840_xxAA\\system_nrf52840.c 0x00000000   Number         0  system_nrf52840.o ABSOLUTE
    dc.s                                     0x00000000   Number         0  dc.o ABSOLUTE
    handlers.s                               0x00000000   Number         0  handlers.o ABSOLUTE
    init.s                                   0x00000000   Number         0  init.o ABSOLUTE
    .ARM.Collect$$$$00000000                 0x00000200   Section        0  entry.o(.ARM.Collect$$$$00000000)
    .ARM.Collect$$$$00000001                 0x00000200   Section        4  entry2.o(.ARM.Collect$$$$00000001)
    .ARM.Collect$$$$00000004                 0x00000204   Section        4  entry5.o(.ARM.Collect$$$$00000004)
    .ARM.Collect$$$$00000008                 0x00000208   Section        0  entry7b.o(.ARM.Collect$$$$00000008)
    .ARM.Collect$$$$0000000A                 0x00000208   Section        0  entry8b.o(.ARM.Collect$$$$0000000A)
    .ARM.Collect$$$$0000000B                 0x00000208   Section        8  entry9a.o(.ARM.Collect$$$$0000000B)
    .ARM.Collect$$$$0000000E                 0x00000210   Section        4  entry12b.o(.ARM.Collect$$$$0000000E)
    .ARM.Collect$$$$0000000F                 0x00000214   Section        0  entry10a.o(.ARM.Collect$$$$0000000F)
    .ARM.Collect$$$$00000011                 0x00000214   Section        0  entry11a.o(.ARM.Collect$$$$00000011)
    .ARM.Collect$$$$00002712                 0x00000214   Section        4  entry2.o(.ARM.Collect$$$$00002712)
    __lit__00000000                          0x00000214   Data           4  entry2.o(.ARM.Collect$$$$00002712)
    .text                                    0x00000218   Section       36  arm_startup_nrf52840.o(.text)
    $v0                                      0x00000218   Number         0  arm_startup_nrf52840.o(.text)
    .text                                    0x0000023c   Section       36  init.o(.text)
    i.GPIOTE_IRQHandler                      0x00000260   Section        0  nrfx_gpiote.o(i.GPIOTE_IRQHandler)
    i.SystemInit                             0x00000304   Section        0  system_nrf52840.o(i.SystemInit)
    i.TIMER0_IRQHandler                      0x000004d8   Section        0  nrfx_timer.o(i.TIMER0_IRQHandler)
    i.__scatterload_copy                     0x00000528   Section       14  handlers.o(i.__scatterload_copy)
    i.__scatterload_null                     0x00000536   Section        2  handlers.o(i.__scatterload_null)
    i.__scatterload_zeroinit                 0x00000538   Section       14  handlers.o(i.__scatterload_zeroinit)
    i.app_error_fault_handler                0x00000548   Section        0  app_error_weak.o(i.app_error_fault_handler)
    i.app_error_handler_bare                 0x00000578   Section        0  app_error.o(i.app_error_handler_bare)
    i.app_util_critical_region_enter         0x0000058e   Section        0  app_util_platform.o(i.app_util_critical_region_enter)
    i.app_util_critical_region_exit          0x00000592   Section        0  app_util_platform.o(i.app_util_critical_region_exit)
    i.app_util_disable_irq                   0x00000598   Section        0  app_util_platform.o(i.app_util_disable_irq)
    i.app_util_enable_irq                    0x000005a8   Section        0  app_util_platform.o(i.app_util_enable_irq)
    i.channel_free                           0x000005bc   Section        0  nrfx_gpiote.o(i.channel_free)
    channel_free                             0x000005bd   Thumb Code    22  nrfx_gpiote.o(i.channel_free)
    i.channel_port_alloc                     0x000005d8   Section        0  nrfx_gpiote.o(i.channel_port_alloc)
    channel_port_alloc                       0x000005d9   Thumb Code    66  nrfx_gpiote.o(i.channel_port_alloc)
    i.channel_port_get                       0x00000620   Section        0  nrfx_gpiote.o(i.channel_port_get)
    channel_port_get                         0x00000621   Thumb Code    10  nrfx_gpiote.o(i.channel_port_get)
    i.is_allocated_channel                   0x00000630   Section        0  nrfx_ppi.o(i.is_allocated_channel)
    is_allocated_channel                     0x00000631   Thumb Code    20  nrfx_ppi.o(i.is_allocated_channel)
    i.is_programmable_app_channel            0x00000648   Section        0  nrfx_ppi.o(i.is_programmable_app_channel)
    is_programmable_app_channel              0x00000649   Thumb Code    12  nrfx_ppi.o(i.is_programmable_app_channel)
    i.led_blinking_setup                     0x00000654   Section        0  main.o(i.led_blinking_setup)
    led_blinking_setup                       0x00000655   Thumb Code   104  main.o(i.led_blinking_setup)
    i.main                                   0x000006c8   Section        0  main.o(i.main)
    i.nrf_bitmask_bit_is_set                 0x00000710   Section        0  nrfx_gpiote.o(i.nrf_bitmask_bit_is_set)
    nrf_bitmask_bit_is_set                   0x00000711   Thumb Code    16  nrfx_gpiote.o(i.nrf_bitmask_bit_is_set)
    i.nrf_drv_ppi_init                       0x00000720   Section        0  nrf_drv_ppi.o(i.nrf_drv_ppi_init)
    i.nrf_gpio_cfg                           0x00000738   Section        0  nrfx_gpiote.o(i.nrf_gpio_cfg)
    nrf_gpio_cfg                             0x00000739   Thumb Code    50  nrfx_gpiote.o(i.nrf_gpio_cfg)
    i.nrf_gpio_cfg_sense_set                 0x0000076a   Section        0  nrfx_gpiote.o(i.nrf_gpio_cfg_sense_set)
    nrf_gpio_cfg_sense_set                   0x0000076b   Thumb Code    48  nrfx_gpiote.o(i.nrf_gpio_cfg_sense_set)
    i.nrf_gpio_latches_read_and_clear        0x0000079c   Section        0  nrfx_gpiote.o(i.nrf_gpio_latches_read_and_clear)
    nrf_gpio_latches_read_and_clear          0x0000079d   Thumb Code    42  nrfx_gpiote.o(i.nrf_gpio_latches_read_and_clear)
    i.nrf_gpio_pin_clear                     0x000007cc   Section        0  nrfx_gpiote.o(i.nrf_gpio_pin_clear)
    nrf_gpio_pin_clear                       0x000007cd   Thumb Code    20  nrfx_gpiote.o(i.nrf_gpio_pin_clear)
    i.nrf_gpio_pin_port_decode               0x000007e0   Section        0  nrfx_gpiote.o(i.nrf_gpio_pin_port_decode)
    nrf_gpio_pin_port_decode                 0x000007e1   Thumb Code    22  nrfx_gpiote.o(i.nrf_gpio_pin_port_decode)
    i.nrf_gpio_pin_present_check             0x000007fc   Section        0  nrfx_gpiote.o(i.nrf_gpio_pin_present_check)
    nrf_gpio_pin_present_check               0x000007fd   Thumb Code    44  nrfx_gpiote.o(i.nrf_gpio_pin_present_check)
    i.nrf_gpio_pin_set                       0x00000828   Section        0  nrfx_gpiote.o(i.nrf_gpio_pin_set)
    nrf_gpio_pin_set                         0x00000829   Thumb Code    20  nrfx_gpiote.o(i.nrf_gpio_pin_set)
    i.nrf_gpiote_event_clear                 0x0000083c   Section        0  nrfx_gpiote.o(i.nrf_gpiote_event_clear)
    nrf_gpiote_event_clear                   0x0000083d   Thumb Code    16  nrfx_gpiote.o(i.nrf_gpiote_event_clear)
    i.nrf_gpiote_event_is_set                0x00000850   Section        0  nrfx_gpiote.o(i.nrf_gpiote_event_is_set)
    nrf_gpiote_event_is_set                  0x00000851   Thumb Code    12  nrfx_gpiote.o(i.nrf_gpiote_event_is_set)
    i.nrf_timer_event_clear                  0x00000860   Section        0  nrfx_timer.o(i.nrf_timer_event_clear)
    nrf_timer_event_clear                    0x00000861   Thumb Code    12  nrfx_timer.o(i.nrf_timer_event_clear)
    i.nrfx_gpiote_init                       0x0000086c   Section        0  nrfx_gpiote.o(i.nrfx_gpiote_init)
    i.nrfx_gpiote_out_init                   0x000008e0   Section        0  nrfx_gpiote.o(i.nrfx_gpiote_out_init)
    i.nrfx_gpiote_out_task_addr_get          0x00000998   Section        0  nrfx_gpiote.o(i.nrfx_gpiote_out_task_addr_get)
    i.nrfx_gpiote_out_task_enable            0x000009a8   Section        0  nrfx_gpiote.o(i.nrfx_gpiote_out_task_enable)
    i.nrfx_gpiote_out_task_get               0x000009cc   Section        0  nrfx_gpiote.o(i.nrfx_gpiote_out_task_get)
    i.nrfx_ppi_channel_alloc                 0x000009d8   Section        0  nrfx_ppi.o(i.nrfx_ppi_channel_alloc)
    i.nrfx_ppi_channel_assign                0x00000a38   Section        0  nrfx_ppi.o(i.nrfx_ppi_channel_assign)
    i.nrfx_ppi_channel_enable                0x00000a7c   Section        0  nrfx_ppi.o(i.nrfx_ppi_channel_enable)
    i.nrfx_timer_compare                     0x00000aa4   Section        0  nrfx_timer.o(i.nrfx_timer_compare)
    i.nrfx_timer_enable                      0x00000ae0   Section        0  nrfx_timer.o(i.nrfx_timer_enable)
    i.nrfx_timer_extended_compare            0x00000afc   Section        0  nrfx_timer.o(i.nrfx_timer_extended_compare)
    i.nrfx_timer_init                        0x00000b28   Section        0  nrfx_timer.o(i.nrfx_timer_init)
    i.pin_configured_set                     0x00000be8   Section        0  nrfx_gpiote.o(i.pin_configured_set)
    pin_configured_set                       0x00000be9   Thumb Code    22  nrfx_gpiote.o(i.pin_configured_set)
    i.port_event_handle                      0x00000c04   Section        0  nrfx_gpiote.o(i.port_event_handle)
    port_event_handle                        0x00000c05   Thumb Code   190  nrfx_gpiote.o(i.port_event_handle)
    i.port_handler_polarity_get              0x00000cc8   Section        0  nrfx_gpiote.o(i.port_handler_polarity_get)
    port_handler_polarity_get                0x00000cc9   Thumb Code    12  nrfx_gpiote.o(i.port_handler_polarity_get)
    i.timer_dummy_handler                    0x00000cd8   Section        0  main.o(i.timer_dummy_handler)
    .constdata                               0x00000cdc   Section       12  main.o(.constdata)
    .constdata                               0x00000ce8   Section        8  nrfx_gpiote.o(.constdata)
    .data                                    0x20000000   Section        8  main.o(.data)
    timer                                    0x20000000   Data           8  main.o(.data)
    .data                                    0x20000008   Section        1  nrf_drv_ppi.o(.data)
    m_drv_state                              0x20000008   Data           1  nrf_drv_ppi.o(.data)
    .data                                    0x2000000c   Section        8  nrfx_ppi.o(.data)
    m_groups_allocated                       0x2000000c   Data           1  nrfx_ppi.o(.data)
    m_channels_allocated                     0x20000010   Data           4  nrfx_ppi.o(.data)
    .data                                    0x20000014   Section        4  app_util_platform.o(.data)
    m_in_critical_region                     0x20000014   Data           4  app_util_platform.o(.data)
    .data                                    0x20000018   Section        4  system_nrf52840.o(.data)
    __tagsym$$used                           0x20000018   Number         0  system_nrf52840.o(.data)
    .bss                                     0x2000001c   Section       92  nrfx_gpiote.o(.bss)
    m_cb                                     0x2000001c   Data          92  nrfx_gpiote.o(.bss)
    .bss                                     0x20000078   Section       12  nrfx_timer.o(.bss)
    m_cb                                     0x20000078   Data          12  nrfx_timer.o(.bss)
    STACK                                    0x20000088   Section     8192  arm_startup_nrf52840.o(STACK)

    Global Symbols

    Symbol Name                              Value     Ov Type        Size  Object(Section)

    BuildAttributes$$THM_ISAv4$E$P$D$K$B$S$7EM$VFPi3$EXTD16$VFPS$VFMA$PE$A:L22UL41UL21$X:L11$S22US41US21$IEEE1$IW$USESV6$~STKCKD$USESV7$~SHL$OSPACE$EBA8$MICROLIB$REQ8$EABIv2 0x00000000   Number         0  anon$$obj.o ABSOLUTE
    __ARM_use_no_argv                        0x00000000   Number         0  main.o ABSOLUTE
    __Vectors                                0x00000000   Data           4  arm_startup_nrf52840.o(RESET)
    __arm_fini_                               - Undefined Weak Reference
    __cpp_initialize__aeabi_                  - Undefined Weak Reference
    __cxa_finalize                            - Undefined Weak Reference
    __decompress                              - Undefined Weak Reference
    _clock_init                               - Undefined Weak Reference
    _microlib_exit                            - Undefined Weak Reference
    __Vectors_End                            0x00000200   Data           0  arm_startup_nrf52840.o(RESET)
    __Vectors_Size                           0x00000200   Number         0  arm_startup_nrf52840.o ABSOLUTE
    __main                                   0x00000201   Thumb Code     0  entry.o(.ARM.Collect$$$$00000000)
    _main_stk                                0x00000201   Thumb Code     0  entry2.o(.ARM.Collect$$$$00000001)
    _main_scatterload                        0x00000205   Thumb Code     0  entry5.o(.ARM.Collect$$$$00000004)
    __main_after_scatterload                 0x00000209   Thumb Code     0  entry5.o(.ARM.Collect$$$$00000004)
    _main_clock                              0x00000209   Thumb Code     0  entry7b.o(.ARM.Collect$$$$00000008)
    _main_cpp_init                           0x00000209   Thumb Code     0  entry8b.o(.ARM.Collect$$$$0000000A)
    _main_init                               0x00000209   Thumb Code     0  entry9a.o(.ARM.Collect$$$$0000000B)
    __rt_lib_shutdown_fini                   0x00000211   Thumb Code     0  entry12b.o(.ARM.Collect$$$$0000000E)
    __rt_final_cpp                           0x00000215   Thumb Code     0  entry10a.o(.ARM.Collect$$$$0000000F)
    __rt_final_exit                          0x00000215   Thumb Code     0  entry11a.o(.ARM.Collect$$$$00000011)
    Reset_Handler                            0x00000219   Thumb Code     8  arm_startup_nrf52840.o(.text)
    NMI_Handler                              0x00000221   Thumb Code     2  arm_startup_nrf52840.o(.text)
    HardFault_Handler                        0x00000223   Thumb Code     2  arm_startup_nrf52840.o(.text)
    MemoryManagement_Handler                 0x00000225   Thumb Code     2  arm_startup_nrf52840.o(.text)
    BusFault_Handler                         0x00000227   Thumb Code     2  arm_startup_nrf52840.o(.text)
    UsageFault_Handler                       0x00000229   Thumb Code     2  arm_startup_nrf52840.o(.text)
    SVC_Handler                              0x0000022b   Thumb Code     2  arm_startup_nrf52840.o(.text)
    DebugMon_Handler                         0x0000022d   Thumb Code     2  arm_startup_nrf52840.o(.text)
    PendSV_Handler                           0x0000022f   Thumb Code     2  arm_startup_nrf52840.o(.text)
    SysTick_Handler                          0x00000231   Thumb Code     2  arm_startup_nrf52840.o(.text)
    CCM_AAR_IRQHandler                       0x00000233   Thumb Code     0  arm_startup_nrf52840.o(.text)
    COMP_LPCOMP_IRQHandler                   0x00000233   Thumb Code     0  arm_startup_nrf52840.o(.text)
    CRYPTOCELL_IRQHandler                    0x00000233   Thumb Code     0  arm_startup_nrf52840.o(.text)
    ECB_IRQHandler                           0x00000233   Thumb Code     0  arm_startup_nrf52840.o(.text)
    FPU_IRQHandler                           0x00000233   Thumb Code     0  arm_startup_nrf52840.o(.text)
    I2S_IRQHandler                           0x00000233   Thumb Code     0  arm_startup_nrf52840.o(.text)
    MWU_IRQHandler                           0x00000233   Thumb Code     0  arm_startup_nrf52840.o(.text)
    NFCT_IRQHandler                          0x00000233   Thumb Code     0  arm_startup_nrf52840.o(.text)
    PDM_IRQHandler                           0x00000233   Thumb Code     0  arm_startup_nrf52840.o(.text)
    POWER_CLOCK_IRQHandler                   0x00000233   Thumb Code     0  arm_startup_nrf52840.o(.text)
    PWM0_IRQHandler                          0x00000233   Thumb Code     0  arm_startup_nrf52840.o(.text)
    PWM1_IRQHandler                          0x00000233   Thumb Code     0  arm_startup_nrf52840.o(.text)
    PWM2_IRQHandler                          0x00000233   Thumb Code     0  arm_startup_nrf52840.o(.text)
    PWM3_IRQHandler                          0x00000233   Thumb Code     0  arm_startup_nrf52840.o(.text)
    QDEC_IRQHandler                          0x00000233   Thumb Code     0  arm_startup_nrf52840.o(.text)
    QSPI_IRQHandler                          0x00000233   Thumb Code     0  arm_startup_nrf52840.o(.text)
    RADIO_IRQHandler                         0x00000233   Thumb Code     0  arm_startup_nrf52840.o(.text)
    RNG_IRQHandler                           0x00000233   Thumb Code     0  arm_startup_nrf52840.o(.text)
    RTC0_IRQHandler                          0x00000233   Thumb Code     0  arm_startup_nrf52840.o(.text)
    RTC1_IRQHandler                          0x00000233   Thumb Code     0  arm_startup_nrf52840.o(.text)
    RTC2_IRQHandler                          0x00000233   Thumb Code     0  arm_startup_nrf52840.o(.text)
    SAADC_IRQHandler                         0x00000233   Thumb Code     0  arm_startup_nrf52840.o(.text)
    SPIM0_SPIS0_TWIM0_TWIS0_SPI0_TWI0_IRQHandler 0x00000233   Thumb Code     0  arm_startup_nrf52840.o(.text)
    SPIM1_SPIS1_TWIM1_TWIS1_SPI1_TWI1_IRQHandler 0x00000233   Thumb Code     0  arm_startup_nrf52840.o(.text)
    SPIM2_SPIS2_SPI2_IRQHandler              0x00000233   Thumb Code     0  arm_startup_nrf52840.o(.text)
    SPIM3_IRQHandler                         0x00000233   Thumb Code     0  arm_startup_nrf52840.o(.text)
    SWI0_EGU0_IRQHandler                     0x00000233   Thumb Code     0  arm_startup_nrf52840.o(.text)
    SWI1_EGU1_IRQHandler                     0x00000233   Thumb Code     0  arm_startup_nrf52840.o(.text)
    SWI2_EGU2_IRQHandler                     0x00000233   Thumb Code     0  arm_startup_nrf52840.o(.text)
    SWI3_EGU3_IRQHandler                     0x00000233   Thumb Code     0  arm_startup_nrf52840.o(.text)
    SWI4_EGU4_IRQHandler                     0x00000233   Thumb Code     0  arm_startup_nrf52840.o(.text)
    SWI5_EGU5_IRQHandler                     0x00000233   Thumb Code     0  arm_startup_nrf52840.o(.text)
    TEMP_IRQHandler                          0x00000233   Thumb Code     0  arm_startup_nrf52840.o(.text)
    TIMER1_IRQHandler                        0x00000233   Thumb Code     0  arm_startup_nrf52840.o(.text)
    TIMER2_IRQHandler                        0x00000233   Thumb Code     0  arm_startup_nrf52840.o(.text)
    TIMER3_IRQHandler                        0x00000233   Thumb Code     0  arm_startup_nrf52840.o(.text)
    TIMER4_IRQHandler                        0x00000233   Thumb Code     0  arm_startup_nrf52840.o(.text)
    UARTE0_UART0_IRQHandler                  0x00000233   Thumb Code     0  arm_startup_nrf52840.o(.text)
    UARTE1_IRQHandler                        0x00000233   Thumb Code     0  arm_startup_nrf52840.o(.text)
    USBD_IRQHandler                          0x00000233   Thumb Code     0  arm_startup_nrf52840.o(.text)
    WDT_IRQHandler                           0x00000233   Thumb Code     0  arm_startup_nrf52840.o(.text)
    __scatterload                            0x0000023d   Thumb Code    28  init.o(.text)
    __scatterload_rt2                        0x0000023d   Thumb Code     0  init.o(.text)
    GPIOTE_IRQHandler                        0x00000261   Thumb Code   156  nrfx_gpiote.o(i.GPIOTE_IRQHandler)
    SystemInit                               0x00000305   Thumb Code   406  system_nrf52840.o(i.SystemInit)
    TIMER0_IRQHandler                        0x000004d9   Thumb Code    70  nrfx_timer.o(i.TIMER0_IRQHandler)
    __scatterload_copy                       0x00000529   Thumb Code    14  handlers.o(i.__scatterload_copy)
    __scatterload_null                       0x00000537   Thumb Code     2  handlers.o(i.__scatterload_null)
    __scatterload_zeroinit                   0x00000539   Thumb Code    14  handlers.o(i.__scatterload_zeroinit)
    app_error_fault_handler                  0x00000549   Thumb Code    40  app_error_weak.o(i.app_error_fault_handler)
    app_error_handler_bare                   0x00000579   Thumb Code    22  app_error.o(i.app_error_handler_bare)
    app_util_critical_region_enter           0x0000058f   Thumb Code     4  app_util_platform.o(i.app_util_critical_region_enter)
    app_util_critical_region_exit            0x00000593   Thumb Code     4  app_util_platform.o(i.app_util_critical_region_exit)
    app_util_disable_irq                     0x00000599   Thumb Code    12  app_util_platform.o(i.app_util_disable_irq)
    app_util_enable_irq                      0x000005a9   Thumb Code    14  app_util_platform.o(i.app_util_enable_irq)
    main                                     0x000006c9   Thumb Code    60  main.o(i.main)
    nrf_drv_ppi_init                         0x00000721   Thumb Code    18  nrf_drv_ppi.o(i.nrf_drv_ppi_init)
    nrfx_gpiote_init                         0x0000086d   Thumb Code   104  nrfx_gpiote.o(i.nrfx_gpiote_init)
    nrfx_gpiote_out_init                     0x000008e1   Thumb Code   170  nrfx_gpiote.o(i.nrfx_gpiote_out_init)
    nrfx_gpiote_out_task_addr_get            0x00000999   Thumb Code    12  nrfx_gpiote.o(i.nrfx_gpiote_out_task_addr_get)
    nrfx_gpiote_out_task_enable              0x000009a9   Thumb Code    28  nrfx_gpiote.o(i.nrfx_gpiote_out_task_enable)
    nrfx_gpiote_out_task_get                 0x000009cd   Thumb Code    12  nrfx_gpiote.o(i.nrfx_gpiote_out_task_get)
    nrfx_ppi_channel_alloc                   0x000009d9   Thumb Code    88  nrfx_ppi.o(i.nrfx_ppi_channel_alloc)
    nrfx_ppi_channel_assign                  0x00000a39   Thumb Code    62  nrfx_ppi.o(i.nrfx_ppi_channel_assign)
    nrfx_ppi_channel_enable                  0x00000a7d   Thumb Code    36  nrfx_ppi.o(i.nrfx_ppi_channel_enable)
    nrfx_timer_compare                       0x00000aa5   Thumb Code    58  nrfx_timer.o(i.nrfx_timer_compare)
    nrfx_timer_enable                        0x00000ae1   Thumb Code    24  nrfx_timer.o(i.nrfx_timer_enable)
    nrfx_timer_extended_compare              0x00000afd   Thumb Code    42  nrfx_timer.o(i.nrfx_timer_extended_compare)
    nrfx_timer_init                          0x00000b29   Thumb Code   188  nrfx_timer.o(i.nrfx_timer_init)
    timer_dummy_handler                      0x00000cd9   Thumb Code     2  main.o(i.timer_dummy_handler)
    Region$$Table$$Base                      0x00000cf0   Number         0  anon$$obj.o(Region$$Table)
    Region$$Table$$Limit                     0x00000d10   Number         0  anon$$obj.o(Region$$Table)
    SystemCoreClock                          0x20000018   Data           4  system_nrf52840.o(.data)
    __initial_sp                             0x20002088   Data           0  arm_startup_nrf52840.o(STACK)



==============================================================================

Memory Map of the image

  Image Entry point : 0x00000201

  Load Region LR_IROM1 (Base: 0x00000000, Size: 0x00000d2c, Max: 0x00100000, ABSOLUTE)

    Execution Region ER_IROM1 (Exec base: 0x00000000, Load base: 0x00000000, Size: 0x00000d10, Max: 0x00100000, ABSOLUTE)

    Exec Addr    Load Addr    Size         Type   Attr      Idx    E Section Name        Object

    0x00000000   0x00000000   0x00000200   Data   RO         1796    RESET               arm_startup_nrf52840.o
    0x00000200   0x00000200   0x00000000   Code   RO         1852  * .ARM.Collect$$$$00000000  mc_w.l(entry.o)
    0x00000200   0x00000200   0x00000004   Code   RO         1861    .ARM.Collect$$$$00000001  mc_w.l(entry2.o)
    0x00000204   0x00000204   0x00000004   Code   RO         1864    .ARM.Collect$$$$00000004  mc_w.l(entry5.o)
    0x00000208   0x00000208   0x00000000   Code   RO         1866    .ARM.Collect$$$$00000008  mc_w.l(entry7b.o)
    0x00000208   0x00000208   0x00000000   Code   RO         1868    .ARM.Collect$$$$0000000A  mc_w.l(entry8b.o)
    0x00000208   0x00000208   0x00000008   Code   RO         1869    .ARM.Collect$$$$0000000B  mc_w.l(entry9a.o)
    0x00000210   0x00000210   0x00000004   Code   RO         1876    .ARM.Collect$$$$0000000E  mc_w.l(entry12b.o)
    0x00000214   0x00000214   0x00000000   Code   RO         1871    .ARM.Collect$$$$0000000F  mc_w.l(entry10a.o)
    0x00000214   0x00000214   0x00000000   Code   RO         1873    .ARM.Collect$$$$00000011  mc_w.l(entry11a.o)
    0x00000214   0x00000214   0x00000004   Code   RO         1862    .ARM.Collect$$$$00002712  mc_w.l(entry2.o)
    0x00000218   0x00000218   0x00000024   Code   RO         1797    .text               arm_startup_nrf52840.o
    0x0000023c   0x0000023c   0x00000024   Code   RO         1877    .text               mc_w.l(init.o)
    0x00000260   0x00000260   0x000000a4   Code   RO          481    i.GPIOTE_IRQHandler  nrfx_gpiote.o
    0x00000304   0x00000304   0x000001d4   Code   RO         1805    i.SystemInit        system_nrf52840.o
    0x000004d8   0x000004d8   0x00000050   Code   RO          974    i.TIMER0_IRQHandler  nrfx_timer.o
    0x00000528   0x00000528   0x0000000e   Code   RO         1881    i.__scatterload_copy  mc_w.l(handlers.o)
    0x00000536   0x00000536   0x00000002   Code   RO         1882    i.__scatterload_null  mc_w.l(handlers.o)
    0x00000538   0x00000538   0x0000000e   Code   RO         1883    i.__scatterload_zeroinit  mc_w.l(handlers.o)
    0x00000546   0x00000546   0x00000002   PAD
    0x00000548   0x00000548   0x00000030   Code   RO         1183    i.app_error_fault_handler  app_error_weak.o
    0x00000578   0x00000578   0x00000016   Code   RO         1107    i.app_error_handler_bare  app_error.o
    0x0000058e   0x0000058e   0x00000004   Code   RO         1237    i.app_util_critical_region_enter  app_util_platform.o
    0x00000592   0x00000592   0x00000004   Code   RO         1238    i.app_util_critical_region_exit  app_util_platform.o
    0x00000596   0x00000596   0x00000002   PAD
    0x00000598   0x00000598   0x00000010   Code   RO         1239    i.app_util_disable_irq  app_util_platform.o
    0x000005a8   0x000005a8   0x00000014   Code   RO         1240    i.app_util_enable_irq  app_util_platform.o
    0x000005bc   0x000005bc   0x0000001c   Code   RO          482    i.channel_free      nrfx_gpiote.o
    0x000005d8   0x000005d8   0x00000048   Code   RO          483    i.channel_port_alloc  nrfx_gpiote.o
    0x00000620   0x00000620   0x00000010   Code   RO          484    i.channel_port_get  nrfx_gpiote.o
    0x00000630   0x00000630   0x00000018   Code   RO          834    i.is_allocated_channel  nrfx_ppi.o
    0x00000648   0x00000648   0x0000000c   Code   RO          837    i.is_programmable_app_channel  nrfx_ppi.o
    0x00000654   0x00000654   0x00000074   Code   RO            4    i.led_blinking_setup  main.o
    0x000006c8   0x000006c8   0x00000048   Code   RO            5    i.main              main.o
    0x00000710   0x00000710   0x00000010   Code   RO          485    i.nrf_bitmask_bit_is_set  nrfx_gpiote.o
    0x00000720   0x00000720   0x00000018   Code   RO          307    i.nrf_drv_ppi_init  nrf_drv_ppi.o
    0x00000738   0x00000738   0x00000032   Code   RO          486    i.nrf_gpio_cfg      nrfx_gpiote.o
    0x0000076a   0x0000076a   0x00000030   Code   RO          488    i.nrf_gpio_cfg_sense_set  nrfx_gpiote.o
    0x0000079a   0x0000079a   0x00000002   PAD
    0x0000079c   0x0000079c   0x00000030   Code   RO          489    i.nrf_gpio_latches_read_and_clear  nrfx_gpiote.o
    0x000007cc   0x000007cc   0x00000014   Code   RO          490    i.nrf_gpio_pin_clear  nrfx_gpiote.o
    0x000007e0   0x000007e0   0x0000001c   Code   RO          491    i.nrf_gpio_pin_port_decode  nrfx_gpiote.o
    0x000007fc   0x000007fc   0x0000002c   Code   RO          492    i.nrf_gpio_pin_present_check  nrfx_gpiote.o
    0x00000828   0x00000828   0x00000014   Code   RO          494    i.nrf_gpio_pin_set  nrfx_gpiote.o
    0x0000083c   0x0000083c   0x00000014   Code   RO          495    i.nrf_gpiote_event_clear  nrfx_gpiote.o
    0x00000850   0x00000850   0x00000010   Code   RO          496    i.nrf_gpiote_event_is_set  nrfx_gpiote.o
    0x00000860   0x00000860   0x0000000c   Code   RO          975    i.nrf_timer_event_clear  nrfx_timer.o
    0x0000086c   0x0000086c   0x00000074   Code   RO          507    i.nrfx_gpiote_init  nrfx_gpiote.o
    0x000008e0   0x000008e0   0x000000b8   Code   RO          510    i.nrfx_gpiote_out_init  nrfx_gpiote.o
    0x00000998   0x00000998   0x00000010   Code   RO          512    i.nrfx_gpiote_out_task_addr_get  nrfx_gpiote.o
    0x000009a8   0x000009a8   0x00000024   Code   RO          514    i.nrfx_gpiote_out_task_enable  nrfx_gpiote.o
    0x000009cc   0x000009cc   0x0000000c   Code   RO          516    i.nrfx_gpiote_out_task_get  nrfx_gpiote.o
    0x000009d8   0x000009d8   0x00000060   Code   RO          838    i.nrfx_ppi_channel_alloc  nrfx_ppi.o
    0x00000a38   0x00000a38   0x00000044   Code   RO          839    i.nrfx_ppi_channel_assign  nrfx_ppi.o
    0x00000a7c   0x00000a7c   0x00000028   Code   RO          841    i.nrfx_ppi_channel_enable  nrfx_ppi.o
    0x00000aa4   0x00000aa4   0x0000003a   Code   RO          978    i.nrfx_timer_compare  nrfx_timer.o
    0x00000ade   0x00000ade   0x00000002   PAD
    0x00000ae0   0x00000ae0   0x0000001c   Code   RO          982    i.nrfx_timer_enable  nrfx_timer.o
    0x00000afc   0x00000afc   0x0000002a   Code   RO          983    i.nrfx_timer_extended_compare  nrfx_timer.o
    0x00000b26   0x00000b26   0x00000002   PAD
    0x00000b28   0x00000b28   0x000000c0   Code   RO          985    i.nrfx_timer_init   nrfx_timer.o
    0x00000be8   0x00000be8   0x0000001c   Code   RO          526    i.pin_configured_set  nrfx_gpiote.o
    0x00000c04   0x00000c04   0x000000c4   Code   RO          529    i.port_event_handle  nrfx_gpiote.o
    0x00000cc8   0x00000cc8   0x00000010   Code   RO          530    i.port_handler_polarity_get  nrfx_gpiote.o
    0x00000cd8   0x00000cd8   0x00000002   Code   RO            6    i.timer_dummy_handler  main.o
    0x00000cda   0x00000cda   0x00000002   PAD
    0x00000cdc   0x00000cdc   0x0000000c   Data   RO            7    .constdata          main.o
    0x00000ce8   0x00000ce8   0x00000008   Data   RO          532    .constdata          nrfx_gpiote.o
    0x00000cf0   0x00000cf0   0x00000020   Data   RO         1879    Region$$Table       anon$$obj.o


    Execution Region RW_IRAM1 (Exec base: 0x20000000, Load base: 0x00000d10, Size: 0x00002088, Max: 0x00040000, ABSOLUTE)

    Exec Addr    Load Addr    Size         Type   Attr      Idx    E Section Name        Object

    0x20000000   0x00000d10   0x00000008   Data   RW            8    .data               main.o
    0x20000008   0x00000d18   0x00000001   Data   RW          309    .data               nrf_drv_ppi.o
    0x20000009   0x00000d19   0x00000003   PAD
    0x2000000c   0x00000d1c   0x00000008   Data   RW          863    .data               nrfx_ppi.o
    0x20000014   0x00000d24   0x00000004   Data   RW         1243    .data               app_util_platform.o
    0x20000018   0x00000d28   0x00000004   Data   RW         1806    .data               system_nrf52840.o
    0x2000001c        -       0x0000005c   Zero   RW          531    .bss                nrfx_gpiote.o
    0x20000078        -       0x0000000c   Zero   RW          990    .bss                nrfx_timer.o
    0x20000084   0x00000d2c   0x00000004   PAD
    0x20000088        -       0x00002000   Zero   RW         1794    STACK               arm_startup_nrf52840.o


==============================================================================

Image component sizes


      Code (inc. data)   RO Data    RW Data    ZI Data      Debug   Object Name

        22          0          0          0          0       2517   app_error.o
        48          8          0          0          0      30865   app_error_weak.o
        44         10          0          4          0       3344   app_util_platform.o
        36          8        512          0       8192        936   arm_startup_nrf52840.o
       190         24         12          8          0      74873   main.o
        24          6          0          1          0        963   nrf_drv_ppi.o
      1194        100          8          0         92      67537   nrfx_gpiote.o
       240         22          0          8          0      10557   nrfx_ppi.o
       412         18          0          0         12      47849   nrfx_timer.o
       468         62          0          4          0      12815   system_nrf52840.o

    ----------------------------------------------------------------------
      2688        258        564         28       8300     252256   Object Totals
         0          0         32          0          0          0   (incl. Generated)
        10          0          0          3          4          0   (incl. Padding)

    ----------------------------------------------------------------------

      Code (inc. data)   RO Data    RW Data    ZI Data      Debug   Library Member Name

         0          0          0          0          0          0   entry.o
         0          0          0          0          0          0   entry10a.o
         0          0          0          0          0          0   entry11a.o
         4          0          0          0          0          0   entry12b.o
         8          4          0          0          0          0   entry2.o
         4          0          0          0          0          0   entry5.o
         0          0          0          0          0          0   entry7b.o
         0          0          0          0          0          0   entry8b.o
         8          4          0          0          0          0   entry9a.o
        30          0          0          0          0          0   handlers.o
        36          8          0          0          0         68   init.o

    ----------------------------------------------------------------------
        92         16          0          0          0         68   Library Totals
         2          0          0          0          0          0   (incl. Padding)

    ----------------------------------------------------------------------

      Code (inc. data)   RO Data    RW Data    ZI Data      Debug   Library Name

        90         16          0          0          0         68   mc_w.l

    ----------------------------------------------------------------------
        92         16          0          0          0         68   Library Totals

    ----------------------------------------------------------------------

==============================================================================


      Code (inc. data)   RO Data    RW Data    ZI Data      Debug   

      2780        274        564         28       8300     248628   Grand Totals
      2780        274        564         28       8300     248628   ELF Image Totals
      2780        274        564         28          0          0   ROM Totals

==============================================================================

    Total RO  Size (Code + RO Data)                 3344 (   3.27kB)
    Total RW  Size (RW Data + ZI Data)              8328 (   8.13kB)
    Total ROM Size (Code + RO Data + RW Data)       3372 (   3.29kB)

==============================================================================

